******************************************************************************
               TMS320C6x Linker PC v7.2.0                      
******************************************************************************
>> Linked Wed Jul 20 15:06:21 2016

OUTPUT FILE NAME:   <Shape_based_Matching_Algorithm.out>
ENTRY POINT SYMBOL: "_c_int00"  address: 20156e80


MEMORY CONFIGURATION

         name            origin    length      used     unused   attr    fill
----------------------  --------  ---------  --------  --------  ----  --------
  RAM                   00000001   fffffffe  20314d18  dfceb2e6  RWIX


SECTION ALLOCATION MAP

 output                                  attributes/
section   page    origin      length       input sections
--------  ----  ----------  ----------   ----------------
.data      0    00000008    00000000     UNINITIALIZED

.stack     0    00000008    10000000     UNINITIALIZED
                  00000008    00000008     rts6400.lib : boot.obj (.stack)
                  00000010    0ffffff8     --HOLE--

.sysmem    0    10000008    10000000     UNINITIALIZED
                  10000008    00000008     rts6400.lib : memory.obj (.sysmem)
                  10000010    0ffffff8     --HOLE--

.pinit     0    20000008    0000000c     
                  20000008    00000004     FS_EMCV_v4_001.lib : cvhistogram.obj (.pinit)
                  2000000c    00000004                        : cxpersistence.obj (.pinit)
                  20000010    00000004     --HOLE-- [fill = 0]

.text      0    20000020    00157400     
                  20000020    00038060     FS_EMCV_v4_001.lib : cxconvert.obj (.text)
                  20038080    0002f8a0                        : cxarithm.obj (.text)
                  20067920    00019e80                        : cvfilter.obj (.text)
                  200817a0    00018c60                        : cxpersistence.obj (.text)
                  2009a400    00016540                        : cxmeansdv.obj (.text)
                  200b0940    00015a80                        : cvpyramids.obj (.text)
                  200c63c0    00011dc0                        : cxarray.obj (.text)
                  200d8180    00010860                        : cxdxt.obj (.text)
                  200e89e0    0000ff80                        : cxdatastructs.obj (.text)
                  200f8960    0000f380                        : cxsumpixels.obj (.text)
                  20107ce0    0000dfa0                        : cvhistogram.obj (.text)
                  20115c80    00009e20                        : cxmathfuncs.obj (.text)
                  2011faa0    00007300                        : cvaccum.obj (.text)
                  20126da0    00006640                        : cxcopy.obj (.text)
                  2012d3e0    00005da0                        : cxmean.obj (.text)
                  20133180    00004860                        : cvderiv.obj (.text)
                  201379e0    00004380                        : cxminmaxloc.obj (.text)
                  2013bd60    00002aa0                        : cxlut.obj (.text)
                  2013e800    000028e0                        : cvtemplmatch.obj (.text)
                  201410e0    000027c0     ModelBuilding.obj (.text)
                  201438a0    000021a0     FS_EMCV_v4_001.lib : cvutils.obj (.text)
                  20145a40    000018e0                        : cvcanny.obj (.text)
                  20147320    00001120     su_alloc.obj (.text)
                  20148440    00001060     FS_EMCV_v4_001.lib : cxerror.obj (.text)
                  201494a0    00000e40                        : cvsumpixels.obj (.text)
                  2014a2e0    00000700     rts6400.lib : divd.obj (.text:__divd)
                  2014a9e0    00000620                 : _printfi.obj (.text:__getarg_diouxp)
                  2014b000    000005c0                 : strtod.obj (.text:_strtod)
                  2014b5c0    000005a0     FS_EMCV_v4_001.lib : cvthresh.obj (.text)
                  2014bb60    00000540     main.obj (.text)
                  2014c0a0    00000500     rts6400.lib : _printfi.obj (.text:__setfield)
                  2014c5a0    00000500                 : strtol.obj (.text:_strtol)
                  2014caa0    000004e0                 : _printfi.obj (.text:__printfi)
                  2014cf80    000004c0                 : cos.obj (.text:_cos)
                  2014d440    00000460                 : divf.obj (.text:__divf)
                  2014d8a0    00000460                 : sin.obj (.text:_sin)
                  2014dd00    00000400                 : _printfi.obj (.text:_fcvt)
                  2014e100    000003c0                 : addf.obj (.text:__addf)
                  2014e4c0    000003c0                 : fgets.obj (.text:__dofgets)
                  2014e880    000003c0                 : _printfi.obj (.text:_ecvt)
                  2014ec40    000003a0                 : _printfi.obj (.text:__pproc_fge)
                  2014efe0    00000380                 : exp.obj (.text:_exp)
                  2014f360    00000340                 : _printfi.obj (.text:__pproc_fwp)
                  2014f6a0    00000340                 : fputs.obj (.text:_fputs)
                  2014f9e0    00000320                 : _printfi.obj (.text:__pconv_e)
                  2014fd00    00000300                 : memory.obj (.text:_memalign)
                  20150000    000002e0                 : memory.obj (.text:_free)
                  201502e0    000002c0                 : imath64.obj (.text:__divull)
                  201505a0    000002c0                 : sqrt.obj (.text:_sqrt)
                  20150860    00000280                 : mpyd.obj (.text:__mpyd)
                  20150ae0    00000280                 : _printfi.obj (.text:__pproc_diouxp)
                  20150d60    00000260                 : addd.obj (.text:__addd)
                  20150fc0    00000260                 : frcaddd.obj (.text:__frcaddd)
                  20151220    00000260                 : frcmpyd_div.obj (.text:__frcmpyd_div)
                  20151480    00000260                 : _printfi.obj (.text:__pconv_g)
                  201516e0    00000260                 : _printfi.obj (.text:__pproc_str)
                  20151940    00000240                 : mpyf.obj (.text:__mpyf)
                  20151b80    00000240                 : ldexp.obj (.text:_ldexp)
                  20151dc0    00000220                 : _printfi.obj (.text:__mcpy)
                  20151fe0    00000200                 : trgdrv.obj (.text:_HOSTrename)
                  201521e0    000001e0                 : fopen.obj (.text:__openfile)
                  201523c0    000001e0                 : frexp.obj (.text:_frexp)
                  201525a0    000001c0                 : memory.obj (.text:_malloc)
                  20152760    000001c0                 : lowlev.obj (.text:_open)
                  20152920    000001c0                 : setvbuf.obj (.text:_setvbuf)
                  20152ae0    000001a0                 : imath40.obj (.text:__divul)
                  20152c80    00000180                 : lowlev.obj (.text:_getdevice)
                  20152e00    00000160                 : _printfi.obj (.text:__ltostr)
                  20152f60    00000160                 : round.obj (.text:__nround)
                  201530c0    00000160                 : _printfi.obj (.text:__pproc_fflags)
                  20153220    00000160                 : fputc.obj (.text:_fputc)
                  20153380    00000140                 : _bufread.obj (.text:__buff_read)
                  201534c0    00000140                 : fopen.obj (.text:__search_fp)
                  20153600    00000140                 : fclose.obj (.text:_fclose)
                  20153740    00000120                 : trgdrv.obj (.text:_HOSTlseek)
                  20153860    00000120                 : autoinit.obj (.text:__auto_init)
                  20153980    00000120                 : fixdlli.obj (.text:__fixdlli)
                  20153aa0    00000120                 : frcmpyd.obj (.text:__frcmpyd)
                  20153bc0    00000120                 : atoi.obj (.text:_atoi)
                  20153ce0    00000100                 : trgdrv.obj (.text:_HOSTopen)
                  20153de0    00000100                 : trgdrv.obj (.text:_HOSTread)
                  20153ee0    00000100                 : trgdrv.obj (.text:_HOSTwrite)
                  20153fe0    00000100                 : divi.obj (.text:__divi)
                  201540e0    00000100                 : fltllid.obj (.text:__fltllid)
                  201541e0    00000100                 : strasg.obj (.text:__strasgi)
                  201542e0    00000100                 : _io_perm.obj (.text:__wrt_ok)
                  201543e0    00000100                 : sinit.obj (.text:_call_dtors)
                  201544e0    00000100                 : lowlev.obj (.text:_close)
                  201545e0    00000100                 : exit.obj (.text:_exit)
                  201546e0    00000100                 : fflush.obj (.text:_fflush)
                  201547e0    00000100                 : fseek.obj (.text:_fseek)
                  201548e0    00000100                 : lowlev.obj (.text:_lseek)
                  201549e0    00000100                 : ltoa.obj (.text:_ltoa)
                  20154ae0    00000100                 : memset.obj (.text:_memset)
                  20154be0    00000100                 : lowlev.obj (.text:_read)
                  20154ce0    00000100                 : lowlev.obj (.text:_write)
                  20154de0    000000e0                 : trgdrv.obj (.text:_HOSTunlink)
                  20154ec0    000000e0                 : fopen.obj (.text:__cleanup)
                  20154fa0    000000e0                 : cmpd.obj (.text:__cmpd)
                  20155080    000000e0                 : _printfi.obj (.text:__div)
                  20155160    000000e0                 : fflush.obj (.text:__doflush)
                  20155240    000000e0                 : _printfi.obj (.text:__pconv_f)
                  20155320    000000e0                 : ftell.obj (.text:_ftell)
                  20155400    000000e0                 : memcpy64.obj (.text:_memcpy)
                  201554e0    000000e0                 : modf.obj (.text:_modf)
                  201555c0    000000c0                 : trgdrv.obj (.text:_HOSTclose)
                  20155680    000000c0                 : new_.obj (.text:___nw__FUi)
                  20155740    000000c0                 : cvtdf.obj (.text:__cvtdf)
                  20155800    000000c0                 : divu.obj (.text:__divu)
                  201558c0    000000c0                 : _printfi.obj (.text:__ecpy)
                  20155980    000000c0                 : _printfi.obj (.text:__fcpy)
                  20155a40    000000c0                 : _io_perm.obj (.text:__rd_ok)
                  20155b00    000000c0                 : remi.obj (.text:__remi)
                  20155bc0    000000c0                 : memory.obj (.text:_minsert)
                  20155c80    000000c0                 : memory.obj (.text:_mremove)
                  20155d40    000000c0                 : strstr.obj (.text:_strstr)
                  20155e00    000000c0                 : lowlev.obj (.text:_tabinit)
                  20155ec0    000000a0     FS_EMCV_v4_001.lib : cxalloc.obj (.text)
                  20155f60    000000a0     rts6400.lib : cmpf.obj (.text:__cmpf)
                  20156000    000000a0                 : imath40.obj (.text:__divli)
                  201560a0    000000a0                 : fixdi.obj (.text:__fixdi)
                  20156140    000000a0                 : fixdli.obj (.text:__fixdli)
                  201561e0    000000a0                 : fixfi.obj (.text:__fixfi)
                  20156280    000000a0                 : frcmpyf_div.obj (.text:__frcmpyf_div)
                  20156320    000000a0                 : remu.obj (.text:__remu)
                  201563c0    000000a0                 : renormd.obj (.text:__renormd)
                  20156460    000000a0                 : cpy_tbl.obj (.text:_copy_in)
                  20156500    000000a0                 : lowlev.obj (.text:_finddevice)
                  201565a0    000000a0                 : rand.obj (.text:_rand)
                  20156640    00000080                 : fltlid.obj (.text:__fltlid)
                  201566c0    00000080                 : llshift.obj (.text:__llshl)
                  20156740    00000080                 : mpyll.obj (.text:__mpyll)
                  201567c0    00000080                 : fopen.obj (.text:_fopen)
                  20156840    00000080                 : fprintf.obj (.text:_fprintf)
                  201568c0    00000080                 : memccpy.obj (.text:_memccpy)
                  20156940    00000080                 : trgmsg.obj (.text:_readmsg)
                  201569c0    00000080                 : sprintf.obj (.text:_sprintf)
                  20156a40    00000080                 : lowlev.obj (.text:_unlink)
                  20156ac0    00000060                 : assert.obj (.text:__abort_msg)
                  20156b20    00000060                 : cvtfd.obj (.text:__cvtfd)
                  20156b80    00000060                 : fltid.obj (.text:__fltid)
                  20156be0    00000060                 : fltif.obj (.text:__fltif)
                  20156c40    00000060                 : frcmpyf.obj (.text:__frcmpyf)
                  20156ca0    00000060                 : llshift.obj (.text:__llshru)
                  20156d00    00000060                 : sprintf.obj (.text:__outs)
                  20156d60    00000060                 : imath40.obj (.text:__remli)
                  20156dc0    00000060                 : imath40.obj (.text:__remul)
                  20156e20    00000060                 : imath64.obj (.text:__subcull)
                  20156e80    00000060                 : boot.obj (.text:_c_int00)
                  20156ee0    00000060                 : memmov.obj (.text:_memmove)
                  20156f40    00000060                 : trgmsg.obj (.text:_writemsg)
                  20156fa0    00000040                 : sinit.obj (.text:___add_dtor)
                  20156fe0    00000040                 : isinf.obj (.text:___isinf)
                  20157020    00000040                 : _printfi.obj (.text:___isnan)
                  20157060    00000040                 : divd.obj (.text:___isnan)
                  201570a0    00000040                 : divf.obj (.text:___isnanf)
                  201570e0    00000040                 : args_main.obj (.text:__args_main)
                  20157120    00000040                 : fltud.obj (.text:__fltud)
                  20157160    00000040                 : fltuf.obj (.text:__fltuf)
                  201571a0    00000040                 : negd.obj (.text:__negd)
                  201571e0    00000040                 : negf.obj (.text:__negf)
                  20157220    00000040                 : subd.obj (.text:__subd)
                  20157260    00000040                 : subf.obj (.text:__subf)
                  201572a0    00000020                 : newhandler.obj (.text:___default_new_handler__Fv)
                  201572c0    00000020                 : delete.obj (.text:___dl__FPv)
                  201572e0    00000020                 : negll.obj (.text:__negll)
                  20157300    00000020                 : _lock.obj (.text:__nop)
                  20157320    00000020                 : fprintf.obj (.text:__outc)
                  20157340    00000020                 : sprintf.obj (.text:__outc)
                  20157360    00000020                 : fprintf.obj (.text:__outs)
                  20157380    00000020                 : trunc.obj (.text:__trunc)
                  201573a0    00000020                 : exit.obj (.text:_abort)
                  201573c0    00000020                 : feof.obj (.text:_feof)
                  201573e0    00000020                 : fgets.obj (.text:_fgets)
                  20157400    00000020                 : remove.obj (.text:_remove)

.far       0    20157420    000ea268     UNINITIALIZED
                  20157420    000c0000     main.obj (.far)
                  20217420    000100b5     FS_EMCV_v4_001.lib : cvaccum.obj (.far)
                  202274d5    00000003     --HOLE--
                  202274d8    000080e7                        : cxconvert.obj (.far)
                  2022f5bf    00000001     --HOLE--
                  2022f5c0    0000804e                        : cxmeansdv.obj (.far)
                  2023760e    00000002     --HOLE--
                  20237610    00004081                        : cxsumpixels.obj (.far)
                  2023b691    00000003     --HOLE--
                  2023b694    00000004     rts6400.lib : errno.obj (.far)
                  2023b698    00004026     FS_EMCV_v4_001.lib : cxmean.obj (.far)
                  2023f6be    00000002     --HOLE--
                  2023f6c0    000005cc                        : cxpersistence.obj (.far)
                  2023fc8c    00000004     rts6400.lib : fopen.obj (.far)
                  2023fc90    0000058f     FS_EMCV_v4_001.lib : cxdatastructs.obj (.far)
                  2024021f    00000001     --HOLE--
                  20240220    00000444                        : cxarray.obj (.far)
                  20240664    00000004     rts6400.lib : sinit.obj (.far)
                  20240668    000001c1     FS_EMCV_v4_001.lib : cxcopy.obj (.far)
                  20240829    00000003     --HOLE--
                  2024082c    00000004     rts6400.lib : vars.obj (.far)
                  20240830    00000194                 : defs.obj (.far)
                  202409c4    00000004     --HOLE--
                  202409c8    00000188                 : atexit.obj (.far)
                  20240b50    0000017c     FS_EMCV_v4_001.lib : cvhistogram.obj (.far)
                  20240ccc    00000004     --HOLE--
                  20240cd0    00000146                        : cxdxt.obj (.far)
                  20240e16    00000002     --HOLE--
                  20240e18    0000013e                        : cxarithm.obj (.far)
                  20240f56    00000002     --HOLE--
                  20240f58    00000125                        : cvfilter.obj (.far)
                  2024107d    00000003     --HOLE--
                  20241080    00000100                        : cxerror.obj (.far)
                  20241180    000000d0     rts6400.lib : trgdrv.obj (.far)
                  20241250    000000cc                 : lowlev.obj (.far)
                  2024131c    00000004     --HOLE--
                  20241320    0000008c     FS_EMCV_v4_001.lib : cxminmaxloc.obj (.far)
                  202413ac    00000004     --HOLE--
                  202413b0    00000072                        : cvpyramids.obj (.far)
                  20241422    00000006     --HOLE--
                  20241428    00000063                        : cxmathfuncs.obj (.far)
                  2024148b    00000005     --HOLE--
                  20241490    00000056                        : cxlut.obj (.far)
                  202414e6    00000002     --HOLE--
                  202414e8    00000040     rts6400.lib : cos.obj (.far)
                  20241528    00000040                 : sin.obj (.far)
                  20241568    00000030                 : exp.obj (.far)
                  20241598    0000002e     FS_EMCV_v4_001.lib : cvderiv.obj (.far)
                  202415c6    00000002     --HOLE--
                  202415c8    00000029                        : cvutils.obj (.far)
                  202415f1    00000007     --HOLE--
                  202415f8    00000028                        : cvcanny.obj (.far)
                  20241620    00000020                        : cvtemplmatch.obj (.far)
                  20241640    00000010                        : cvsumpixels.obj (.far)
                  20241650    0000000c                        : cvthresh.obj (.far)
                  2024165c    0000000c     rts6400.lib : exit.obj (.far)
                  20241668    00000008     FS_EMCV_v4_001.lib : cxalloc.obj (.far)
                  20241670    00000008     rts6400.lib : _lock.obj (.far)
                  20241678    00000008                 : memory.obj (.far)
                  20241680    00000008                 : rand.obj (.far)

.cinit     0    20241688    000c3b2c     
                  20241688    000c0008     main.obj (.cinit)
                  20301690    0000087c     FS_EMCV_v4_001.lib : cxpersistence.obj (.cinit)
                  20301f0c    00000004     --HOLE-- [fill = 0]
                  20301f10    000007c7                        : cxdatastructs.obj (.cinit)
                  203026d7    00000001     --HOLE-- [fill = 0]
                  203026d8    0000064c                        : cxarray.obj (.cinit)
                  20302d24    00000004     --HOLE-- [fill = 0]
                  20302d28    0000032d                        : cvfilter.obj (.cinit)
                  20303055    00000003     --HOLE-- [fill = 0]
                  20303058    00000326                        : cvderiv.obj (.cinit)
                  2030337e    00000002     --HOLE-- [fill = 0]
                  20303380    00000326                        : cxmeansdv.obj (.cinit)
                  203036a6    00000002     --HOLE-- [fill = 0]
                  203036a8    000002fe                        : cxdxt.obj (.cinit)
                  203039a6    00000002     --HOLE-- [fill = 0]
                  203039a8    000002e3                        : cxmathfuncs.obj (.cinit)
                  20303c8b    00000005     --HOLE-- [fill = 0]
                  20303c90    000002cf                        : cxconvert.obj (.cinit)
                  20303f5f    00000001     --HOLE-- [fill = 0]
                  20303f60    00000229                        : cxsumpixels.obj (.cinit)
                  20304189    00000007     --HOLE-- [fill = 0]
                  20304190    00000215                        : cvaccum.obj (.cinit)
                  203043a5    00000003     --HOLE-- [fill = 0]
                  203043a8    0000020c                        : cvhistogram.obj (.cinit)
                  203045b4    00000004     --HOLE-- [fill = 0]
                  203045b8    000001e9                        : cxcopy.obj (.cinit)
                  203047a1    00000007     --HOLE-- [fill = 0]
                  203047a8    000001a6                        : cxarithm.obj (.cinit)
                  2030494e    00000002     --HOLE-- [fill = 0]
                  20304950    0000019e                        : cxmean.obj (.cinit)
                  20304aee    00000002     --HOLE-- [fill = 0]
                  20304af0    00000139                        : cvutils.obj (.cinit)
                  20304c29    00000007     --HOLE-- [fill = 0]
                  20304c30    000000e4                        : cxminmaxloc.obj (.cinit)
                  20304d14    00000004     --HOLE-- [fill = 0]
                  20304d18    000000e2                        : cvpyramids.obj (.cinit)
                  20304dfa    00000006     --HOLE-- [fill = 0]
                  20304e00    00000090                        : cvtemplmatch.obj (.cinit)
                  20304e90    0000005c     rts6400.lib : defs.obj (.cinit)
                  20304eec    00000004     --HOLE-- [fill = 0]
                  20304ef0    0000005c                 : lowlev.obj (.cinit)
                  20304f4c    00000004     --HOLE-- [fill = 0]
                  20304f50    00000048                 : cos.obj (.cinit)
                  20304f98    00000048                 : sin.obj (.cinit)
                  20304fe0    00000040                 : exp.obj (.cinit)
                  20305020    00000030     FS_EMCV_v4_001.lib : cvcanny.obj (.cinit)
                  20305050    0000002c     rts6400.lib : exit.obj (.cinit)
                  2030507c    00000004     --HOLE-- [fill = 0]
                  20305080    0000002c                 : memory.obj (.cinit)
                  203050ac    00000004     --HOLE-- [fill = 0]
                  203050b0    0000001e     FS_EMCV_v4_001.lib : cxlut.obj (.cinit)
                  203050ce    00000002     --HOLE-- [fill = 0]
                  203050d0    0000001c     rts6400.lib : _lock.obj (.cinit)
                  203050ec    00000004     --HOLE-- [fill = 0]
                  203050f0    0000001c                 : atexit.obj (.cinit)
                  2030510c    00000004     --HOLE-- [fill = 0]
                  20305110    00000018     FS_EMCV_v4_001.lib : cvsumpixels.obj (.cinit)
                  20305128    00000014                        : cvthresh.obj (.cinit)
                  2030513c    00000004     --HOLE-- [fill = 0]
                  20305140    00000010                        : cxalloc.obj (.cinit)
                  20305150    00000010     rts6400.lib : rand.obj (.cinit)
                  20305160    0000000c     FS_EMCV_v4_001.lib : cxerror.obj (.cinit)
                  2030516c    00000004     --HOLE-- [fill = 0]
                  20305170    0000000c     rts6400.lib : errno.obj (.cinit)
                  2030517c    00000004     --HOLE-- [fill = 0]
                  20305180    0000000c                 : fopen.obj (.cinit)
                  2030518c    00000004     --HOLE-- [fill = 0]
                  20305190    0000000c                 : sinit.obj (.cinit)
                  2030519c    00000004     --HOLE-- [fill = 0]
                  203051a0    0000000c                 : vars.obj (.cinit)
                  203051ac    00000004     --HOLE-- [fill = 0]
                  203051b0    00000004     (.pad.cinit) [fill = 0]

.const     0    203051b8    0000eef8     
                  203051b8    00002259     FS_EMCV_v4_001.lib : cxpersistence.obj (.const:.string)
                  20307411    00001d1a                        : cxdatastructs.obj (.const:.string)
                  2030912b    00000003     rts6400.lib : assert.obj (.const:.string)
                  2030912e    00000002                 : fputs.obj (.const:.string)
                  20309130    000019cc     FS_EMCV_v4_001.lib : cxdxt.obj (.const:_icvOptimalDFTSize)
                  2030aafc    000010b5                        : cxarray.obj (.const:.string)
                  2030bbb1    00000007     --HOLE-- [fill = 0]
                  2030bbb8    00001000                        : cxmathfuncs.obj (.const:_icvLogTab)
                  2030cbb8    00000c00                        : cvtables.obj (.const:_icv8x32fTab_cv)
                  2030d7b8    000009d1                        : cxdxt.obj (.const:.string)
                  2030e189    0000086b                        : cvpyramids.obj (.const:.string)
                  2030e9f4    000007d0                        : cvfilter.obj (.const:.string)
                  2030f1c4    000006be                        : cvhistogram.obj (.const:.string)
                  2030f882    00000006     --HOLE-- [fill = 0]
                  2030f888    00000600                        : cvtables.obj (.const:_icv8x32fSqrTab)
                  2030fe88    00000600                        : cxtables.obj (.const:_icv8x32fTab)
                  20310488    00000598                        : cxarithm.obj (.const:.string)
                  20310a20    000004bc                        : cxconvert.obj (.const:.string)
                  20310edc    000004b0                        : cxsumpixels.obj (.const:.string)
                  2031138c    00000004     --HOLE-- [fill = 0]
                  20311390    000003fe                        : cxtables.obj (.const:_icv8x16uSqrTab)
                  2031178e    000003ae                        : cxerror.obj (.const:.string)
                  20311b3c    00000346                        : cvtemplmatch.obj (.const:.string)
                  20311e82    00000006     --HOLE-- [fill = 0]
                  20311e88    00000301                        : cxtables.obj (.const:_icvSaturate8u)
                  20312189    00000007     --HOLE-- [fill = 0]
                  20312190    00000300                        : cvtables.obj (.const:_my8x16uSqrTab)
                  20312490    000002f3                        : cvderiv.obj (.const:.string)
                  20312783    00000001     --HOLE-- [fill = 0]
                  20312784    000002f0     ModelBuilding.obj (.const:.string)
                  20312a74    00000218     FS_EMCV_v4_001.lib : cvsumpixels.obj (.const:.string)
                  20312c8c    00000004     --HOLE-- [fill = 0]
                  20312c90    00000200                        : cxdxt.obj (.const:_icvDxtTab)
                  20312e90    00000200                        : cxmathfuncs.obj (.const:_icvExpTab)
                  20313090    00000200                        : cxmathfuncs.obj (.const:_sin_table$5)
                  20313290    0000017a                        : cvutils.obj (.const:.string)
                  2031340a    0000011d                        : cxcopy.obj (.const:.string)
                  20313527    00000001     --HOLE-- [fill = 0]
                  20313528    00000101     rts6400.lib : ctype.obj (.const:__ctypes_)
                  20313629    000000f5     FS_EMCV_v4_001.lib : cvthresh.obj (.const:.string)
                  2031371e    00000002     --HOLE-- [fill = 0]
                  20313720    000000f0                        : cxdxt.obj (.const:_icvDctScale$5)
                  20313810    000000bf                        : cxmathfuncs.obj (.const:.string)
                  203138cf    0000009e                        : cxmeansdv.obj (.const:.string)
                  2031396d    0000009c                        : cxlut.obj (.const:.string)
                  20313a09    0000009b                        : cxmean.obj (.const:.string)
                  20313aa4    00000004     --HOLE-- [fill = 0]
                  20313aa8    00000098                        : cxarray.obj (.const)
                  20313b40    00000078                        : cvaccum.obj (.const:.string)
                  20313bb8    00000068                        : cvderiv.obj (.const:___vtbl__15CvLaplaceFilter)
                  20313c20    00000061                        : cxminmaxloc.obj (.const:.string)
                  20313c81    00000007     --HOLE-- [fill = 0]
                  20313c88    00000060                        : cxsumpixels.obj (.const)
                  20313ce8    00000060                        : cvfilter.obj (.const:___vtbl__11CvSepFilter)
                  20313d48    00000050                        : cvfilter.obj (.const:___vtbl__14CvLinearFilter)
                  20313d98    00000050     rts6400.lib : strtod.obj (.const:_digits)
                  20313de8    00000048     FS_EMCV_v4_001.lib : cvfilter.obj (.const:___vtbl__17CvBaseImageFilter)
                  20313e30    00000048     rts6400.lib : strtod.obj (.const:_powerof10)
                  20313e78    00000046     FS_EMCV_v4_001.lib : cvcanny.obj (.const:.string)
                  20313ebe    00000002     --HOLE-- [fill = 0]
                  20313ec0    00000040                        : cxmeansdv.obj (.const)
                  20313f00    00000040                        : cvfilter.obj (.const:_small_gaussian_tab$8)
                  20313f40    00000029                        : cxalloc.obj (.const:.string)
                  20313f69    00000023     rts6400.lib : _printfi.obj (.const:.string)
                  20313f8c    00000004     --HOLE-- [fill = 0]
                  20313f90    00000020     FS_EMCV_v4_001.lib : cxmean.obj (.const)
                  20313fb0    00000020                        : cxmathfuncs.obj (.const:_icvAtanSign)
                  20313fd0    00000020                        : cxmathfuncs.obj (.const:_icvAtanTab)
                  20313ff0    00000020                        : cxdatastructs.obj (.const:_icvPower2ShiftTab)
                  20314010    00000012                        : cxpersistence.obj (.const:_$P$T3$33)
                  20314022    00000006     --HOLE-- [fill = 0]
                  20314028    00000012                        : cxtables.obj (.const:_icvDepthToType)
                  2031403a    00000006     --HOLE-- [fill = 0]
                  20314040    00000010                        : cxdxt.obj (.const:_log2tab)
                  20314050    00000010                        : cxmathfuncs.obj (.const:_shift$22)
                  20314060    00000010                        : cxmathfuncs.obj (.const:_shift$26)
                  20314070    0000000c                        : cxdatastructs.obj (.const)
                  2031407c    00000004     --HOLE-- [fill = 0]
                  20314080    00000009                        : cxpersistence.obj (.const:_icvTypeSymbol)
                  20314089    00000003     --HOLE-- [fill = 0]
                  2031408c    00000008                        : cxconvert.obj (.const)
                  20314094    00000004     --HOLE-- [fill = 0]
                  20314098    00000008                        : cvcanny.obj (.const:_$P$T2$1)
                  203140a0    00000008     rts6400.lib : divd.obj (.const:_initial_approx$1)
                  203140a8    00000008                 : divf.obj (.const:_initial_approx$1)

.bss       0    203140b0    000006fc     UNINITIALIZED
                  203140b0    0000011c     FS_EMCV_v4_001.lib : cxmathfuncs.obj (.bss)
                  203141cc    000000c4                        : cxmeansdv.obj (.bss)
                  20314290    000000b8                        : cvderiv.obj (.bss)
                  20314348    00000098                        : cxconvert.obj (.bss)
                  203143e0    00000088                        : cxdxt.obj (.bss)
                  20314468    0000007c                        : cxsumpixels.obj (.bss)
                  203144e4    00000070                        : cvaccum.obj (.bss)
                  20314554    0000006c                        : cvfilter.obj (.bss)
                  203145c0    00000064                        : cxcopy.obj (.bss)
                  20314624    00000064                        : cxmean.obj (.bss)
                  20314688    0000004c                        : cxarithm.obj (.bss)
                  203146d4    00000040                        : cvutils.obj (.bss)
                  20314714    00000034                        : cxminmaxloc.obj (.bss)
                  20314748    00000030                        : cvpyramids.obj (.bss)
                  20314778    00000018                        : cvtemplmatch.obj (.bss)
                  20314790    0000000c                        : cxpersistence.obj (.bss)
                  2031479c    00000008                        : cvcanny.obj (.bss)
                  203147a4    00000004                        : cxerror.obj (.bss)
                  203147a8    00000004                        : cxlut.obj (.bss)

.switch    0    203147ac    00000464     
                  203147ac    000000a8     FS_EMCV_v4_001.lib : cxerror.obj (.switch:_cvErrorStr)
                  20314854    00000060                        : cxerror.obj (.switch:_cvErrorFromIppStatus)
                  203148b4    00000040                        : cxpersistence.obj (.switch:_cvReadRawDataSlice)
                  203148f4    00000020                        : cvhistogram.obj (.switch:_cvCompareHist)
                  20314914    00000020                        : cxarray.obj (.switch:_cvRawDataToScalar)
                  20314934    00000020                        : cxpersistence.obj (.switch:_cvWriteRawData)
                  20314954    00000020                        : cxconvert.obj (.switch:_icvCvtScaleTo_16s_C1R__FPCUciPsT26CvSizedT6T2)
                  20314974    00000020                        : cxconvert.obj (.switch:_icvCvtScaleTo_16u_C1R__FPCUciPUsT26CvSizedT6T2)
                  20314994    00000020                        : cxconvert.obj (.switch:_icvCvtScaleTo_32f_C1R__FPCUciPfT26CvSizedT6T2)
                  203149b4    00000020                        : cxconvert.obj (.switch:_icvCvtScaleTo_32s_C1R__FPCUciPiT26CvSizedT6T2)
                  203149d4    00000020                        : cxconvert.obj (.switch:_icvCvtScaleTo_64f_C1R__FPCUciPdT26CvSizedT6T2)
                  203149f4    00000020                        : cxconvert.obj (.switch:_icvCvtScaleTo_8s_C1R__FPCUciPcT26CvSizedT6T2)
                  20314a14    00000020                        : cxconvert.obj (.switch:_icvCvtScaleTo_8u_C1R__FPCUciPUcT26CvSizedT6T2)
                  20314a34    00000020                        : cxconvert.obj (.switch:_icvCvtTo_16s_C1R__FPCUciPsT26CvSizeT2)
                  20314a54    00000020                        : cxconvert.obj (.switch:_icvCvtTo_16u_C1R__FPCUciPUsT26CvSizeT2)
                  20314a74    00000020                        : cxconvert.obj (.switch:_icvCvtTo_32f_C1R__FPCUciPfT26CvSizeT2)
                  20314a94    00000020                        : cxconvert.obj (.switch:_icvCvtTo_32s_C1R__FPCUciPiT26CvSizeT2)
                  20314ab4    00000020                        : cxconvert.obj (.switch:_icvCvtTo_8s_C1R__FPCUciPcT26CvSizeT2)
                  20314ad4    00000020                        : cxconvert.obj (.switch:_icvCvtTo_8u_C1R__FPCUciPUcT26CvSizeT2)
                  20314af4    0000001c                        : cxarray.obj (.switch:_cvGetReal1D)
                  20314b10    0000001c                        : cxarray.obj (.switch:_cvGetReal2D)
                  20314b2c    0000001c                        : cxarray.obj (.switch:_cvGetReal3D)
                  20314b48    0000001c                        : cxarray.obj (.switch:_cvGetRealND)
                  20314b64    0000001c                        : cxarray.obj (.switch:_cvScalarToRawData)
                  20314b80    00000018                        : cxconvert.obj (.switch:_icvCvtTo_64f_C1R__FPCUciPdT26CvSizeT2)
                  20314b98    00000014                        : cxarray.obj (.switch:_cvSetReal1D)
                  20314bac    00000014                        : cxarray.obj (.switch:_cvSetReal2D)
                  20314bc0    00000014                        : cxarray.obj (.switch:_cvSetReal3D)
                  20314bd4    00000014                        : cxarray.obj (.switch:_cvSetRealND)
                  20314be8    00000014                        : cxconvert.obj (.switch:_icvCvtScaleAbsTo_8u_C1R__FPCUciPUcT26CvSizedT6T2)
                  20314bfc    00000014                        : cxpersistence.obj (.switch:_icvWriteFileNode__FP13CvFileStoragePCcPC10CvFileNode)

.cio       0    20314c10    00000120     UNINITIALIZED
                  20314c10    00000120     rts6400.lib : trgmsg.obj (.cio)


GLOBAL SYMBOLS: SORTED ALPHABETICALLY BY Name 

address    name
--------   ----
203140b0   $bss
203140b0   .bss
00000008   .data
20000020   .text
201573a0   C$$EXIT
20156f98   C$$IO$$
20146e30   _AdaptiveFindThreshold
201555c0   _HOSTclose
20153740   _HOSTlseek
20153ce0   _HOSTopen
20153de0   _HOSTread
20151fe0   _HOSTrename
20154de0   _HOSTunlink
20153ee0   _HOSTwrite
20314c10   __CIOBUF_
10000008   __STACK_END
10000000   __STACK_SIZE
10000000   __SYSMEM_SIZE
00000001   __TI_args_main
2009a0a8   ___CPR116____ct__6CvTypeFPCcPFKPCv_iPFKPPv_vPFKP13CvFileStorageP10CvFileNode_PvPFKPJ37JPCcPCv10CvAttrList_vPFKPCv_Pv
20241664   ___TI_enable_exit_profile_output
ffffffff   ___TI_pprof_out_hndl
ffffffff   ___TI_prof_data_size
ffffffff   ___TI_prof_data_start
20156fa0   ___add_dtor
202409c8   ___atexit_func_id__
ffffffff   ___binit__
203140b0   ___bss__
ffffffff   ___c_args__
20241688   ___cinit__
20081610   ___ct__11CvSepFilterFiN21PC5CvMatT47CvPointT18CvScalar
20081504   ___ct__11CvSepFilterFv
200813a0   ___ct__14CvLinearFilterFiN21PC5CvMat7CvPointT18CvScalar
20080740   ___ct__14CvLinearFilterFv
201378c8   ___ct__15CvLaplaceFilterFiN21bN218CvScalar
201372a8   ___ct__15CvLaplaceFilterFv
20081260   ___ct__17CvBaseImageFilterFiN21b6CvSize7CvPointT18CvScalar
200806b8   ___ct__17CvBaseImageFilterFv
00000008   ___data__
201572a0   ___default_new_handler__Fv
201572c0   ___dl__FPv
2007c528   ___dt__11CvSepFilterFv
20079780   ___dt__14CvLinearFilterFv
201367a0   ___dt__15CvLaplaceFilterFv
200796e0   ___dt__17CvBaseImageFilterFv
2008ebe0   ___dt__6CvTypeFv
00000008   ___edata__
203147ac   ___end__
20157420   ___etext__
20156fe0   ___isinf
20155680   ___nw__FUi
20000008   ___pinit__
20115c08   ___sti___15_cvhistogram_cpp_94fcd9cc
2009a18c   ___sti___17_cxpersistence_cpp_seq_type
20000020   ___text__
20313ce8   ___vtbl__11CvSepFilter
20313d48   ___vtbl__14CvLinearFilter
20313bb8   ___vtbl__15CvLaplaceFilter
20313de8   ___vtbl__17CvBaseImageFilter
20156ac0   __abort_msg
20150d60   __addd
2014e100   __addf
201570e0   __args_main
20153860   __auto_init
20153380   __buff_read
20153fe0   __c6xabi_divi
20155800   __c6xabi_divu
20155b00   __c6xabi_remi
20156320   __c6xabi_remu
201541e0   __c6xabi_strasgi
20154ec0   __cleanup
2024165c   __cleanup_ptr
20154fa0   __cmpd
20155f60   __cmpf
20313528   __ctypes_
20155740   __cvtdf
20156b20   __cvtfd
2014a2e0   __divd
2014d440   __divf
20153fe0   __divi
20156000   __divli
20155800   __divu
20152ae0   __divul
201502e0   __divull
20155160   __doflush
20241660   __dtors_ptr
201560a0   __fixdi
20156140   __fixdli
20153980   __fixdlli
201561e0   __fixfi
20156b80   __fltid
20156be0   __fltif
20156640   __fltlid
201540e0   __fltllid
20157120   __fltud
20157160   __fltuf
20150fc0   __frcaddd
20153aa0   __frcmpyd
20151220   __frcmpyd_div
20156c40   __frcmpyf
20156280   __frcmpyf_div
202409c0   __ft_end
20240830   __ftable
201566c0   __llshl
20156ca0   __llshru
20241670   __lock
20150860   __mpyd
20151940   __mpyf
20156740   __mpyll
201571a0   __negd
201571e0   __negf
201572e0   __negll
2024082c   __new_handler
20157300   __nop
20152f60   __nround
2014caa0   __printfi
20155a40   __rd_ok
20155b00   __remi
20156d60   __remli
20156320   __remu
20156dc0   __remul
201563c0   __renormd
00000008   __stack
201541e0   __strasgi
20156e20   __subcull
20157220   __subd
20157260   __subf
10000008   __sys_memory
20240920   __tmpnams
20157380   __trunc
20241674   __unlock
201542e0   __wrt_ok
201573a0   _abort
20147560   _alloc1double__FUi
201474a0   _alloc1float__FUi
201473e0   _alloc1int__FUi
20147320   _alloc1longlong__FUi
2014759c   _alloc2double__FUiT1
201474dc   _alloc2float__FUiT1
2014741c   _alloc2int__FUiT1
2014735c   _alloc2longlong__FUiT1
201475dc   _alloc3double__FUiN21
2014751c   _alloc3float__FUiN21
2014745c   _alloc3int__FUiN21
2014739c   _alloc3longlong__FUiN21
20153bc0   _atoi
20157420   _beauty_gray
20156e80   _c_int00
201543e0   _call_dtors
2007c458   _clear__11CvSepFilterFv
200795f4   _clear__14CvLinearFilterFv
200795b8   _clear__17CvBaseImageFilterFv
201544e0   _close
20156460   _copy_in
2014cf80   _cos
2012658c   _cvAcc
200664c0   _cvAdd
200653c0   _cvAddS
20064d98   _cvAddWeighted
20155ed8   _cvAlloc
2008b270   _cvAttrValue
20132840   _cvAvg
200afde0   _cvAvgSdv
20115580   _cvCalcArrBackProject
20111ee8   _cvCalcArrBackProjectPatch
2010db90   _cvCalcArrHist
20111aa0   _cvCalcBayesianProb
201114ec   _cvCalcProbDensity
20145a40   _cvCanny
2011ed6c   _cvCartToPolar
2011e140   _cvCbrt
200eb2a0   _cvChangeSeqBlock
2011de00   _cvCheckArr
200d7f4c   _cvCheckTermCriteria
200f87a8   _cvClearGraph
20111480   _cvClearHist
200f8740   _cvClearMemStorage
200d7bf0   _cvClearND
200f8608   _cvClearSeq
200f8660   _cvClearSet
20099ea8   _cvClone
200f7de0   _cvCloneGraph
200d79b4   _cvCloneImage
200d7790   _cvCloneMat
200d71c0   _cvCloneMatND
200d6fac   _cvCloneSparseMat
2010f5d0   _cvCompareHist
200371c8   _cvConvertScale
20036dc4   _cvConvertScaleAbs
2012be4c   _cvCopy
201094e4   _cvCopyHist
201454ac   _cvCopyMakeBorder
20107588   _cvCountNonZero
200f1500   _cvCreateChildMemStorage
200d5364   _cvCreateData
200f7c28   _cvCreateGraph
200f77e8   _cvCreateGraphScanner
20109090   _cvCreateHist
200d6c20   _cvCreateImage
200d6ac4   _cvCreateImageHeader
200d6344   _cvCreateMat
200d5ea0   _cvCreateMatHeader
200d57e0   _cvCreateMatND
200d4fa0   _cvCreateMatNDHeader
200f1340   _cvCreateMemStorage
200e91a0   _cvCreateSeq
200f18cc   _cvCreateSeqBlock
200f7540   _cvCreateSet
200d4aa0   _cvCreateSparseMat
200f730c   _cvCvtSeqToArray
200e7cc0   _cvDCT
200e57a0   _cvDFT
20063ee8   _cvDiv
200f19c4   _cvEndWriteSeq
2008ff40   _cvEndWriteStruct
2010eb40   _cvEqualizeHist
20149240   _cvError
201490f0   _cvErrorFromIppStatus
20148448   _cvErrorStr
2011d800   _cvExp
2011a1d0   _cvFastArctan
2008082c   _cvFilter2D
200f7000   _cvFindGraphEdge
200f6608   _cvFindGraphEdgeByPtr
2008e9c4   _cvFindType
20099e9c   _cvFirstType
2012b724   _cvFlip
200f17a0   _cvFlushSeqWriter
20155ec0   _cvFree_
200d4648   _cvGet1D
200d4200   _cvGet2D
200d3ee0   _cvGet3D
200d3c20   _cvGetCols
200d38f0   _cvGetDiag
200d35e0   _cvGetDimSize
200cc108   _cvGetDims
200d348c   _cvGetElemType
20148f18   _cvGetErrInfo
201487d4   _cvGetErrMode
20148e88   _cvGetErrStatus
200922c0   _cvGetFileNode
20084c68   _cvGetFileNodeByName
200999c4   _cvGetFileNodeName
20091f80   _cvGetHashedKey
200d32c0   _cvGetImage
200d3240   _cvGetImageCOI
200d3144   _cvGetImageROI
200cc560   _cvGetMat
2010aa2c   _cvGetMinMaxHistValue
200d2e60   _cvGetND
200da18c   _cvGetOptimalDFTSize
200d2ac8   _cvGetRawData
200d2544   _cvGetReal1D
200d1fe0   _cvGetReal2D
200d1a00   _cvGetReal3D
200d160c   _cvGetRealND
20099e14   _cvGetRootFileNode
200d12e0   _cvGetRows
200eab94   _cvGetSeqElem
200eb3e0   _cvGetSeqReaderPos
200d11c0   _cvGetSize
200d0e68   _cvGetSubRect
200f6ce0   _cvGraphAddEdge
200f6780   _cvGraphAddEdgeByPtr
200f6420   _cvGraphAddVtx
200f6140   _cvGraphRemoveEdge
200f59a0   _cvGraphRemoveEdgeByPtr
200f5e80   _cvGraphRemoveVtx
200f5ce8   _cvGraphRemoveVtxByPtr
200f5700   _cvGraphVtxDegree
200f55c8   _cvGraphVtxDegreeByPtr
20148ca8   _cvGuiBoxReport
200d08e4   _cvInitImageHeader
200cc320   _cvInitMatHeader
200d05e0   _cvInitMatNDHeader
200cfd40   _cvInitNArrayIterator
200c63c0   _cvInitSparseMatIterator
200e94a0   _cvInitTreeNodeIterator
200f54c8   _cvInsertNodeIntoTree
20149bb0   _cvIntegral
201494a0   _cvIntegralImage_8u32s64s_C1R__FPCUciPiT2PLT2T3T26CvSize
2013de68   _cvLUT
20137340   _cvLaplace
200999f0   _cvLoad
2011d220   _cvLog
2010a820   _cvMakeHistHeaderForArray
200f2e60   _cvMakeSeqHeaderForArray
2013fcd8   _cvMatchTemplate
200e8dc0   _cvMemStorageAlloc
200f53a0   _cvMemStorageAllocString
20032400   _cvMerge
2013b040   _cvMinMaxLoc
200318e8   _cvMixChannels
20063240   _cvMul
200d8180   _cvMulSpectrums
20125e20   _cvMultiplyAcc
200f4ee4   _cvNextGraphItem
200cfbd8   _cvNextNArraySlice
200e9520   _cvNextTreeNode
2010a2a8   _cvNormalizeHist
20148c10   _cvNulDevReport
20098084   _cvOpenFileStorage
20143ec0   _cvPointSeqFromMat
2011c240   _cvPolarToCart
2011aca8   _cvPow
200f4aa8   _cvPrevTreeNode
200c84e0   _cvPtr1D
200c6c60   _cvPtr2D
200c7860   _cvPtr3D
200c71c0   _cvPtrND
200c5c70   _cvPyrDown
200c56f4   _cvPyrUp
200cf360   _cvRawDataToScalar
2008ec4c   _cvRead
200865c0   _cvReadRawData
20085600   _cvReadRawDataSlice
20148b60   _cvRedirectError
20106964   _cvReduce
20099664   _cvRegisterType
20099468   _cvRelease
200cafcc   _cvReleaseData
20091020   _cvReleaseFileStorage
200f48e0   _cvReleaseGraphScanner
20108968   _cvReleaseHist
200cf088   _cvReleaseImage
200cefe0   _cvReleaseImageHeader
200ced60   _cvReleaseMat
200f1cc0   _cvReleaseMemStorage
200cec68   _cvReleaseSparseMat
200f47c0   _cvRemoveNodeFromTree
2012aec0   _cvRepeat
200cebd0   _cvResetImageROI
200ce644   _cvReshape
200cd6a0   _cvReshapeMatND
200e8a40   _cvRestoreMemStoragePos
20125730   _cvRunningAvg
20098fd4   _cvSave
200e89e0   _cvSaveMemStoragePos
200c90e4   _cvScalarToRawData
200f4680   _cvSeqElemIdx
200f3f64   _cvSeqInsert
200f30e0   _cvSeqInsertSlice
200f2a80   _cvSeqInvert
200f1da0   _cvSeqPartition
200f0200   _cvSeqPop
200efce0   _cvSeqPopFront
200eed64   _cvSeqPopMulti
200e9c80   _cvSeqPush
200f104c   _cvSeqPushFront
200eda00   _cvSeqPushMulti
200f0720   _cvSeqRemove
200ef3ec   _cvSeqRemoveSlice
200ee600   _cvSeqSearch
200ede50   _cvSeqSlice
200eb4c0   _cvSeqSort
2012a104   _cvSet
200cbf00   _cvSet1D
200cbd08   _cvSet2D
200cba80   _cvSet3D
200eaf0c   _cvSetAdd
200cb230   _cvSetData
20148ac0   _cvSetErrMode
20148a28   _cvSetErrStatus
20108b14   _cvSetHistBinRanges
200cade8   _cvSetImageCOI
200cab68   _cvSetImageROI
200caaa0   _cvSetND
200c8bc0   _cvSetReal1D
200c7fa8   _cvSetReal2D
200c7a60   _cvSetReal3D
200c7480   _cvSetRealND
200eacd0   _cvSetRemove
200e9060   _cvSetSeqBlockSize
200ea7a8   _cvSetSeqReaderPos
20129ac0   _cvSetZero
200ea754   _cvSliceLength
20136834   _cvSobel
200311b0   _cvSplit
201250ac   _cvSquareAcc
200ea3e0   _cvStartAppendToSeq
20091800   _cvStartNextStream
20085084   _cvStartReadRawData
200ea600   _cvStartReadSeq
200ea4e0   _cvStartWriteSeq
200903f0   _cvStartWriteStruct
20148864   _cvStdErrReport
20061e00   _cvSub
20060d08   _cvSubRS
20105c64   _cvSum
20109fc0   _cvThreshHist
2014b5c0   _cvThreshold
200e9f48   _cvTreeToNodeSeq
20091488   _cvTypeOf
2008ea54   _cvUnregisterType
20091500   _cvWrite
20091360   _cvWriteComment
200911c8   _cvWriteFileNode
2008faa0   _cvWriteInt
20086d60   _cvWriteRawData
20090bc0   _cvWriteReal
2008f460   _cvWriteString
20240664   _dtors
2023b694   _errno
201545e0   _exit
2014efe0   _exp
20153600   _fclose
201573c0   _feof
201546e0   _fflush
201573e0   _fgets
2007d4e0   _fill_cyclic_buffer__17CvBaseImageFilterFPCUciN32
20314790   _first__6CvType
201567c0   _fopen
20156840   _fprintf
20153220   _fputc
2014f6a0   _fputs
20150000   _free
20147580   _free1double__FPd
201474c0   _free1float__FPf
20147400   _free1int__FPi
20147340   _free1longlong__FPL
201475c0   _free2double__FPPd
20147500   _free2float__FPPf
20147440   _free2int__FPPi
20147380   _free2longlong__FPPL
20147604   _free3double__FPPPd
20147544   _free3float__FPPPf
20147484   _free3int__FPPPi
201473c4   _free3longlong__FPPPL
201523c0   _frexp
201547e0   _fseek
20155320   _ftell
201365a0   _get_work_params__15CvLaplaceFilterFv
2007c800   _get_work_params__17CvBaseImageFilterFv
20240b50   _hist_type
20311390   _icv8x16uSqrTab
2030f888   _icv8x32fSqrTab
2030fe88   _icv8x32fTab
2030cbb8   _icv8x32fTab_cv
20124e24   _icvAddProduct_32f_C1IMR__FPCfiT1T2PCUcT2PfT26CvSize
20314518   _icvAddProduct_32f_C1IMR_p
20124d9c   _icvAddProduct_32f_C1IR__FPCfiT1T2PfT26CvSize
203144f8   _icvAddProduct_32f_C1IR_p
20124eac   _icvAddProduct_32f_C3IMR__FPCfiT1T2PCUcT2PfT26CvSize
20314538   _icvAddProduct_32f_C3IMR_p
20124de0   _icvAddProduct_8u32f_C1IMR__FPCUciT1T2T1T2PfT26CvSize
20314514   _icvAddProduct_8u32f_C1IMR_p
20124d58   _icvAddProduct_8u32f_C1IR__FPCUciT1T2PfT26CvSize
203144f4   _icvAddProduct_8u32f_C1IR_p
20124e68   _icvAddProduct_8u32f_C3IMR__FPCUciT1T2T1T2PfT26CvSize
20314534   _icvAddProduct_8u32f_C3IMR_p
20124c8c   _icvAddSquare_32f_C1IMR__FPCfiPCUcT2PfT26CvSize
20314510   _icvAddSquare_32f_C1IMR_p
20124c14   _icvAddSquare_32f_C1IR__FPCfiPfT26CvSize
203144f0   _icvAddSquare_32f_C1IR_p
20124d14   _icvAddSquare_32f_C3IMR__FPCfiPCUcT2PfT26CvSize
20314530   _icvAddSquare_32f_C3IMR_p
20124c48   _icvAddSquare_8u32f_C1IMR__FPCUciT1T2PfT26CvSize
2031450c   _icvAddSquare_8u32f_C1IMR_p
20124be0   _icvAddSquare_8u32f_C1IR__FPCUciPfT26CvSize
203144ec   _icvAddSquare_8u32f_C1IR_p
20124cd0   _icvAddSquare_8u32f_C3IMR__FPCUciT1T2PfT26CvSize
2031452c   _icvAddSquare_8u32f_C3IMR_p
20124f9c   _icvAddWeighted_32f_C1IMR__FPCfiPCUcT2PfT26CvSizef
20314520   _icvAddWeighted_32f_C1IMR_p
20124f24   _icvAddWeighted_32f_C1IR__FPCfiPfT26CvSizef
20314500   _icvAddWeighted_32f_C1IR_p
20125024   _icvAddWeighted_32f_C3IMR__FPCfiPCUcT2PfT26CvSizef
20314540   _icvAddWeighted_32f_C3IMR_p
20124f58   _icvAddWeighted_8u32f_C1IMR__FPCUciT1T2PfT26CvSizef
2031451c   _icvAddWeighted_8u32f_C1IMR_p
20124ef0   _icvAddWeighted_8u32f_C1IR__FPCUciPfT26CvSizef
203144fc   _icvAddWeighted_8u32f_C1IR_p
20124fe0   _icvAddWeighted_8u32f_C3IMR__FPCUciT1T2PfT26CvSizef
2031453c   _icvAddWeighted_8u32f_C3IMR_p
20060bb4   _icvAdd_16s_C1R__FPCsiT1T2PsT26CvSizeT2
20314690   _icvAdd_16s_C1R_p
20060b70   _icvAdd_16u_C1R__FPCUsiT1T2PUsT26CvSizeT2
2031468c   _icvAdd_16u_C1R_p
20124b58   _icvAdd_32f_C1IMR__FPCfiPCUcT2PfT26CvSize
20314508   _icvAdd_32f_C1IMR_p
20124ae0   _icvAdd_32f_C1IR__FPCfiPfT26CvSize
203144e8   _icvAdd_32f_C1IR_p
20060c3c   _icvAdd_32f_C1R__FPCfiT1T2PfT26CvSize
20314698   _icvAdd_32f_C1R_p
20124b9c   _icvAdd_32f_C3IMR__FPCfiPCUcT2PfT26CvSize
20314528   _icvAdd_32f_C3IMR_p
20060bf8   _icvAdd_32s_C1R__FPCiiT1T2PiT26CvSize
20314694   _icvAdd_32s_C1R_p
20060c80   _icvAdd_64f_C1R__FPCdiT1T2PdT26CvSize
2031469c   _icvAdd_64f_C1R_p
20124b14   _icvAdd_8u32f_C1IMR__FPCUciT1T2PfT26CvSize
20314504   _icvAdd_8u32f_C1IMR_p
20124aac   _icvAdd_8u32f_C1IR__FPCUciPfT26CvSize
203144e4   _icvAdd_8u32f_C1IR_p
20125068   _icvAdd_8u32f_C3IMR__FPCUciT1T2PfT26CvSize
20314524   _icvAdd_8u32f_C3IMR_p
20060b2c   _icvAdd_8u_C1R__FPCUciT1T2PUcT26CvSizeT2
20314688   _icvAdd_8u_C1R_p
2031479c   _icvCannyGetSize_p
203147a0   _icvCanny_16s8u_C1R_p
2011ac74   _icvCheckArray_32f_C1R__FPCfi6CvSizeT2dT5
203140f8   _icvCheckArray_32f_C1R_p
2011ac40   _icvCheckArray_64f_C1R__FPCdi6CvSizeT2dT5
203140fc   _icvCheckArray_64f_C1R_p
203146f8   _icvCopyReplicateBorder_16s_C1IR_p
203146d8   _icvCopyReplicateBorder_16s_C1R_p
20314704   _icvCopyReplicateBorder_16s_C3IR_p
203146e4   _icvCopyReplicateBorder_16s_C3R_p
20314708   _icvCopyReplicateBorder_16s_C4IR_p
203146e8   _icvCopyReplicateBorder_16s_C4R_p
20314700   _icvCopyReplicateBorder_32s_C1IR_p
203146e0   _icvCopyReplicateBorder_32s_C1R_p
2031470c   _icvCopyReplicateBorder_32s_C3IR_p
203146ec   _icvCopyReplicateBorder_32s_C3R_p
20314710   _icvCopyReplicateBorder_32s_C4IR_p
203146f0   _icvCopyReplicateBorder_32s_C4R_p
203146f4   _icvCopyReplicateBorder_8u_C1IR_p
203146d4   _icvCopyReplicateBorder_8u_C1R_p
203146fc   _icvCopyReplicateBorder_8u_C3IR_p
203146dc   _icvCopyReplicateBorder_8u_C3R_p
201438a0   _icvCopyReplicateBorder_8u__FPCUci6CvSizePUcT2T3N32T1
20030fd0   _icvCopy_16s_C1CnCR__FPCUsiPUsT26CvSizeN22
203143bc   _icvCopy_16s_C1CnCR_p
201296e0   _icvCopy_16s_C1MR__FPCUsiPUsT26CvSizePCUcT2
203145f0   _icvCopy_16s_C1MR_p
20030a88   _icvCopy_16s_C2P2R__FPCUsiPPUsT26CvSize
20314354   _icvCopy_16s_C2P2R_p
2012977c   _icvCopy_16s_C3MR__FPCUsiPUsT26CvSizePCUcT2
203145fc   _icvCopy_16s_C3MR_p
20030abc   _icvCopy_16s_C3P3R__FPCUsiPPUsT26CvSize
20314358   _icvCopy_16s_C3P3R_p
201297b0   _icvCopy_16s_C4MR__FPCLiPLT26CvSizePCUcT2
20314600   _icvCopy_16s_C4MR_p
20030af0   _icvCopy_16s_C4P4R__FPCUsiPPUsT26CvSize
2031435c   _icvCopy_16s_C4P4R_p
20030c90   _icvCopy_16s_CnC1CR__FPCUsiPUsT26CvSizeN22
2031437c   _icvCopy_16s_CnC1CR_p
20030dc8   _icvCopy_16s_P2C2R__FPPCUsiPUsT26CvSize
20314394   _icvCopy_16s_P2C2R_p
20030dfc   _icvCopy_16s_P3C3R__FPPCUsiPUsT26CvSize
20314398   _icvCopy_16s_P3C3R_p
20030e30   _icvCopy_16s_P4C4R__FPPCUsiPUsT26CvSize
2031439c   _icvCopy_16s_P4C4R_p
20031004   _icvCopy_32f_C1CnCR__FPCiiPiT26CvSizeN22
203143c0   _icvCopy_32f_C1CnCR_p
20030b24   _icvCopy_32f_C2P2R__FPCiiPPiT26CvSize
20314360   _icvCopy_32f_C2P2R_p
201297e4   _icvCopy_32f_C3MR__FPCiiPiT26CvSizePCUcT2
20314604   _icvCopy_32f_C3MR_p
20030b58   _icvCopy_32f_C3P3R__FPCiiPPiT26CvSize
20314364   _icvCopy_32f_C3P3R_p
20129818   _icvCopy_32f_C4MR__FPCiiPiT26CvSizePCUcT2
20314608   _icvCopy_32f_C4MR_p
20030b8c   _icvCopy_32f_C4P4R__FPCiiPPiT26CvSize
20314368   _icvCopy_32f_C4P4R_p
20030cc4   _icvCopy_32f_CnC1CR__FPCiiPiT26CvSizeN22
20314380   _icvCopy_32f_CnC1CR_p
20030e64   _icvCopy_32f_P2C2R__FPPCiiPiT26CvSize
203143a0   _icvCopy_32f_P2C2R_p
20030e98   _icvCopy_32f_P3C3R__FPPCiiPiT26CvSize
203143a4   _icvCopy_32f_P3C3R_p
20030ecc   _icvCopy_32f_P4C4R__FPPCiiPiT26CvSize
203143a8   _icvCopy_32f_P4C4R_p
20031038   _icvCopy_64f_C1CnCR__FPCLiPLT26CvSizeN22
203143c4   _icvCopy_64f_C1CnCR_p
20030bc0   _icvCopy_64f_C2P2R__FPCLiPPLT26CvSize
2031436c   _icvCopy_64f_C2P2R_p
20030bf4   _icvCopy_64f_C3P3R__FPCLiPPLT26CvSize
20314370   _icvCopy_64f_C3P3R_p
20030c28   _icvCopy_64f_C4P4R__FPCLiPPLT26CvSize
20314374   _icvCopy_64f_C4P4R_p
20030cf8   _icvCopy_64f_CnC1CR__FPCLiPLT26CvSizeN22
20314384   _icvCopy_64f_CnC1CR_p
20030f00   _icvCopy_64f_P2C2R__FPPCLiPLT26CvSize
203143ac   _icvCopy_64f_P2C2R_p
20030f34   _icvCopy_64f_P3C3R__FPPCLiPLT26CvSize
203143b0   _icvCopy_64f_P3C3R_p
20030f68   _icvCopy_64f_P4C4R__FPPCLiPLT26CvSize
203143b4   _icvCopy_64f_P4C4R_p
2012984c   _icvCopy_64s_C3MR__FPCLiPLT26CvSizePCUcT2
2031460c   _icvCopy_64s_C3MR_p
20129880   _icvCopy_64s_C4MR__FPCLiPLT26CvSizePCUcT2
20314610   _icvCopy_64s_C4MR_p
20030f9c   _icvCopy_8u_C1CnCR__FPCUciPUcT26CvSizeN22
203143b8   _icvCopy_8u_C1CnCR_p
201296ac   _icvCopy_8u_C1MR__FPCUciPUcT26CvSizeT1T2
203145ec   _icvCopy_8u_C1MR_p
20129a84   _icvCopy_8u_C1R__FPCUciPUcT26CvSize
203145c0   _icvCopy_8u_C1R_p
200309ec   _icvCopy_8u_C2P2R__FPCUciPPUcT26CvSize
20314348   _icvCopy_8u_C2P2R_p
20129714   _icvCopy_8u_C3MR__FPCUciPUcT26CvSizeT1T2
203145f4   _icvCopy_8u_C3MR_p
20030a20   _icvCopy_8u_C3P3R__FPCUciPPUcT26CvSize
2031434c   _icvCopy_8u_C3P3R_p
20129748   _icvCopy_8u_C4MR__FPCiiPiT26CvSizePCUcT2
203145f8   _icvCopy_8u_C4MR_p
20030a54   _icvCopy_8u_C4P4R__FPCUciPPUcT26CvSize
20314350   _icvCopy_8u_C4P4R_p
20030c5c   _icvCopy_8u_CnC1CR__FPCUciPUcT26CvSizeN22
20314378   _icvCopy_8u_CnC1CR_p
20030d2c   _icvCopy_8u_P2C2R__FPPCUciPUcT26CvSize
20314388   _icvCopy_8u_P2C2R_p
20030d60   _icvCopy_8u_P3C3R__FPPCUciPUcT26CvSize
2031438c   _icvCopy_8u_P3C3R_p
20030d94   _icvCopy_8u_P4C4R__FPPCUciPUcT26CvSize
20314390   _icvCopy_8u_P4C4R_p
20105b60   _icvCountNonZero_16s_C1R__FPCUsi6CvSizePi
203144cc   _icvCountNonZero_16s_C1R_p
20105bc8   _icvCountNonZero_32f_C1R__FPCii6CvSizePi
203144d4   _icvCountNonZero_32f_C1R_p
20105b94   _icvCountNonZero_32s_C1R__FPCii6CvSizePi
203144d0   _icvCountNonZero_32s_C1R_p
20105bfc   _icvCountNonZero_64f_C1R__FPCLi6CvSizePi
203144d8   _icvCountNonZero_64f_C1R_p
20105b2c   _icvCountNonZero_8u_C1R__FPCUci6CvSizePi
203144c8   _icvCountNonZero_8u_C1R_p
20314788   _icvCrossCorrValid_NormLevel_32f_C1R_p
2031477c   _icvCrossCorrValid_NormLevel_8u32f_C1R_p
20314784   _icvCrossCorrValid_Norm_32f_C1R_p
20314778   _icvCrossCorrValid_Norm_8u32f_C1R_p
2013e800   _icvCrossCorr__FPCvT1Pv7CvPoint
2003107c   _icvCvt_32f64f__FPCfPdi
203143c8   _icvCvt_32f64f_p
2003106c   _icvCvt_64f32f__FPCdPfi
203143cc   _icvCvt_64f32f_p
203143e4   _icvDFTFree_C_32fc_p
203143f8   _icvDFTFree_C_64fc_p
2031440c   _icvDFTFree_R_32f_p
20314420   _icvDFTFree_R_64f_p
203143ec   _icvDFTFwd_CToC_32fc_p
20314400   _icvDFTFwd_CToC_64fc_p
20314414   _icvDFTFwd_RToPack_32f_p
20314428   _icvDFTFwd_RToPack_64f_p
203143e8   _icvDFTGetBufSize_C_32fc_p
203143fc   _icvDFTGetBufSize_C_64fc_p
20314410   _icvDFTGetBufSize_R_32f_p
20314424   _icvDFTGetBufSize_R_64f_p
203143e0   _icvDFTInitAlloc_C_32fc_p
203143f4   _icvDFTInitAlloc_C_64fc_p
20314408   _icvDFTInitAlloc_R_32f_p
2031441c   _icvDFTInitAlloc_R_64f_p
203143f0   _icvDFTInv_CToC_32fc_p
20314404   _icvDFTInv_CToC_64fc_p
20314418   _icvDFTInv_PackToR_32f_p
2031442c   _icvDFTInv_PackToR_64f_p
20314028   _icvDepthToType
2011ac30   _icvExp_32f__FPCfPfi
203140e0   _icvExp_32f_p
2011ac20   _icvExp_64f__FPCdPdi
203140e4   _icvExp_64f_p
2011ac10   _icvFastArctan_32f__FPCfT1Pfi
203140b0   _icvFastArctan_32f_p
20314584   _icvFilterColumn_16s_C1R_p
20314588   _icvFilterColumn_16s_C3R_p
2031458c   _icvFilterColumn_16s_C4R_p
20314590   _icvFilterColumn_32f_C1R_p
20314594   _icvFilterColumn_32f_C3R_p
20314598   _icvFilterColumn_32f_C4R_p
20314578   _icvFilterColumn_8u_C1R_p
2031457c   _icvFilterColumn_8u_C3R_p
20314580   _icvFilterColumn_8u_C4R_p
20314344   _icvFilterLaplacianBorder_32f_C1R_p
2031433c   _icvFilterLaplacianBorder_8u16s_C1R_p
20314340   _icvFilterLaplacianGetBufSize_32f_C1R_p
20314338   _icvFilterLaplacianGetBufSize_8u16s_C1R_p
20314560   _icvFilterRow_16s_C1R_p
20314564   _icvFilterRow_16s_C3R_p
20314568   _icvFilterRow_16s_C4R_p
2031456c   _icvFilterRow_32f_C1R_p
20314570   _icvFilterRow_32f_C3R_p
20314574   _icvFilterRow_32f_C4R_p
20314554   _icvFilterRow_8u_C1R_p
20314558   _icvFilterRow_8u_C3R_p
2031455c   _icvFilterRow_8u_C4R_p
203142d4   _icvFilterScharrHorizBorder_32f_C1R_p
203142cc   _icvFilterScharrHorizBorder_8u16s_C1R_p
203142d0   _icvFilterScharrHorizGetBufSize_32f_C1R_p
203142c8   _icvFilterScharrHorizGetBufSize_8u16s_C1R_p
203142c4   _icvFilterScharrHoriz_32f_C1R_p
203142bc   _icvFilterScharrHoriz_8u16s_C1R_p
203142e4   _icvFilterScharrVertBorder_32f_C1R_p
203142dc   _icvFilterScharrVertBorder_8u16s_C1R_p
203142e0   _icvFilterScharrVertGetBufSize_32f_C1R_p
203142d8   _icvFilterScharrVertGetBufSize_8u16s_C1R_p
203142c0   _icvFilterScharrVert_32f_C1R_p
203142b8   _icvFilterScharrVert_8u16s_C1R_p
20314334   _icvFilterSobelCrossBorder_32f_C1R_p
2031432c   _icvFilterSobelCrossBorder_8u16s_C1R_p
20314330   _icvFilterSobelCrossGetBufSize_32f_C1R_p
20314328   _icvFilterSobelCrossGetBufSize_8u16s_C1R_p
203142b4   _icvFilterSobelCross_32f_C1R_p
203142a0   _icvFilterSobelCross_8u16s_C1R_p
203142f4   _icvFilterSobelHorizBorder_32f_C1R_p
203142ec   _icvFilterSobelHorizBorder_8u16s_C1R_p
203142f0   _icvFilterSobelHorizGetBufSize_32f_C1R_p
203142e8   _icvFilterSobelHorizGetBufSize_8u16s_C1R_p
20314314   _icvFilterSobelHorizSecondBorder_32f_C1R_p
2031430c   _icvFilterSobelHorizSecondBorder_8u16s_C1R_p
20314310   _icvFilterSobelHorizSecondGetBufSize_32f_C1R_p
20314308   _icvFilterSobelHorizSecondGetBufSize_8u16s_C1R_p
203142b0   _icvFilterSobelHorizSecond_32f_C1R_p
2031429c   _icvFilterSobelHorizSecond_8u16s_C1R_p
203142a8   _icvFilterSobelHoriz_32f_C1R_p
20314294   _icvFilterSobelHoriz_8u16s_C1R_p
20314304   _icvFilterSobelNegVertBorder_32f_C1R_p
203142fc   _icvFilterSobelNegVertBorder_8u16s_C1R_p
20314300   _icvFilterSobelNegVertGetBufSize_32f_C1R_p
203142f8   _icvFilterSobelNegVertGetBufSize_8u16s_C1R_p
20314324   _icvFilterSobelVertSecondBorder_32f_C1R_p
2031431c   _icvFilterSobelVertSecondBorder_8u16s_C1R_p
20314320   _icvFilterSobelVertSecondGetBufSize_32f_C1R_p
20314318   _icvFilterSobelVertSecondGetBufSize_8u16s_C1R_p
203142ac   _icvFilterSobelVertSecond_32f_C1R_p
20314298   _icvFilterSobelVertSecond_8u16s_C1R_p
203142a4   _icvFilterSobelVert_32f_C1R_p
20314290   _icvFilterSobelVert_8u16s_C1R_p
203145a8   _icvFilter_16s_C1R_p
203145ac   _icvFilter_16s_C3R_p
203145b0   _icvFilter_16s_C4R_p
203145b4   _icvFilter_32f_C1R_p
203145b8   _icvFilter_32f_C3R_p
203145bc   _icvFilter_32f_C4R_p
2031459c   _icvFilter_8u_C1R_p
203145a0   _icvFilter_8u_C3R_p
203145a4   _icvFilter_8u_C4R_p
201299e0   _icvGetCopyMaskFunc__Fi
20080544   _icvIPPFilterInit__FPC5CvMati6CvSize
200802e4   _icvIPPFilterNextStripe__FPC5CvMatP5CvMati6CvSize7CvPoint
2007f640   _icvIPPSepFilter__FPC5CvMatP5CvMatN217CvPoint
2011abd0   _icvInvSqrt_32f__FPCfPfi
203140b4   _icvInvSqrt_32f_p
2011abc0   _icvInvSqrt_64f__FPCdPdi
203140c0   _icvInvSqrt_64f_p
2013dc84   _icvLUT_Transform8u_16u_C1R__FPCUciPUsT26CvSizePCUs
2013d5a0   _icvLUT_Transform8u_32s_C1R__FPCUciPiT26CvSizePCi
2013ce80   _icvLUT_Transform8u_64f_C1R__FPCUciPdT26CvSizePCd
2013c740   _icvLUT_Transform8u_8u_C1R__FPCUciPUcT26CvSizeT1
2013c5c8   _icvLUT_Transform8u_8u_C2R__FPCUciPUcT26CvSizeT1
2013c414   _icvLUT_Transform8u_8u_C3R__FPCUciPUcT26CvSizeT1
2013c240   _icvLUT_Transform8u_8u_C4R__FPCUciPUcT26CvSizeT1
2011ac00   _icvLog_32f__FPCfPfi
203140f0   _icvLog_32f_p
2011abf0   _icvLog_64f__FPCdPdi
203140f4   _icvLog_64f_p
201324cc   _icvMean_16s_C1MR__FPCsiPCUcT26CvSizePd
20314644   _icvMean_16s_C1MR_p
20132500   _icvMean_16s_C2MR__FPCsiPCUcT26CvSizePd
20314648   _icvMean_16s_C2MR_p
20132534   _icvMean_16s_C3MR__FPCsiPCUcT26CvSizePd
2031464c   _icvMean_16s_C3MR_p
20132568   _icvMean_16s_C4MR__FPCsiPCUcT26CvSizePd
20314650   _icvMean_16s_C4MR_p
201323fc   _icvMean_16u_C1MR__FPCUsiPCUcT26CvSizePd
20314634   _icvMean_16u_C1MR_p
20132430   _icvMean_16u_C2MR__FPCUsiPCUcT26CvSizePd
20314638   _icvMean_16u_C2MR_p
20132464   _icvMean_16u_C3MR__FPCUsiPCUcT26CvSizePd
2031463c   _icvMean_16u_C3MR_p
20132498   _icvMean_16u_C4MR__FPCUsiPCUcT26CvSizePd
20314640   _icvMean_16u_C4MR_p
2013266c   _icvMean_32f_C1MR__FPCfiPCUcT26CvSizePd
20314664   _icvMean_32f_C1MR_p
201326a0   _icvMean_32f_C2MR__FPCfiPCUcT26CvSizePd
20314668   _icvMean_32f_C2MR_p
201326d4   _icvMean_32f_C3MR__FPCfiPCUcT26CvSizePd
2031466c   _icvMean_32f_C3MR_p
20132708   _icvMean_32f_C4MR__FPCfiPCUcT26CvSizePd
20314670   _icvMean_32f_C4MR_p
2013259c   _icvMean_32s_C1MR__FPCiiPCUcT26CvSizePd
20314654   _icvMean_32s_C1MR_p
201325d0   _icvMean_32s_C2MR__FPCiiPCUcT26CvSizePd
20314658   _icvMean_32s_C2MR_p
20132604   _icvMean_32s_C3MR__FPCiiPCUcT26CvSizePd
2031465c   _icvMean_32s_C3MR_p
20132638   _icvMean_32s_C4MR__FPCiiPCUcT26CvSizePd
20314660   _icvMean_32s_C4MR_p
2013273c   _icvMean_64f_C1MR__FPCdiPCUcT26CvSizePd
20314674   _icvMean_64f_C1MR_p
20132770   _icvMean_64f_C2MR__FPCdiPCUcT26CvSizePd
20314678   _icvMean_64f_C2MR_p
201327a4   _icvMean_64f_C3MR__FPCdiPCUcT26CvSizePd
2031467c   _icvMean_64f_C3MR_p
201327d8   _icvMean_64f_C4MR__FPCdiPCUcT26CvSizePd
20314680   _icvMean_64f_C4MR_p
20132360   _icvMean_8u_C1MR__FPCUciT1T26CvSizePd
20314624   _icvMean_8u_C1MR_p
20132394   _icvMean_8u_C2MR__FPCUciT1T26CvSizePd
20314628   _icvMean_8u_C2MR_p
201323c8   _icvMean_8u_C3MR__FPCUciT1T26CvSizePd
2031462c   _icvMean_8u_C3MR_p
2013280c   _icvMean_8u_C4MR__FPCUciT1T26CvSizePd
20314630   _icvMean_8u_C4MR_p
200afa68   _icvMean_StdDev_16s_C1MR__FPCsiPCUcT26CvSizePdT6
2031421c   _icvMean_StdDev_16s_C1MR_p
200af588   _icvMean_StdDev_16s_C1R__FPCsi6CvSizePdT4
2031420c   _icvMean_StdDev_16s_C1R_p
200afa9c   _icvMean_StdDev_16s_C2MR__FPCsiPCUcT26CvSizePdT6
20314220   _icvMean_StdDev_16s_C2MR_p
200af5bc   _icvMean_StdDev_16s_C2R__FPCsi6CvSizePdT4
20314210   _icvMean_StdDev_16s_C2R_p
200afad0   _icvMean_StdDev_16s_C3MR__FPCsiPCUcT26CvSizePdT6
20314224   _icvMean_StdDev_16s_C3MR_p
200af5f0   _icvMean_StdDev_16s_C3R__FPCsi6CvSizePdT4
20314214   _icvMean_StdDev_16s_C3R_p
200afb04   _icvMean_StdDev_16s_C4MR__FPCsiPCUcT26CvSizePdT6
20314228   _icvMean_StdDev_16s_C4MR_p
200af624   _icvMean_StdDev_16s_C4R__FPCsi6CvSizePdT4
20314218   _icvMean_StdDev_16s_C4R_p
200af998   _icvMean_StdDev_16u_C1MR__FPCUsiPCUcT26CvSizePdT6
203141fc   _icvMean_StdDev_16u_C1MR_p
200af4b8   _icvMean_StdDev_16u_C1R__FPCUsi6CvSizePdT4
203141ec   _icvMean_StdDev_16u_C1R_p
200af9cc   _icvMean_StdDev_16u_C2MR__FPCUsiPCUcT26CvSizePdT6
20314200   _icvMean_StdDev_16u_C2MR_p
200af4ec   _icvMean_StdDev_16u_C2R__FPCUsi6CvSizePdT4
203141f0   _icvMean_StdDev_16u_C2R_p
200afa00   _icvMean_StdDev_16u_C3MR__FPCUsiPCUcT26CvSizePdT6
20314204   _icvMean_StdDev_16u_C3MR_p
200af520   _icvMean_StdDev_16u_C3R__FPCUsi6CvSizePdT4
203141f4   _icvMean_StdDev_16u_C3R_p
200afa34   _icvMean_StdDev_16u_C4MR__FPCUsiPCUcT26CvSizePdT6
20314208   _icvMean_StdDev_16u_C4MR_p
200af554   _icvMean_StdDev_16u_C4R__FPCUsi6CvSizePdT4
203141f8   _icvMean_StdDev_16u_C4R_p
200afc08   _icvMean_StdDev_32f_C1MR__FPCfiPCUcT26CvSizePdT6
2031425c   _icvMean_StdDev_32f_C1MR_p
200af728   _icvMean_StdDev_32f_C1R__FPCfi6CvSizePdT4
2031424c   _icvMean_StdDev_32f_C1R_p
200afc3c   _icvMean_StdDev_32f_C2MR__FPCfiPCUcT26CvSizePdT6
20314260   _icvMean_StdDev_32f_C2MR_p
200af75c   _icvMean_StdDev_32f_C2R__FPCfi6CvSizePdT4
20314250   _icvMean_StdDev_32f_C2R_p
200afc70   _icvMean_StdDev_32f_C3MR__FPCfiPCUcT26CvSizePdT6
20314264   _icvMean_StdDev_32f_C3MR_p
200af790   _icvMean_StdDev_32f_C3R__FPCfi6CvSizePdT4
20314254   _icvMean_StdDev_32f_C3R_p
200afca4   _icvMean_StdDev_32f_C4MR__FPCfiPCUcT26CvSizePdT6
20314268   _icvMean_StdDev_32f_C4MR_p
200af7c4   _icvMean_StdDev_32f_C4R__FPCfi6CvSizePdT4
20314258   _icvMean_StdDev_32f_C4R_p
200afb38   _icvMean_StdDev_32s_C1MR__FPCiiPCUcT26CvSizePdT6
2031423c   _icvMean_StdDev_32s_C1MR_p
200af658   _icvMean_StdDev_32s_C1R__FPCii6CvSizePdT4
2031422c   _icvMean_StdDev_32s_C1R_p
200afb6c   _icvMean_StdDev_32s_C2MR__FPCiiPCUcT26CvSizePdT6
20314240   _icvMean_StdDev_32s_C2MR_p
200af68c   _icvMean_StdDev_32s_C2R__FPCii6CvSizePdT4
20314230   _icvMean_StdDev_32s_C2R_p
200afba0   _icvMean_StdDev_32s_C3MR__FPCiiPCUcT26CvSizePdT6
20314244   _icvMean_StdDev_32s_C3MR_p
200af6c0   _icvMean_StdDev_32s_C3R__FPCii6CvSizePdT4
20314234   _icvMean_StdDev_32s_C3R_p
200afbd4   _icvMean_StdDev_32s_C4MR__FPCiiPCUcT26CvSizePdT6
20314248   _icvMean_StdDev_32s_C4MR_p
200af6f4   _icvMean_StdDev_32s_C4R__FPCii6CvSizePdT4
20314238   _icvMean_StdDev_32s_C4R_p
200afcd8   _icvMean_StdDev_64f_C1MR__FPCdiPCUcT26CvSizePdT6
2031427c   _icvMean_StdDev_64f_C1MR_p
200af7f8   _icvMean_StdDev_64f_C1R__FPCdi6CvSizePdT4
2031426c   _icvMean_StdDev_64f_C1R_p
200afd0c   _icvMean_StdDev_64f_C2MR__FPCdiPCUcT26CvSizePdT6
20314280   _icvMean_StdDev_64f_C2MR_p
200af82c   _icvMean_StdDev_64f_C2R__FPCdi6CvSizePdT4
20314270   _icvMean_StdDev_64f_C2R_p
200afd40   _icvMean_StdDev_64f_C3MR__FPCdiPCUcT26CvSizePdT6
20314284   _icvMean_StdDev_64f_C3MR_p
200af860   _icvMean_StdDev_64f_C3R__FPCdi6CvSizePdT4
20314274   _icvMean_StdDev_64f_C3R_p
200afd74   _icvMean_StdDev_64f_C4MR__FPCdiPCUcT26CvSizePdT6
20314288   _icvMean_StdDev_64f_C4MR_p
200af894   _icvMean_StdDev_64f_C4R__FPCdi6CvSizePdT4
20314278   _icvMean_StdDev_64f_C4R_p
200af8c8   _icvMean_StdDev_8u_C1MR__FPCUciT1T26CvSizePdT6
203141dc   _icvMean_StdDev_8u_C1MR_p
200af41c   _icvMean_StdDev_8u_C1R__FPCUci6CvSizePdT4
203141cc   _icvMean_StdDev_8u_C1R_p
200af8fc   _icvMean_StdDev_8u_C2MR__FPCUciT1T26CvSizePdT6
203141e0   _icvMean_StdDev_8u_C2MR_p
200af450   _icvMean_StdDev_8u_C2R__FPCUci6CvSizePdT4
203141d0   _icvMean_StdDev_8u_C2R_p
200af930   _icvMean_StdDev_8u_C3MR__FPCUciT1T26CvSizePdT6
203141e4   _icvMean_StdDev_8u_C3MR_p
200af484   _icvMean_StdDev_8u_C3R__FPCUci6CvSizePdT4
203141d4   _icvMean_StdDev_8u_C3R_p
200af964   _icvMean_StdDev_8u_C4MR__FPCUciT1T26CvSizePdT6
203141e8   _icvMean_StdDev_8u_C4MR_p
200afda8   _icvMean_StdDev_8u_C4R__FPCUci6CvSizePdT4
203141d8   _icvMean_StdDev_8u_C4R_p
2013af3c   _icvMinMaxIndx_16s_C1MR__FPCsiPCUcT26CvSizePfT6P7CvPointT8
20314734   _icvMinMaxIndx_16s_C1MR_p
2013ae04   _icvMinMaxIndx_16s_C1R__FPCsi6CvSizePfT4P7CvPointT6
2031471c   _icvMinMaxIndx_16s_C1R_p
2013af08   _icvMinMaxIndx_16u_C1MR__FPCUsiPCUcT26CvSizePfT6P7CvPointT8
20314730   _icvMinMaxIndx_16u_C1MR_p
2013add0   _icvMinMaxIndx_16u_C1R__FPCUsi6CvSizePfT4P7CvPointT6
20314718   _icvMinMaxIndx_16u_C1R_p
2013afa4   _icvMinMaxIndx_32f_C1MR__FPCiiPCUcT26CvSizePfT6P7CvPointT8
2031473c   _icvMinMaxIndx_32f_C1MR_p
2013ae6c   _icvMinMaxIndx_32f_C1R__FPCii6CvSizePfT4P7CvPointT6
20314724   _icvMinMaxIndx_32f_C1R_p
2013af70   _icvMinMaxIndx_32s_C1MR__FPCiiPCUcT26CvSizePdT6P7CvPointT8
20314738   _icvMinMaxIndx_32s_C1MR_p
2013ae38   _icvMinMaxIndx_32s_C1R__FPCii6CvSizePdT4P7CvPointT6
20314720   _icvMinMaxIndx_32s_C1R_p
2013afd8   _icvMinMaxIndx_64f_C1MR__FPCLiPCUcT26CvSizePdT6P7CvPointT8
20314740   _icvMinMaxIndx_64f_C1MR_p
2013aea0   _icvMinMaxIndx_64f_C1R__FPCLi6CvSizePdT4P7CvPointT6
20314728   _icvMinMaxIndx_64f_C1R_p
2013aed4   _icvMinMaxIndx_8u_C1MR__FPCUciT1T26CvSizePfT6P7CvPointT8
2031472c   _icvMinMaxIndx_8u_C1MR_p
2013b00c   _icvMinMaxIndx_8u_C1R__FPCUci6CvSizePfT4P7CvPointT6
20314714   _icvMinMaxIndx_8u_C1R_p
20148440   _icvPthreadDestructor__FPv
2031476c   _icvPyrDownGetBufSize_Gauss5x5_p
20314750   _icvPyrDown_Gauss5x5_32f_C1R_p
20314754   _icvPyrDown_Gauss5x5_32f_C3R_p
20314748   _icvPyrDown_Gauss5x5_8u_C1R_p
2031474c   _icvPyrDown_Gauss5x5_8u_C3R_p
20314768   _icvPyrUpGetBufSize_Gauss5x5_p
20314760   _icvPyrUp_Gauss5x5_32f_C1R_p
20314764   _icvPyrUp_Gauss5x5_32f_C3R_p
20314758   _icvPyrUp_Gauss5x5_8u_C1R_p
2031475c   _icvPyrUp_Gauss5x5_8u_C3R_p
20311e88   _icvSaturate8u
20000340   _icvScale_32f__FPCfPfifT4
20000020   _icvScale_64f__FPCdPdidT4
201335d0   _icvSepConvSmall3_32f__FPfiT1T26CvSizePCfT6T1
20314614   _icvSetByte_8u_C1R_p
201298e8   _icvSetZero_8u_C1R__FPUci6CvSize
2012950c   _icvSet_16s_C1MR__FPUsiPCUcT26CvSizePCUs
203145c8   _icvSet_16s_C1MR_p
20129574   _icvSet_16s_C3MR__FPUsiPCUcT26CvSizePCUs
203145d4   _icvSet_16s_C3MR_p
201295a8   _icvSet_16s_C4MR__FPLiPCUcT26CvSizePCL
203145d8   _icvSet_16s_C4MR_p
201295dc   _icvSet_32f_C3MR__FPiiPCUcT26CvSizePCi
203145dc   _icvSet_32f_C3MR_p
20129610   _icvSet_32f_C4MR__FPiiPCUcT26CvSizePCi
203145e0   _icvSet_32f_C4MR_p
20129644   _icvSet_64s_C3MR__FPLiPCUcT26CvSizePCL
203145e4   _icvSet_64s_C3MR_p
20129678   _icvSet_64s_C4MR__FPLiPCUcT26CvSizePCL
203145e8   _icvSet_64s_C4MR_p
201294d8   _icvSet_8u_C1MR__FPUciPCUcT26CvSizeT3
203145c4   _icvSet_8u_C1MR_p
20129540   _icvSet_8u_C3MR__FPUciPCUcT26CvSizeT3
203145cc   _icvSet_8u_C3MR_p
201298b4   _icvSet_8u_C4MR__FPiiPCUcT26CvSizePCi
203145d0   _icvSet_8u_C4MR_p
2031478c   _icvSqrDistanceValid_Norm_32f_C1R_p
20314780   _icvSqrDistanceValid_Norm_8u32f_C1R_p
2011abb0   _icvSqrt_32f__FPCfPfi
203140b8   _icvSqrt_32f_p
2011abe0   _icvSqrt_64f__FPCdPdi
203140bc   _icvSqrt_64f_p
20060a1c   _icvSub_16s_C1R__FPCsiT1T2PsT26CvSizeT2
203146a8   _icvSub_16s_C1R_p
200609d8   _icvSub_16u_C1R__FPCUsiT1T2PUsT26CvSizeT2
203146a4   _icvSub_16u_C1R_p
20060aa4   _icvSub_32f_C1R__FPCfiT1T2PfT26CvSize
203146b0   _icvSub_32f_C1R_p
20060a60   _icvSub_32s_C1R__FPCiiT1T2PiT26CvSize
203146ac   _icvSub_32s_C1R_p
20060ae8   _icvSub_64f_C1R__FPCdiT1T2PdT26CvSize
203146b4   _icvSub_64f_C1R_p
20060cc4   _icvSub_8u_C1R__FPCUciT1T2PUcT26CvSizeT2
203146a0   _icvSub_8u_C1R_p
201057dc   _icvSum_16s_C1R__FPCsi6CvSizePd
20314488   _icvSum_16s_C1R_p
20105810   _icvSum_16s_C2R__FPCsi6CvSizePd
2031448c   _icvSum_16s_C2R_p
20105844   _icvSum_16s_C3R__FPCsi6CvSizePd
20314490   _icvSum_16s_C3R_p
20105878   _icvSum_16s_C4R__FPCsi6CvSizePd
20314494   _icvSum_16s_C4R_p
2010570c   _icvSum_16u_C1R__FPCUsi6CvSizePd
20314478   _icvSum_16u_C1R_p
20105740   _icvSum_16u_C2R__FPCUsi6CvSizePd
2031447c   _icvSum_16u_C2R_p
20105774   _icvSum_16u_C3R__FPCUsi6CvSizePd
20314480   _icvSum_16u_C3R_p
201057a8   _icvSum_16u_C4R__FPCUsi6CvSizePd
20314484   _icvSum_16u_C4R_p
2010597c   _icvSum_32f_C1R__FPCfi6CvSizePd15CvHintAlgorithm
203144a8   _icvSum_32f_C1R_p
201059b4   _icvSum_32f_C2R__FPCfi6CvSizePd15CvHintAlgorithm
203144ac   _icvSum_32f_C2R_p
201059ec   _icvSum_32f_C3R__FPCfi6CvSizePd15CvHintAlgorithm
203144b0   _icvSum_32f_C3R_p
20105a24   _icvSum_32f_C4R__FPCfi6CvSizePd15CvHintAlgorithm
203144b4   _icvSum_32f_C4R_p
201058ac   _icvSum_32s_C1R__FPCii6CvSizePd
20314498   _icvSum_32s_C1R_p
201058e0   _icvSum_32s_C2R__FPCii6CvSizePd
2031449c   _icvSum_32s_C2R_p
20105914   _icvSum_32s_C3R__FPCii6CvSizePd
203144a0   _icvSum_32s_C3R_p
20105948   _icvSum_32s_C4R__FPCii6CvSizePd
203144a4   _icvSum_32s_C4R_p
20105a5c   _icvSum_64f_C1R__FPCdi6CvSizePd
203144b8   _icvSum_64f_C1R_p
20105a90   _icvSum_64f_C2R__FPCdi6CvSizePd
203144bc   _icvSum_64f_C2R_p
20105ac4   _icvSum_64f_C3R__FPCdi6CvSizePd
203144c0   _icvSum_64f_C3R_p
20105af8   _icvSum_64f_C4R__FPCdi6CvSizePd
203144c4   _icvSum_64f_C4R_p
20105670   _icvSum_8u_C1R__FPCUci6CvSizePd
20314468   _icvSum_8u_C1R_p
201056a4   _icvSum_8u_C2R__FPCUci6CvSizePd
2031446c   _icvSum_8u_C2R_p
201056d8   _icvSum_8u_C3R__FPCUci6CvSizePd
20314470   _icvSum_8u_C3R_p
20105c30   _icvSum_8u_C4R__FPCUci6CvSizePd
20314474   _icvSum_8u_C4R_p
2023f6d0   _image_type
2007ad00   _init__11CvSepFilterFiN21PC5CvMatT47CvPointT18CvScalar
2007c4b0   _init__11CvSepFilterFiN21b6CvSize7CvPointT18CvScalar
2007e880   _init__14CvLinearFilterFiN21PC5CvMat7CvPointT18CvScalar
2007965c   _init__14CvLinearFilterFiN21b6CvSize7CvPointT18CvScalar
2013356c   _init__15CvLaplaceFilterFiN21PC5CvMatT47CvPointT18CvScalar
201334f4   _init__15CvLaplaceFilterFiN21b6CvSize7CvPointT18CvScalar
20133180   _init__15CvLaplaceFilterFiN21bN218CvScalar
2007e2e0   _init__17CvBaseImageFilterFiN21b6CvSize7CvPointT18CvScalar
2007dc20   _init_deriv__11CvSepFilterFiN61
2007e000   _init_gaussian__11CvSepFilterFiN31d
2007988c   _init_gaussian_kernel__11CvSepFilterSFP5CvMatd
2007a728   _init_scharr_kernel__11CvSepFilterSFP5CvMatT1iN23
20079eb0   _init_sobel_kernel__11CvSepFilterSFP5CvMatT1iN23
20314794   _last__6CvType
20151b80   _ldexp
20141f24   _lhBuildingRotatedTemplateFromImage__FP9_IplImageiT2f7CvPointT2dT7T2
20143168   _lhCreateSingleSeqFromImage__FP9_IplImage7CvPointidT4T3
20141820   _lhFindCoordinateBasedOnUpPyramid__FP17LhRotatedTemplateP9_IplImagesN53fT9T3
20142838   _lhFindMaxPoint3D__FPPPLiN22
20141e28   _lhFreeTemplate__FP17LhRotatedTemplate
201436a8   _lhRefineSeqUsingRandomDelete__FP5LhSeqf
201429c4   _lhRotateSingleSeq__FPC5LhSeqfT2
20142130   _lhSearchImageRegularization__FP5CvMatT1s
20142328   _lhSeqRegularization__FP5LhSeq
20143844   _lhSetReferencePoint__FP5LhSeq7CvPoint
201548e0   _lseek
201549e0   _ltoa
2014bbe0   _main
2007c620   _make_y_border__17CvBaseImageFilterFiN21
201525a0   _malloc
2023f6d4   _mat_type
2023f6d8   _matnd_type
2014fd00   _memalign
201568c0   _memccpy
20155400   _memcpy
20156ee0   _memmove
20154ae0   _memset
201554e0   _modf
20312190   _my8x16uSqrTab
20152760   _open
2007ca80   _process__17CvBaseImageFilterFPC5CvMatP5CvMat6CvRect7CvPointi
20153220   _putc
201565a0   _rand
20154be0   _read
20156940   _readmsg
20157400   _remove
2023f6c8   _seq_graph_type
2023f6c4   _seq_tree_type
2023f6c0   _seq_type
20152920   _setvbuf
2014d8a0   _sin
2023f6cc   _sparse_mat_type
201569c0   _sprintf
201505a0   _sqrt
2007f060   _start_process__17CvBaseImageFilterF7CvSlicei
20155d40   _strstr
2014b000   _strtod
2014c5a0   _strtol
20156a40   _unlink
20154ce0   _write
20156f40   _writemsg
20147a68   _zero1double__FPdUi
20147844   _zero1float__FPfUi
20147620   _zero1int__FPiUi
20147ad0   _zero2double__FPPdUiT2
201478ac   _zero2float__FPPfUiT2
20147688   _zero2int__FPPiUiT2
20147b84   _zero3double__FPPPdUiN22
20147960   _zero3float__FPPPfUiN22
2014773c   _zero3int__FPPPiUiN22
20148140   _zero4float__FPPPPfUiN32
20148294   _zero5float__FPPPPPfUiN42
ffffffff   binit
20241688   cinit
00000008   edata
203147ac   end
20157420   etext
20000008   pinit


GLOBAL SYMBOLS: SORTED BY Symbol Address 

address    name
--------   ----
00000001   __TI_args_main
00000008   .data
00000008   ___data__
00000008   ___edata__
00000008   __stack
00000008   edata
10000000   __STACK_SIZE
10000000   __SYSMEM_SIZE
10000008   __STACK_END
10000008   __sys_memory
20000008   ___pinit__
20000008   pinit
20000020   .text
20000020   ___text__
20000020   _icvScale_64f__FPCdPdidT4
20000340   _icvScale_32f__FPCfPfifT4
200309ec   _icvCopy_8u_C2P2R__FPCUciPPUcT26CvSize
20030a20   _icvCopy_8u_C3P3R__FPCUciPPUcT26CvSize
20030a54   _icvCopy_8u_C4P4R__FPCUciPPUcT26CvSize
20030a88   _icvCopy_16s_C2P2R__FPCUsiPPUsT26CvSize
20030abc   _icvCopy_16s_C3P3R__FPCUsiPPUsT26CvSize
20030af0   _icvCopy_16s_C4P4R__FPCUsiPPUsT26CvSize
20030b24   _icvCopy_32f_C2P2R__FPCiiPPiT26CvSize
20030b58   _icvCopy_32f_C3P3R__FPCiiPPiT26CvSize
20030b8c   _icvCopy_32f_C4P4R__FPCiiPPiT26CvSize
20030bc0   _icvCopy_64f_C2P2R__FPCLiPPLT26CvSize
20030bf4   _icvCopy_64f_C3P3R__FPCLiPPLT26CvSize
20030c28   _icvCopy_64f_C4P4R__FPCLiPPLT26CvSize
20030c5c   _icvCopy_8u_CnC1CR__FPCUciPUcT26CvSizeN22
20030c90   _icvCopy_16s_CnC1CR__FPCUsiPUsT26CvSizeN22
20030cc4   _icvCopy_32f_CnC1CR__FPCiiPiT26CvSizeN22
20030cf8   _icvCopy_64f_CnC1CR__FPCLiPLT26CvSizeN22
20030d2c   _icvCopy_8u_P2C2R__FPPCUciPUcT26CvSize
20030d60   _icvCopy_8u_P3C3R__FPPCUciPUcT26CvSize
20030d94   _icvCopy_8u_P4C4R__FPPCUciPUcT26CvSize
20030dc8   _icvCopy_16s_P2C2R__FPPCUsiPUsT26CvSize
20030dfc   _icvCopy_16s_P3C3R__FPPCUsiPUsT26CvSize
20030e30   _icvCopy_16s_P4C4R__FPPCUsiPUsT26CvSize
20030e64   _icvCopy_32f_P2C2R__FPPCiiPiT26CvSize
20030e98   _icvCopy_32f_P3C3R__FPPCiiPiT26CvSize
20030ecc   _icvCopy_32f_P4C4R__FPPCiiPiT26CvSize
20030f00   _icvCopy_64f_P2C2R__FPPCLiPLT26CvSize
20030f34   _icvCopy_64f_P3C3R__FPPCLiPLT26CvSize
20030f68   _icvCopy_64f_P4C4R__FPPCLiPLT26CvSize
[...]
2013add0   _icvMinMaxIndx_16u_C1R__FPCUsi6CvSizePfT4P7CvPointT6
2013ae04   _icvMinMaxIndx_16s_C1R__FPCsi6CvSizePfT4P7CvPointT6
2013ae38   _icvMinMaxIndx_32s_C1R__FPCii6CvSizePdT4P7CvPointT6
2013ae6c   _icvMinMaxIndx_32f_C1R__FPCii6CvSizePfT4P7CvPointT6
2013aea0   _icvMinMaxIndx_64f_C1R__FPCLi6CvSizePdT4P7CvPointT6
2013aed4   _icvMinMaxIndx_8u_C1MR__FPCUciT1T26CvSizePfT6P7CvPointT8
2013af08   _icvMinMaxIndx_16u_C1MR__FPCUsiPCUcT26CvSizePfT6P7CvPointT8
2013af3c   _icvMinMaxIndx_16s_C1MR__FPCsiPCUcT26CvSizePfT6P7CvPointT8
2013af70   _icvMinMaxIndx_32s_C1MR__FPCiiPCUcT26CvSizePdT6P7CvPointT8
2013afa4   _icvMinMaxIndx_32f_C1MR__FPCiiPCUcT26CvSizePfT6P7CvPointT8
2013afd8   _icvMinMaxIndx_64f_C1MR__FPCLiPCUcT26CvSizePdT6P7CvPointT8
2013b00c   _icvMinMaxIndx_8u_C1R__FPCUci6CvSizePfT4P7CvPointT6
2013b040   _cvMinMaxLoc
2013c240   _icvLUT_Transform8u_8u_C4R__FPCUciPUcT26CvSizeT1
2013c414   _icvLUT_Transform8u_8u_C3R__FPCUciPUcT26CvSizeT1
2013c5c8   _icvLUT_Transform8u_8u_C2R__FPCUciPUcT26CvSizeT1
2013c740   _icvLUT_Transform8u_8u_C1R__FPCUciPUcT26CvSizeT1
2013ce80   _icvLUT_Transform8u_64f_C1R__FPCUciPdT26CvSizePCd
2013d5a0   _icvLUT_Transform8u_32s_C1R__FPCUciPiT26CvSizePCi
2013dc84   _icvLUT_Transform8u_16u_C1R__FPCUciPUsT26CvSizePCUs
2013de68   _cvLUT
2013e800   _icvCrossCorr__FPCvT1Pv7CvPoint
2013fcd8   _cvMatchTemplate
20141820   _lhFindCoordinateBasedOnUpPyramid__FP17LhRotatedTemplateP9_IplImagesN53fT9T3
20141e28   _lhFreeTemplate__FP17LhRotatedTemplate
20141f24   _lhBuildingRotatedTemplateFromImage__FP9_IplImageiT2f7CvPointT2dT7T2
20142130   _lhSearchImageRegularization__FP5CvMatT1s
20142328   _lhSeqRegularization__FP5LhSeq
20142838   _lhFindMaxPoint3D__FPPPLiN22
201429c4   _lhRotateSingleSeq__FPC5LhSeqfT2
20143168   _lhCreateSingleSeqFromImage__FP9_IplImage7CvPointidT4T3
201436a8   _lhRefineSeqUsingRandomDelete__FP5LhSeqf
20143844   _lhSetReferencePoint__FP5LhSeq7CvPoint
201438a0   _icvCopyReplicateBorder_8u__FPCUci6CvSizePUcT2T3N32T1
20143ec0   _cvPointSeqFromMat
201454ac   _cvCopyMakeBorder
20145a40   _cvCanny
20146e30   _AdaptiveFindThreshold
20147320   _alloc1longlong__FUi
20147340   _free1longlong__FPL
2014735c   _alloc2longlong__FUiT1
20147380   _free2longlong__FPPL
2014739c   _alloc3longlong__FUiN21
201473c4   _free3longlong__FPPPL
201473e0   _alloc1int__FUi
20147400   _free1int__FPi
2014741c   _alloc2int__FUiT1
20147440   _free2int__FPPi
2014745c   _alloc3int__FUiN21
20147484   _free3int__FPPPi
201474a0   _alloc1float__FUi
201474c0   _free1float__FPf
201474dc   _alloc2float__FUiT1
20147500   _free2float__FPPf
2014751c   _alloc3float__FUiN21
20147544   _free3float__FPPPf
20147560   _alloc1double__FUi
20147580   _free1double__FPd
2014759c   _alloc2double__FUiT1
201475c0   _free2double__FPPd
201475dc   _alloc3double__FUiN21
20147604   _free3double__FPPPd
20147620   _zero1int__FPiUi
20147688   _zero2int__FPPiUiT2
2014773c   _zero3int__FPPPiUiN22
20147844   _zero1float__FPfUi
201478ac   _zero2float__FPPfUiT2
20147960   _zero3float__FPPPfUiN22
20147a68   _zero1double__FPdUi
20147ad0   _zero2double__FPPdUiT2
20147b84   _zero3double__FPPPdUiN22
20148140   _zero4float__FPPPPfUiN32
20148294   _zero5float__FPPPPPfUiN42
20148440   _icvPthreadDestructor__FPv
20148448   _cvErrorStr
201487d4   _cvGetErrMode
20148864   _cvStdErrReport
20148a28   _cvSetErrStatus
20148ac0   _cvSetErrMode
20148b60   _cvRedirectError
20148c10   _cvNulDevReport
20148ca8   _cvGuiBoxReport
20148e88   _cvGetErrStatus
20148f18   _cvGetErrInfo
201490f0   _cvErrorFromIppStatus
20149240   _cvError
201494a0   _cvIntegralImage_8u32s64s_C1R__FPCUciPiT2PLT2T3T26CvSize
20149bb0   _cvIntegral
2014a2e0   __divd
2014b000   _strtod
2014b5c0   _cvThreshold
2014bbe0   _main
2014c5a0   _strtol
2014caa0   __printfi
2014cf80   _cos
2014d440   __divf
2014d8a0   _sin
2014e100   __addf
2014efe0   _exp
2014f6a0   _fputs
2014fd00   _memalign
20150000   _free
201502e0   __divull
201505a0   _sqrt
20150860   __mpyd
20150d60   __addd
20150fc0   __frcaddd
20151220   __frcmpyd_div
20151940   __mpyf
20151b80   _ldexp
20151fe0   _HOSTrename
201523c0   _frexp
201525a0   _malloc
20152760   _open
20152920   _setvbuf
20152ae0   __divul
20152f60   __nround
20153220   _fputc
20153220   _putc
20153380   __buff_read
20153600   _fclose
20153740   _HOSTlseek
20153860   __auto_init
20153980   __fixdlli
20153aa0   __frcmpyd
20153bc0   _atoi
20153ce0   _HOSTopen
20153de0   _HOSTread
20153ee0   _HOSTwrite
20153fe0   __c6xabi_divi
20153fe0   __divi
201540e0   __fltllid
201541e0   __c6xabi_strasgi
201541e0   __strasgi
201542e0   __wrt_ok
201543e0   _call_dtors
201544e0   _close
201545e0   _exit
201546e0   _fflush
201547e0   _fseek
201548e0   _lseek
201549e0   _ltoa
20154ae0   _memset
20154be0   _read
20154ce0   _write
20154de0   _HOSTunlink
20154ec0   __cleanup
20154fa0   __cmpd
20155160   __doflush
20155320   _ftell
20155400   _memcpy
201554e0   _modf
201555c0   _HOSTclose
20155680   ___nw__FUi
20155740   __cvtdf
20155800   __c6xabi_divu
20155800   __divu
20155a40   __rd_ok
20155b00   __c6xabi_remi
20155b00   __remi
20155d40   _strstr
20155ec0   _cvFree_
20155ed8   _cvAlloc
20155f60   __cmpf
20156000   __divli
201560a0   __fixdi
20156140   __fixdli
201561e0   __fixfi
20156280   __frcmpyf_div
20156320   __c6xabi_remu
20156320   __remu
201563c0   __renormd
20156460   _copy_in
201565a0   _rand
20156640   __fltlid
201566c0   __llshl
20156740   __mpyll
201567c0   _fopen
20156840   _fprintf
201568c0   _memccpy
20156940   _readmsg
201569c0   _sprintf
20156a40   _unlink
20156ac0   __abort_msg
20156b20   __cvtfd
20156b80   __fltid
20156be0   __fltif
20156c40   __frcmpyf
20156ca0   __llshru
20156d60   __remli
20156dc0   __remul
20156e20   __subcull
20156e80   _c_int00
20156ee0   _memmove
20156f40   _writemsg
20156f98   C$$IO$$
20156fa0   ___add_dtor
20156fe0   ___isinf
201570e0   __args_main
20157120   __fltud
20157160   __fltuf
201571a0   __negd
201571e0   __negf
20157220   __subd
20157260   __subf
201572a0   ___default_new_handler__Fv
201572c0   ___dl__FPv
201572e0   __negll
20157300   __nop
20157380   __trunc
201573a0   C$$EXIT
201573a0   _abort
201573c0   _feof
201573e0   _fgets
20157400   _remove
20157420   ___etext__
20157420   _beauty_gray
20157420   etext
2023b694   _errno
2023f6c0   _seq_type
2023f6c4   _seq_tree_type
2023f6c8   _seq_graph_type
2023f6cc   _sparse_mat_type
2023f6d0   _image_type
2023f6d4   _mat_type
2023f6d8   _matnd_type
20240664   _dtors
2024082c   __new_handler
20240830   __ftable
20240920   __tmpnams
202409c0   __ft_end
202409c8   ___atexit_func_id__
20240b50   _hist_type
2024165c   __cleanup_ptr
20241660   __dtors_ptr
20241664   ___TI_enable_exit_profile_output
20241670   __lock
20241674   __unlock
20241688   ___cinit__
20241688   cinit
2030cbb8   _icv8x32fTab_cv
2030f888   _icv8x32fSqrTab
2030fe88   _icv8x32fTab
20311390   _icv8x16uSqrTab
20311e88   _icvSaturate8u
20312190   _my8x16uSqrTab
20313528   __ctypes_
20313bb8   ___vtbl__15CvLaplaceFilter
20313ce8   ___vtbl__11CvSepFilter
20313d48   ___vtbl__14CvLinearFilter
20313de8   ___vtbl__17CvBaseImageFilter
20314028   _icvDepthToType
203140b0   $bss
203140b0   .bss
203140b0   ___bss__
203140b0   _icvFastArctan_32f_p
203140b4   _icvInvSqrt_32f_p
203140b8   _icvSqrt_32f_p
203140bc   _icvSqrt_64f_p
203140c0   _icvInvSqrt_64f_p
203140e0   _icvExp_32f_p
203140e4   _icvExp_64f_p
203140f0   _icvLog_32f_p
203140f4   _icvLog_64f_p
203140f8   _icvCheckArray_32f_C1R_p
203140fc   _icvCheckArray_64f_C1R_p
203141cc   _icvMean_StdDev_8u_C1R_p
203141d0   _icvMean_StdDev_8u_C2R_p
203141d4   _icvMean_StdDev_8u_C3R_p
203141d8   _icvMean_StdDev_8u_C4R_p
203141dc   _icvMean_StdDev_8u_C1MR_p
203141e0   _icvMean_StdDev_8u_C2MR_p
203141e4   _icvMean_StdDev_8u_C3MR_p
203141e8   _icvMean_StdDev_8u_C4MR_p
203141ec   _icvMean_StdDev_16u_C1R_p
203141f0   _icvMean_StdDev_16u_C2R_p
203141f4   _icvMean_StdDev_16u_C3R_p
203141f8   _icvMean_StdDev_16u_C4R_p
203141fc   _icvMean_StdDev_16u_C1MR_p
20314200   _icvMean_StdDev_16u_C2MR_p
20314204   _icvMean_StdDev_16u_C3MR_p
20314208   _icvMean_StdDev_16u_C4MR_p
2031420c   _icvMean_StdDev_16s_C1R_p
20314210   _icvMean_StdDev_16s_C2R_p
20314214   _icvMean_StdDev_16s_C3R_p
20314218   _icvMean_StdDev_16s_C4R_p
2031421c   _icvMean_StdDev_16s_C1MR_p
20314220   _icvMean_StdDev_16s_C2MR_p
20314224   _icvMean_StdDev_16s_C3MR_p
20314228   _icvMean_StdDev_16s_C4MR_p
2031422c   _icvMean_StdDev_32s_C1R_p
20314230   _icvMean_StdDev_32s_C2R_p
20314234   _icvMean_StdDev_32s_C3R_p
20314238   _icvMean_StdDev_32s_C4R_p
2031423c   _icvMean_StdDev_32s_C1MR_p
20314240   _icvMean_StdDev_32s_C2MR_p
20314244   _icvMean_StdDev_32s_C3MR_p
20314248   _icvMean_StdDev_32s_C4MR_p
2031424c   _icvMean_StdDev_32f_C1R_p
20314250   _icvMean_StdDev_32f_C2R_p
20314254   _icvMean_StdDev_32f_C3R_p
20314258   _icvMean_StdDev_32f_C4R_p
2031425c   _icvMean_StdDev_32f_C1MR_p
20314260   _icvMean_StdDev_32f_C2MR_p
20314264   _icvMean_StdDev_32f_C3MR_p
20314268   _icvMean_StdDev_32f_C4MR_p
2031426c   _icvMean_StdDev_64f_C1R_p
20314270   _icvMean_StdDev_64f_C2R_p
20314274   _icvMean_StdDev_64f_C3R_p
20314278   _icvMean_StdDev_64f_C4R_p
2031427c   _icvMean_StdDev_64f_C1MR_p
20314280   _icvMean_StdDev_64f_C2MR_p
20314284   _icvMean_StdDev_64f_C3MR_p
20314288   _icvMean_StdDev_64f_C4MR_p
20314290   _icvFilterSobelVert_8u16s_C1R_p
20314294   _icvFilterSobelHoriz_8u16s_C1R_p
20314298   _icvFilterSobelVertSecond_8u16s_C1R_p
2031429c   _icvFilterSobelHorizSecond_8u16s_C1R_p
203142a0   _icvFilterSobelCross_8u16s_C1R_p
203142a4   _icvFilterSobelVert_32f_C1R_p
203142a8   _icvFilterSobelHoriz_32f_C1R_p
203142ac   _icvFilterSobelVertSecond_32f_C1R_p
203142b0   _icvFilterSobelHorizSecond_32f_C1R_p
203142b4   _icvFilterSobelCross_32f_C1R_p
203142b8   _icvFilterScharrVert_8u16s_C1R_p
203142bc   _icvFilterScharrHoriz_8u16s_C1R_p
203142c0   _icvFilterScharrVert_32f_C1R_p
203142c4   _icvFilterScharrHoriz_32f_C1R_p
203142c8   _icvFilterScharrHorizGetBufSize_8u16s_C1R_p
203142cc   _icvFilterScharrHorizBorder_8u16s_C1R_p
203142d0   _icvFilterScharrHorizGetBufSize_32f_C1R_p
203142d4   _icvFilterScharrHorizBorder_32f_C1R_p
203142d8   _icvFilterScharrVertGetBufSize_8u16s_C1R_p
203142dc   _icvFilterScharrVertBorder_8u16s_C1R_p
203142e0   _icvFilterScharrVertGetBufSize_32f_C1R_p
203142e4   _icvFilterScharrVertBorder_32f_C1R_p
203142e8   _icvFilterSobelHorizGetBufSize_8u16s_C1R_p
203142ec   _icvFilterSobelHorizBorder_8u16s_C1R_p
203142f0   _icvFilterSobelHorizGetBufSize_32f_C1R_p
203142f4   _icvFilterSobelHorizBorder_32f_C1R_p
203142f8   _icvFilterSobelNegVertGetBufSize_8u16s_C1R_p
203142fc   _icvFilterSobelNegVertBorder_8u16s_C1R_p
20314300   _icvFilterSobelNegVertGetBufSize_32f_C1R_p
20314304   _icvFilterSobelNegVertBorder_32f_C1R_p
20314308   _icvFilterSobelHorizSecondGetBufSize_8u16s_C1R_p
2031430c   _icvFilterSobelHorizSecondBorder_8u16s_C1R_p
20314310   _icvFilterSobelHorizSecondGetBufSize_32f_C1R_p
20314314   _icvFilterSobelHorizSecondBorder_32f_C1R_p
20314318   _icvFilterSobelVertSecondGetBufSize_8u16s_C1R_p
2031431c   _icvFilterSobelVertSecondBorder_8u16s_C1R_p
20314320   _icvFilterSobelVertSecondGetBufSize_32f_C1R_p
20314324   _icvFilterSobelVertSecondBorder_32f_C1R_p
20314328   _icvFilterSobelCrossGetBufSize_8u16s_C1R_p
2031432c   _icvFilterSobelCrossBorder_8u16s_C1R_p
20314330   _icvFilterSobelCrossGetBufSize_32f_C1R_p
20314334   _icvFilterSobelCrossBorder_32f_C1R_p
20314338   _icvFilterLaplacianGetBufSize_8u16s_C1R_p
2031433c   _icvFilterLaplacianBorder_8u16s_C1R_p
20314340   _icvFilterLaplacianGetBufSize_32f_C1R_p
20314344   _icvFilterLaplacianBorder_32f_C1R_p
20314348   _icvCopy_8u_C2P2R_p
2031434c   _icvCopy_8u_C3P3R_p
20314350   _icvCopy_8u_C4P4R_p
20314354   _icvCopy_16s_C2P2R_p
20314358   _icvCopy_16s_C3P3R_p
2031435c   _icvCopy_16s_C4P4R_p
20314360   _icvCopy_32f_C2P2R_p
20314364   _icvCopy_32f_C3P3R_p
20314368   _icvCopy_32f_C4P4R_p
2031436c   _icvCopy_64f_C2P2R_p
20314370   _icvCopy_64f_C3P3R_p
20314374   _icvCopy_64f_C4P4R_p
20314378   _icvCopy_8u_CnC1CR_p
2031437c   _icvCopy_16s_CnC1CR_p
20314380   _icvCopy_32f_CnC1CR_p
20314384   _icvCopy_64f_CnC1CR_p
20314388   _icvCopy_8u_P2C2R_p
2031438c   _icvCopy_8u_P3C3R_p
20314390   _icvCopy_8u_P4C4R_p
20314394   _icvCopy_16s_P2C2R_p
20314398   _icvCopy_16s_P3C3R_p
2031439c   _icvCopy_16s_P4C4R_p
203143a0   _icvCopy_32f_P2C2R_p
203143a4   _icvCopy_32f_P3C3R_p
203143a8   _icvCopy_32f_P4C4R_p
203143ac   _icvCopy_64f_P2C2R_p
203143b0   _icvCopy_64f_P3C3R_p
203143b4   _icvCopy_64f_P4C4R_p
203143b8   _icvCopy_8u_C1CnCR_p
203143bc   _icvCopy_16s_C1CnCR_p
203143c0   _icvCopy_32f_C1CnCR_p
203143c4   _icvCopy_64f_C1CnCR_p
203143c8   _icvCvt_32f64f_p
203143cc   _icvCvt_64f32f_p
203143e0   _icvDFTInitAlloc_C_32fc_p
203143e4   _icvDFTFree_C_32fc_p
203143e8   _icvDFTGetBufSize_C_32fc_p
203143ec   _icvDFTFwd_CToC_32fc_p
203143f0   _icvDFTInv_CToC_32fc_p
203143f4   _icvDFTInitAlloc_C_64fc_p
203143f8   _icvDFTFree_C_64fc_p
203143fc   _icvDFTGetBufSize_C_64fc_p
20314400   _icvDFTFwd_CToC_64fc_p
20314404   _icvDFTInv_CToC_64fc_p
20314408   _icvDFTInitAlloc_R_32f_p
2031440c   _icvDFTFree_R_32f_p
20314410   _icvDFTGetBufSize_R_32f_p
20314414   _icvDFTFwd_RToPack_32f_p
20314418   _icvDFTInv_PackToR_32f_p
2031441c   _icvDFTInitAlloc_R_64f_p
20314420   _icvDFTFree_R_64f_p
20314424   _icvDFTGetBufSize_R_64f_p
20314428   _icvDFTFwd_RToPack_64f_p
2031442c   _icvDFTInv_PackToR_64f_p
20314468   _icvSum_8u_C1R_p
2031446c   _icvSum_8u_C2R_p
20314470   _icvSum_8u_C3R_p
20314474   _icvSum_8u_C4R_p
20314478   _icvSum_16u_C1R_p
2031447c   _icvSum_16u_C2R_p
20314480   _icvSum_16u_C3R_p
20314484   _icvSum_16u_C4R_p
20314488   _icvSum_16s_C1R_p
2031448c   _icvSum_16s_C2R_p
20314490   _icvSum_16s_C3R_p
20314494   _icvSum_16s_C4R_p
20314498   _icvSum_32s_C1R_p
2031449c   _icvSum_32s_C2R_p
203144a0   _icvSum_32s_C3R_p
203144a4   _icvSum_32s_C4R_p
203144a8   _icvSum_32f_C1R_p
203144ac   _icvSum_32f_C2R_p
203144b0   _icvSum_32f_C3R_p
203144b4   _icvSum_32f_C4R_p
203144b8   _icvSum_64f_C1R_p
203144bc   _icvSum_64f_C2R_p
203144c0   _icvSum_64f_C3R_p
203144c4   _icvSum_64f_C4R_p
203144c8   _icvCountNonZero_8u_C1R_p
203144cc   _icvCountNonZero_16s_C1R_p
203144d0   _icvCountNonZero_32s_C1R_p
203144d4   _icvCountNonZero_32f_C1R_p
203144d8   _icvCountNonZero_64f_C1R_p
203144e4   _icvAdd_8u32f_C1IR_p
203144e8   _icvAdd_32f_C1IR_p
203144ec   _icvAddSquare_8u32f_C1IR_p
203144f0   _icvAddSquare_32f_C1IR_p
203144f4   _icvAddProduct_8u32f_C1IR_p
203144f8   _icvAddProduct_32f_C1IR_p
203144fc   _icvAddWeighted_8u32f_C1IR_p
20314500   _icvAddWeighted_32f_C1IR_p
20314504   _icvAdd_8u32f_C1IMR_p
20314508   _icvAdd_32f_C1IMR_p
2031450c   _icvAddSquare_8u32f_C1IMR_p
20314510   _icvAddSquare_32f_C1IMR_p
20314514   _icvAddProduct_8u32f_C1IMR_p
20314518   _icvAddProduct_32f_C1IMR_p
2031451c   _icvAddWeighted_8u32f_C1IMR_p
20314520   _icvAddWeighted_32f_C1IMR_p
20314524   _icvAdd_8u32f_C3IMR_p
20314528   _icvAdd_32f_C3IMR_p
2031452c   _icvAddSquare_8u32f_C3IMR_p
20314530   _icvAddSquare_32f_C3IMR_p
20314534   _icvAddProduct_8u32f_C3IMR_p
20314538   _icvAddProduct_32f_C3IMR_p
2031453c   _icvAddWeighted_8u32f_C3IMR_p
20314540   _icvAddWeighted_32f_C3IMR_p
20314554   _icvFilterRow_8u_C1R_p
20314558   _icvFilterRow_8u_C3R_p
2031455c   _icvFilterRow_8u_C4R_p
20314560   _icvFilterRow_16s_C1R_p
20314564   _icvFilterRow_16s_C3R_p
20314568   _icvFilterRow_16s_C4R_p
2031456c   _icvFilterRow_32f_C1R_p
20314570   _icvFilterRow_32f_C3R_p
20314574   _icvFilterRow_32f_C4R_p
20314578   _icvFilterColumn_8u_C1R_p
2031457c   _icvFilterColumn_8u_C3R_p
20314580   _icvFilterColumn_8u_C4R_p
20314584   _icvFilterColumn_16s_C1R_p
20314588   _icvFilterColumn_16s_C3R_p
2031458c   _icvFilterColumn_16s_C4R_p
20314590   _icvFilterColumn_32f_C1R_p
20314594   _icvFilterColumn_32f_C3R_p
20314598   _icvFilterColumn_32f_C4R_p
2031459c   _icvFilter_8u_C1R_p
203145a0   _icvFilter_8u_C3R_p
203145a4   _icvFilter_8u_C4R_p
203145a8   _icvFilter_16s_C1R_p
203145ac   _icvFilter_16s_C3R_p
203145b0   _icvFilter_16s_C4R_p
203145b4   _icvFilter_32f_C1R_p
203145b8   _icvFilter_32f_C3R_p
203145bc   _icvFilter_32f_C4R_p
203145c0   _icvCopy_8u_C1R_p
203145c4   _icvSet_8u_C1MR_p
203145c8   _icvSet_16s_C1MR_p
203145cc   _icvSet_8u_C3MR_p
203145d0   _icvSet_8u_C4MR_p
203145d4   _icvSet_16s_C3MR_p
203145d8   _icvSet_16s_C4MR_p
203145dc   _icvSet_32f_C3MR_p
203145e0   _icvSet_32f_C4MR_p
203145e4   _icvSet_64s_C3MR_p
203145e8   _icvSet_64s_C4MR_p
203145ec   _icvCopy_8u_C1MR_p
203145f0   _icvCopy_16s_C1MR_p
203145f4   _icvCopy_8u_C3MR_p
203145f8   _icvCopy_8u_C4MR_p
203145fc   _icvCopy_16s_C3MR_p
20314600   _icvCopy_16s_C4MR_p
20314604   _icvCopy_32f_C3MR_p
20314608   _icvCopy_32f_C4MR_p
2031460c   _icvCopy_64s_C3MR_p
20314610   _icvCopy_64s_C4MR_p
20314614   _icvSetByte_8u_C1R_p
20314624   _icvMean_8u_C1MR_p
20314628   _icvMean_8u_C2MR_p
2031462c   _icvMean_8u_C3MR_p
20314630   _icvMean_8u_C4MR_p
20314634   _icvMean_16u_C1MR_p
20314638   _icvMean_16u_C2MR_p
2031463c   _icvMean_16u_C3MR_p
20314640   _icvMean_16u_C4MR_p
20314644   _icvMean_16s_C1MR_p
20314648   _icvMean_16s_C2MR_p
2031464c   _icvMean_16s_C3MR_p
20314650   _icvMean_16s_C4MR_p
20314654   _icvMean_32s_C1MR_p
20314658   _icvMean_32s_C2MR_p
2031465c   _icvMean_32s_C3MR_p
20314660   _icvMean_32s_C4MR_p
20314664   _icvMean_32f_C1MR_p
20314668   _icvMean_32f_C2MR_p
2031466c   _icvMean_32f_C3MR_p
20314670   _icvMean_32f_C4MR_p
20314674   _icvMean_64f_C1MR_p
20314678   _icvMean_64f_C2MR_p
2031467c   _icvMean_64f_C3MR_p
20314680   _icvMean_64f_C4MR_p
20314688   _icvAdd_8u_C1R_p
2031468c   _icvAdd_16u_C1R_p
20314690   _icvAdd_16s_C1R_p
20314694   _icvAdd_32s_C1R_p
20314698   _icvAdd_32f_C1R_p
2031469c   _icvAdd_64f_C1R_p
203146a0   _icvSub_8u_C1R_p
203146a4   _icvSub_16u_C1R_p
203146a8   _icvSub_16s_C1R_p
203146ac   _icvSub_32s_C1R_p
203146b0   _icvSub_32f_C1R_p
203146b4   _icvSub_64f_C1R_p
203146d4   _icvCopyReplicateBorder_8u_C1R_p
203146d8   _icvCopyReplicateBorder_16s_C1R_p
203146dc   _icvCopyReplicateBorder_8u_C3R_p
203146e0   _icvCopyReplicateBorder_32s_C1R_p
203146e4   _icvCopyReplicateBorder_16s_C3R_p
203146e8   _icvCopyReplicateBorder_16s_C4R_p
203146ec   _icvCopyReplicateBorder_32s_C3R_p
203146f0   _icvCopyReplicateBorder_32s_C4R_p
203146f4   _icvCopyReplicateBorder_8u_C1IR_p
203146f8   _icvCopyReplicateBorder_16s_C1IR_p
203146fc   _icvCopyReplicateBorder_8u_C3IR_p
20314700   _icvCopyReplicateBorder_32s_C1IR_p
20314704   _icvCopyReplicateBorder_16s_C3IR_p
20314708   _icvCopyReplicateBorder_16s_C4IR_p
2031470c   _icvCopyReplicateBorder_32s_C3IR_p
20314710   _icvCopyReplicateBorder_32s_C4IR_p
20314714   _icvMinMaxIndx_8u_C1R_p
20314718   _icvMinMaxIndx_16u_C1R_p
2031471c   _icvMinMaxIndx_16s_C1R_p
20314720   _icvMinMaxIndx_32s_C1R_p
20314724   _icvMinMaxIndx_32f_C1R_p
20314728   _icvMinMaxIndx_64f_C1R_p
2031472c   _icvMinMaxIndx_8u_C1MR_p
20314730   _icvMinMaxIndx_16u_C1MR_p
20314734   _icvMinMaxIndx_16s_C1MR_p
20314738   _icvMinMaxIndx_32s_C1MR_p
2031473c   _icvMinMaxIndx_32f_C1MR_p
20314740   _icvMinMaxIndx_64f_C1MR_p
20314748   _icvPyrDown_Gauss5x5_8u_C1R_p
2031474c   _icvPyrDown_Gauss5x5_8u_C3R_p
20314750   _icvPyrDown_Gauss5x5_32f_C1R_p
20314754   _icvPyrDown_Gauss5x5_32f_C3R_p
20314758   _icvPyrUp_Gauss5x5_8u_C1R_p
2031475c   _icvPyrUp_Gauss5x5_8u_C3R_p
20314760   _icvPyrUp_Gauss5x5_32f_C1R_p
20314764   _icvPyrUp_Gauss5x5_32f_C3R_p
20314768   _icvPyrUpGetBufSize_Gauss5x5_p
2031476c   _icvPyrDownGetBufSize_Gauss5x5_p
20314778   _icvCrossCorrValid_Norm_8u32f_C1R_p
2031477c   _icvCrossCorrValid_NormLevel_8u32f_C1R_p
20314780   _icvSqrDistanceValid_Norm_8u32f_C1R_p
20314784   _icvCrossCorrValid_Norm_32f_C1R_p
20314788   _icvCrossCorrValid_NormLevel_32f_C1R_p
2031478c   _icvSqrDistanceValid_Norm_32f_C1R_p
20314790   _first__6CvType
20314794   _last__6CvType
2031479c   _icvCannyGetSize_p
203147a0   _icvCanny_16s8u_C1R_p
203147ac   ___end__
203147ac   end
20314c10   __CIOBUF_
ffffffff   ___TI_pprof_out_hndl
ffffffff   ___TI_prof_data_size
ffffffff   ___TI_prof_data_start
ffffffff   ___binit__
ffffffff   ___c_args__
ffffffff   binit

[1095 symbols]
