******************************************************************************
               TMS320C6x Linker PC v7.2.0                      
******************************************************************************
>> Linked Thu Jul 21 21:00:09 2016

OUTPUT FILE NAME:   <Shape_based_Matching_Algorithm.out>
ENTRY POINT SYMBOL: "_c_int00"  address: 20106fa0


MEMORY CONFIGURATION

         name            origin    length      used     unused   attr    fill
----------------------  --------  ---------  --------  --------  ----  --------
  RAM                   00000001   fffffffe  202c3410  dfd3cbee  RWIX


SECTION ALLOCATION MAP

 output                                  attributes/
section   page    origin      length       input sections
--------  ----  ----------  ----------   ----------------
.data      0    00000008    00000000     UNINITIALIZED

.stack     0    00000008    10000000     UNINITIALIZED
                  00000008    00000008     rts6400.lib : boot.obj (.stack)
                  00000010    0ffffff8     --HOLE--

.sysmem    0    10000008    10000000     UNINITIALIZED
                  10000008    00000008     rts6400.lib : memory.obj (.sysmem)
                  10000010    0ffffff8     --HOLE--

.pinit     0    20000008    0000000c     
                  20000008    00000004     FS_EMCV_v4_001.lib : cvhistogram.obj (.pinit)
                  2000000c    00000004                        : cxpersistence.obj (.pinit)
                  20000010    00000004     --HOLE-- [fill = 0]

.text      0    20000020    00107560     
                  20000020    00038060     FS_EMCV_v4_001.lib : cxconvert.obj (.text)
                  20038080    0002f8a0                        : cxarithm.obj (.text)
                  20067920    00018c60                        : cxpersistence.obj (.text)
                  20080580    00016540                        : cxmeansdv.obj (.text)
                  20096ac0    00011dc0                        : cxarray.obj (.text)
                  200a8880    0000ff80                        : cxdatastructs.obj (.text)
                  200b8800    0000f380                        : cxsumpixels.obj (.text)
                  200c7b80    0000dfa0                        : cvhistogram.obj (.text)
                  200d5b20    00009e20                        : cxmathfuncs.obj (.text)
                  200df940    00007300                        : cvaccum.obj (.text)
                  200e6c40    00006640                        : cxcopy.obj (.text)
                  200ed280    00005da0                        : cxmean.obj (.text)
                  200f3020    00004380                        : cxminmaxloc.obj (.text)
                  200f73a0    00002aa0                        : cxlut.obj (.text)
                  200f9e40    00001060                        : cxerror.obj (.text)
                  200faea0    00000700     rts6400.lib : divd.obj (.text:__divd)
                  200fb5a0    00000620                 : _printfi.obj (.text:__getarg_diouxp)
                  200fbbc0    000005c0                 : strtod.obj (.text:_strtod)
                  200fc180    000005a0     FS_EMCV_v4_001.lib : cvthresh.obj (.text)
                  200fc720    00000500     rts6400.lib : _printfi.obj (.text:__setfield)
                  200fcc20    00000500                 : strtol.obj (.text:_strtol)
                  200fd120    000004e0                 : _printfi.obj (.text:__printfi)
                  200fd600    000004c0                 : cos.obj (.text:_cos)
                  200fdac0    00000460                 : divf.obj (.text:__divf)
                  200fdf20    00000460                 : sin.obj (.text:_sin)
                  200fe380    00000400                 : _printfi.obj (.text:_fcvt)
                  200fe780    000003c0                 : addf.obj (.text:__addf)
                  200feb40    000003c0                 : fgets.obj (.text:__dofgets)
                  200fef00    000003c0                 : _printfi.obj (.text:_ecvt)
                  200ff2c0    000003a0                 : _printfi.obj (.text:__pproc_fge)
                  200ff660    00000340                 : _printfi.obj (.text:__pproc_fwp)
                  200ff9a0    00000340                 : fputs.obj (.text:_fputs)
                  200ffce0    00000320                 : _printfi.obj (.text:__pconv_e)
                  20100000    00000300                 : memory.obj (.text:_memalign)
                  20100300    000002e0                 : memory.obj (.text:_free)
                  201005e0    000002c0                 : imath64.obj (.text:__divull)
                  201008a0    000002c0                 : sqrt.obj (.text:_sqrt)
                  20100b60    00000280                 : mpyd.obj (.text:__mpyd)
                  20100de0    00000280                 : _printfi.obj (.text:__pproc_diouxp)
                  20101060    00000260                 : addd.obj (.text:__addd)
                  201012c0    00000260                 : frcaddd.obj (.text:__frcaddd)
                  20101520    00000260                 : frcmpyd_div.obj (.text:__frcmpyd_div)
                  20101780    00000260                 : _printfi.obj (.text:__pconv_g)
                  201019e0    00000260                 : _printfi.obj (.text:__pproc_str)
                  20101c40    00000240                 : mpyf.obj (.text:__mpyf)
                  20101e80    00000240                 : ldexp.obj (.text:_ldexp)
                  201020c0    00000220                 : _printfi.obj (.text:__mcpy)
                  201022e0    00000200                 : trgdrv.obj (.text:_HOSTrename)
                  201024e0    000001e0                 : fopen.obj (.text:__openfile)
                  201026c0    000001e0                 : frexp.obj (.text:_frexp)
                  201028a0    000001c0                 : memory.obj (.text:_malloc)
                  20102a60    000001c0                 : lowlev.obj (.text:_open)
                  20102c20    000001c0                 : setvbuf.obj (.text:_setvbuf)
                  20102de0    000001a0                 : imath40.obj (.text:__divul)
                  20102f80    00000180                 : lowlev.obj (.text:_getdevice)
                  20103100    00000160                 : _printfi.obj (.text:__ltostr)
                  20103260    00000160                 : round.obj (.text:__nround)
                  201033c0    00000160                 : _printfi.obj (.text:__pproc_fflags)
                  20103520    00000160                 : fputc.obj (.text:_fputc)
                  20103680    00000140                 : _bufread.obj (.text:__buff_read)
                  201037c0    00000140                 : fopen.obj (.text:__search_fp)
                  20103900    00000140                 : fclose.obj (.text:_fclose)
                  20103a40    00000120                 : trgdrv.obj (.text:_HOSTlseek)
                  20103b60    00000120                 : autoinit.obj (.text:__auto_init)
                  20103c80    00000120                 : frcmpyd.obj (.text:__frcmpyd)
                  20103da0    00000120                 : atoi.obj (.text:_atoi)
                  20103ec0    00000100                 : trgdrv.obj (.text:_HOSTopen)
                  20103fc0    00000100                 : trgdrv.obj (.text:_HOSTread)
                  201040c0    00000100                 : trgdrv.obj (.text:_HOSTwrite)
                  201041c0    00000100                 : divi.obj (.text:__divi)
                  201042c0    00000100                 : fltllid.obj (.text:__fltllid)
                  201043c0    00000100                 : strasg.obj (.text:__strasgi)
                  201044c0    00000100                 : _io_perm.obj (.text:__wrt_ok)
                  201045c0    00000100                 : sinit.obj (.text:_call_dtors)
                  201046c0    00000100                 : lowlev.obj (.text:_close)
                  201047c0    00000100                 : exit.obj (.text:_exit)
                  201048c0    00000100                 : fflush.obj (.text:_fflush)
                  201049c0    00000100                 : fseek.obj (.text:_fseek)
                  20104ac0    00000100                 : lowlev.obj (.text:_lseek)
                  20104bc0    00000100                 : ltoa.obj (.text:_ltoa)
                  20104cc0    00000100                 : memset.obj (.text:_memset)
                  20104dc0    00000100                 : lowlev.obj (.text:_read)
                  20104ec0    00000100                 : lowlev.obj (.text:_write)
                  20104fc0    000000e0                 : trgdrv.obj (.text:_HOSTunlink)
                  201050a0    000000e0                 : fopen.obj (.text:__cleanup)
                  20105180    000000e0                 : cmpd.obj (.text:__cmpd)
                  20105260    000000e0                 : _printfi.obj (.text:__div)
                  20105340    000000e0                 : fflush.obj (.text:__doflush)
                  20105420    000000e0                 : _printfi.obj (.text:__pconv_f)
                  20105500    000000e0                 : ftell.obj (.text:_ftell)
                  201055e0    000000e0                 : memcpy64.obj (.text:_memcpy)
                  201056c0    000000e0                 : modf.obj (.text:_modf)
                  201057a0    000000c0                 : trgdrv.obj (.text:_HOSTclose)
                  20105860    000000c0                 : new_.obj (.text:___nw__FUi)
                  20105920    000000c0                 : cvtdf.obj (.text:__cvtdf)
                  201059e0    000000c0                 : divu.obj (.text:__divu)
                  20105aa0    000000c0                 : _printfi.obj (.text:__ecpy)
                  20105b60    000000c0                 : _printfi.obj (.text:__fcpy)
                  20105c20    000000c0                 : _io_perm.obj (.text:__rd_ok)
                  20105ce0    000000c0                 : remi.obj (.text:__remi)
                  20105da0    000000c0                 : memory.obj (.text:_minsert)
                  20105e60    000000c0                 : memory.obj (.text:_mremove)
                  20105f20    000000c0                 : strstr.obj (.text:_strstr)
                  20105fe0    000000c0                 : lowlev.obj (.text:_tabinit)
                  201060a0    000000a0     FS_EMCV_v4_001.lib : cxalloc.obj (.text)
                  20106140    000000a0     rts6400.lib : cmpf.obj (.text:__cmpf)
                  201061e0    000000a0                 : imath40.obj (.text:__divli)
                  20106280    000000a0                 : fixdi.obj (.text:__fixdi)
                  20106320    000000a0                 : fixdli.obj (.text:__fixdli)
                  201063c0    000000a0                 : frcmpyf_div.obj (.text:__frcmpyf_div)
                  20106460    000000a0                 : remu.obj (.text:__remu)
                  20106500    000000a0                 : renormd.obj (.text:__renormd)
                  201065a0    000000a0                 : cpy_tbl.obj (.text:_copy_in)
                  20106640    000000a0                 : lowlev.obj (.text:_finddevice)
                  201066e0    00000080                 : fltlid.obj (.text:__fltlid)
                  20106760    00000080                 : llshift.obj (.text:__llshl)
                  201067e0    00000080                 : mpyll.obj (.text:__mpyll)
                  20106860    00000080                 : fopen.obj (.text:_fopen)
                  201068e0    00000080                 : fprintf.obj (.text:_fprintf)
                  20106960    00000080                 : memccpy.obj (.text:_memccpy)
                  201069e0    00000080                 : printf.obj (.text:_printf)
                  20106a60    00000080                 : trgmsg.obj (.text:_readmsg)
                  20106ae0    00000080                 : sprintf.obj (.text:_sprintf)
                  20106b60    00000080                 : lowlev.obj (.text:_unlink)
                  20106be0    00000060                 : assert.obj (.text:__abort_msg)
                  20106c40    00000060                 : cvtfd.obj (.text:__cvtfd)
                  20106ca0    00000060                 : fltid.obj (.text:__fltid)
                  20106d00    00000060                 : fltif.obj (.text:__fltif)
                  20106d60    00000060                 : frcmpyf.obj (.text:__frcmpyf)
                  20106dc0    00000060                 : llshift.obj (.text:__llshru)
                  20106e20    00000060                 : sprintf.obj (.text:__outs)
                  20106e80    00000060                 : imath40.obj (.text:__remli)
                  20106ee0    00000060                 : imath40.obj (.text:__remul)
                  20106f40    00000060                 : imath64.obj (.text:__subcull)
                  20106fa0    00000060                 : boot.obj (.text:_c_int00)
                  20107000    00000060                 : memmov.obj (.text:_memmove)
                  20107060    00000060                 : trgmsg.obj (.text:_writemsg)
                  201070c0    00000040                 : sinit.obj (.text:___add_dtor)
                  20107100    00000040                 : isinf.obj (.text:___isinf)
                  20107140    00000040                 : _printfi.obj (.text:___isnan)
                  20107180    00000040                 : divd.obj (.text:___isnan)
                  201071c0    00000040                 : divf.obj (.text:___isnanf)
                  20107200    00000040                 : args_main.obj (.text:__args_main)
                  20107240    00000040                 : fltud.obj (.text:__fltud)
                  20107280    00000040                 : fltuf.obj (.text:__fltuf)
                  201072c0    00000040                 : negd.obj (.text:__negd)
                  20107300    00000040                 : subd.obj (.text:__subd)
                  20107340    00000040                 : subf.obj (.text:__subf)
                  20107380    00000040     main.obj (.text)
                  201073c0    00000020     rts6400.lib : newhandler.obj (.text:___default_new_handler__Fv)
                  201073e0    00000020                 : delete.obj (.text:___dl__FPv)
                  20107400    00000020                 : negll.obj (.text:__negll)
                  20107420    00000020                 : _lock.obj (.text:__nop)
                  20107440    00000020                 : fprintf.obj (.text:__outc)
                  20107460    00000020                 : printf.obj (.text:__outc)
                  20107480    00000020                 : sprintf.obj (.text:__outc)
                  201074a0    00000020                 : fprintf.obj (.text:__outs)
                  201074c0    00000020                 : printf.obj (.text:__outs)
                  201074e0    00000020                 : trunc.obj (.text:__trunc)
                  20107500    00000020                 : exit.obj (.text:_abort)
                  20107520    00000020                 : feof.obj (.text:_feof)
                  20107540    00000020                 : fgets.obj (.text:_fgets)
                  20107560    00000020                 : remove.obj (.text:_remove)

.far       0    20107580    000ea388     UNINITIALIZED
                  20107580    000c0000     main.obj (.far)
                  201c7580    000100b5     FS_EMCV_v4_001.lib : cvaccum.obj (.far)
                  201d7635    00000003     --HOLE--
                  201d7638    000080e7                        : cxconvert.obj (.far)
                  201df71f    00000001     --HOLE--
                  201df720    0000804e                        : cxmeansdv.obj (.far)
                  201e776e    00000002     --HOLE--
                  201e7770    00004081                        : cxsumpixels.obj (.far)
                  201eb7f1    00000003     --HOLE--
                  201eb7f4    00000004     rts6400.lib : errno.obj (.far)
                  201eb7f8    00004026     FS_EMCV_v4_001.lib : cxmean.obj (.far)
                  201ef81e    00000002     --HOLE--
                  201ef820    000005cc                        : cxpersistence.obj (.far)
                  201efdec    00000004     rts6400.lib : fopen.obj (.far)
                  201efdf0    0000058f     FS_EMCV_v4_001.lib : cxdatastructs.obj (.far)
                  201f037f    00000001     --HOLE--
                  201f0380    00000444                        : cxarray.obj (.far)
                  201f07c4    00000004     rts6400.lib : sinit.obj (.far)
                  201f07c8    000001c1     FS_EMCV_v4_001.lib : cxcopy.obj (.far)
                  201f0989    00000003     --HOLE--
                  201f098c    00000004     rts6400.lib : vars.obj (.far)
                  201f0990    00000194                 : defs.obj (.far)
                  201f0b24    00000004     --HOLE--
                  201f0b28    00000188                 : atexit.obj (.far)
                  201f0cb0    0000017c     FS_EMCV_v4_001.lib : cvhistogram.obj (.far)
                  201f0e2c    00000004     --HOLE--
                  201f0e30    00000146                        : cxdxt.obj (.far)
                  201f0f76    00000002     --HOLE--
                  201f0f78    0000013e                        : cxarithm.obj (.far)
                  201f10b6    00000002     --HOLE--
                  201f10b8    00000125                        : cvfilter.obj (.far)
                  201f11dd    00000003     --HOLE--
                  201f11e0    00000120     rts6400.lib : pow.obj (.far)
                  201f1300    00000100     FS_EMCV_v4_001.lib : cxerror.obj (.far)
                  201f1400    000000d0     rts6400.lib : trgdrv.obj (.far)
                  201f14d0    000000cc                 : lowlev.obj (.far)
                  201f159c    00000004     --HOLE--
                  201f15a0    0000008c     FS_EMCV_v4_001.lib : cxminmaxloc.obj (.far)
                  201f162c    00000004     --HOLE--
                  201f1630    00000072                        : cvpyramids.obj (.far)
                  201f16a2    00000006     --HOLE--
                  201f16a8    00000063                        : cxmathfuncs.obj (.far)
                  201f170b    00000005     --HOLE--
                  201f1710    00000056                        : cxlut.obj (.far)
                  201f1766    00000002     --HOLE--
                  201f1768    00000040     rts6400.lib : cos.obj (.far)
                  201f17a8    00000040                 : sin.obj (.far)
                  201f17e8    00000030                 : exp.obj (.far)
                  201f1818    0000002e     FS_EMCV_v4_001.lib : cvderiv.obj (.far)
                  201f1846    00000002     --HOLE--
                  201f1848    00000029                        : cvutils.obj (.far)
                  201f1871    00000007     --HOLE--
                  201f1878    00000028                        : cvcanny.obj (.far)
                  201f18a0    00000020                        : cvtemplmatch.obj (.far)
                  201f18c0    00000010                        : cvsumpixels.obj (.far)
                  201f18d0    0000000c                        : cvthresh.obj (.far)
                  201f18dc    0000000c     rts6400.lib : exit.obj (.far)
                  201f18e8    00000008     FS_EMCV_v4_001.lib : cxalloc.obj (.far)
                  201f18f0    00000008     rts6400.lib : _lock.obj (.far)
                  201f18f8    00000008                 : memory.obj (.far)
                  201f1900    00000008                 : rand.obj (.far)

.cinit     0    201f1908    000c3c6c     
                  201f1908    000c0008     main.obj (.cinit)
                  202b1910    0000087c     FS_EMCV_v4_001.lib : cxpersistence.obj (.cinit)
                  202b218c    00000004     --HOLE-- [fill = 0]
                  202b2190    000007c7                        : cxdatastructs.obj (.cinit)
                  202b2957    00000001     --HOLE-- [fill = 0]
                  202b2958    0000064c                        : cxarray.obj (.cinit)
                  202b2fa4    00000004     --HOLE-- [fill = 0]
                  202b2fa8    0000032d                        : cvfilter.obj (.cinit)
                  202b32d5    00000003     --HOLE-- [fill = 0]
                  202b32d8    00000326                        : cvderiv.obj (.cinit)
                  202b35fe    00000002     --HOLE-- [fill = 0]
                  202b3600    00000326                        : cxmeansdv.obj (.cinit)
                  202b3926    00000002     --HOLE-- [fill = 0]
                  202b3928    000002fe                        : cxdxt.obj (.cinit)
                  202b3c26    00000002     --HOLE-- [fill = 0]
                  202b3c28    000002e3                        : cxmathfuncs.obj (.cinit)
                  202b3f0b    00000005     --HOLE-- [fill = 0]
                  202b3f10    000002cf                        : cxconvert.obj (.cinit)
                  202b41df    00000001     --HOLE-- [fill = 0]
                  202b41e0    00000229                        : cxsumpixels.obj (.cinit)
                  202b4409    00000007     --HOLE-- [fill = 0]
                  202b4410    00000215                        : cvaccum.obj (.cinit)
                  202b4625    00000003     --HOLE-- [fill = 0]
                  202b4628    0000020c                        : cvhistogram.obj (.cinit)
                  202b4834    00000004     --HOLE-- [fill = 0]
                  202b4838    000001e9                        : cxcopy.obj (.cinit)
                  202b4a21    00000007     --HOLE-- [fill = 0]
                  202b4a28    000001a6                        : cxarithm.obj (.cinit)
                  202b4bce    00000002     --HOLE-- [fill = 0]
                  202b4bd0    0000019e                        : cxmean.obj (.cinit)
                  202b4d6e    00000002     --HOLE-- [fill = 0]
                  202b4d70    00000140     rts6400.lib : pow.obj (.cinit)
                  202b4eb0    00000139     FS_EMCV_v4_001.lib : cvutils.obj (.cinit)
                  202b4fe9    00000007     --HOLE-- [fill = 0]
                  202b4ff0    000000e4                        : cxminmaxloc.obj (.cinit)
                  202b50d4    00000004     --HOLE-- [fill = 0]
                  202b50d8    000000e2                        : cvpyramids.obj (.cinit)
                  202b51ba    00000006     --HOLE-- [fill = 0]
                  202b51c0    00000090                        : cvtemplmatch.obj (.cinit)
                  202b5250    0000005c     rts6400.lib : defs.obj (.cinit)
                  202b52ac    00000004     --HOLE-- [fill = 0]
                  202b52b0    0000005c                 : lowlev.obj (.cinit)
                  202b530c    00000004     --HOLE-- [fill = 0]
                  202b5310    00000048                 : cos.obj (.cinit)
                  202b5358    00000048                 : sin.obj (.cinit)
                  202b53a0    00000040                 : exp.obj (.cinit)
                  202b53e0    00000030     FS_EMCV_v4_001.lib : cvcanny.obj (.cinit)
                  202b5410    0000002c     rts6400.lib : exit.obj (.cinit)
                  202b543c    00000004     --HOLE-- [fill = 0]
                  202b5440    0000002c                 : memory.obj (.cinit)
                  202b546c    00000004     --HOLE-- [fill = 0]
                  202b5470    0000001e     FS_EMCV_v4_001.lib : cxlut.obj (.cinit)
                  202b548e    00000002     --HOLE-- [fill = 0]
                  202b5490    0000001c     rts6400.lib : _lock.obj (.cinit)
                  202b54ac    00000004     --HOLE-- [fill = 0]
                  202b54b0    0000001c                 : atexit.obj (.cinit)
                  202b54cc    00000004     --HOLE-- [fill = 0]
                  202b54d0    00000018     FS_EMCV_v4_001.lib : cvsumpixels.obj (.cinit)
                  202b54e8    00000014                        : cvthresh.obj (.cinit)
                  202b54fc    00000004     --HOLE-- [fill = 0]
                  202b5500    00000010                        : cxalloc.obj (.cinit)
                  202b5510    00000010     rts6400.lib : rand.obj (.cinit)
                  202b5520    0000000c     FS_EMCV_v4_001.lib : cxerror.obj (.cinit)
                  202b552c    00000004     --HOLE-- [fill = 0]
                  202b5530    0000000c     rts6400.lib : errno.obj (.cinit)
                  202b553c    00000004     --HOLE-- [fill = 0]
                  202b5540    0000000c                 : fopen.obj (.cinit)
                  202b554c    00000004     --HOLE-- [fill = 0]
                  202b5550    0000000c                 : sinit.obj (.cinit)
                  202b555c    00000004     --HOLE-- [fill = 0]
                  202b5560    0000000c                 : vars.obj (.cinit)
                  202b556c    00000004     --HOLE-- [fill = 0]
                  202b5570    00000004     (.pad.cinit) [fill = 0]

.const     0    202b5578    0000d230     
                  202b5578    00002259     FS_EMCV_v4_001.lib : cxpersistence.obj (.const:.string)
                  202b77d1    00001d1a                        : cxdatastructs.obj (.const:.string)
                  202b94eb    000010b5                        : cxarray.obj (.const:.string)
                  202ba5a0    00001000                        : cxmathfuncs.obj (.const:_icvLogTab)
                  202bb5a0    00000c00                        : cvtables.obj (.const:_icv8x32fTab_cv)
                  202bc1a0    000009d1                        : cxdxt.obj (.const:.string)
                  202bcb71    0000086b                        : cvpyramids.obj (.const:.string)
                  202bd3dc    000007d0                        : cvfilter.obj (.const:.string)
                  202bdbac    000007ac     ModelBuilding.obj (.const:.string)
                  202be358    000006be     FS_EMCV_v4_001.lib : cvhistogram.obj (.const:.string)
                  202bea16    00000002     rts6400.lib : fputs.obj (.const:.string)
                  202bea18    00000600     FS_EMCV_v4_001.lib : cvtables.obj (.const:_icv8x32fSqrTab)
                  202bf018    00000600                        : cxtables.obj (.const:_icv8x32fTab)
                  202bf618    00000598                        : cxarithm.obj (.const:.string)
                  202bfbb0    000004bc                        : cxconvert.obj (.const:.string)
                  202c006c    000004b0                        : cxsumpixels.obj (.const:.string)
                  202c051c    00000003     rts6400.lib : assert.obj (.const:.string)
                  202c051f    00000001     --HOLE-- [fill = 0]
                  202c0520    000003fe     FS_EMCV_v4_001.lib : cxtables.obj (.const:_icv8x16uSqrTab)
                  202c091e    000003ae                        : cxerror.obj (.const:.string)
                  202c0ccc    00000346                        : cvtemplmatch.obj (.const:.string)
                  202c1012    00000006     --HOLE-- [fill = 0]
                  202c1018    00000301                        : cxtables.obj (.const:_icvSaturate8u)
                  202c1319    000002f3                        : cvderiv.obj (.const:.string)
                  202c160c    00000218                        : cvsumpixels.obj (.const:.string)
                  202c1824    00000004     --HOLE-- [fill = 0]
                  202c1828    00000200                        : cxmathfuncs.obj (.const:_icvExpTab)
                  202c1a28    00000200                        : cxmathfuncs.obj (.const:_sin_table$5)
                  202c1c28    0000017a                        : cvutils.obj (.const:.string)
                  202c1da2    0000011d                        : cxcopy.obj (.const:.string)
                  202c1ebf    00000001     --HOLE-- [fill = 0]
                  202c1ec0    00000101     rts6400.lib : ctype.obj (.const:__ctypes_)
                  202c1fc1    000000f5     FS_EMCV_v4_001.lib : cvthresh.obj (.const:.string)
                  202c20b6    000000bf                        : cxmathfuncs.obj (.const:.string)
                  202c2175    0000009e                        : cxmeansdv.obj (.const:.string)
                  202c2213    0000009c                        : cxlut.obj (.const:.string)
                  202c22af    0000009b                        : cxmean.obj (.const:.string)
                  202c234a    00000006     --HOLE-- [fill = 0]
                  202c2350    00000098                        : cxarray.obj (.const)
                  202c23e8    00000078                        : cvaccum.obj (.const:.string)
                  202c2460    00000061                        : cxminmaxloc.obj (.const:.string)
                  202c24c1    00000007     --HOLE-- [fill = 0]
                  202c24c8    00000060                        : cxsumpixels.obj (.const)
                  202c2528    00000050     rts6400.lib : strtod.obj (.const:_digits)
                  202c2578    00000048                 : strtod.obj (.const:_powerof10)
                  202c25c0    00000046     FS_EMCV_v4_001.lib : cvcanny.obj (.const:.string)
                  202c2606    00000002     --HOLE-- [fill = 0]
                  202c2608    00000040                        : cxmeansdv.obj (.const)
                  202c2648    00000029                        : cxalloc.obj (.const:.string)
                  202c2671    00000023     rts6400.lib : _printfi.obj (.const:.string)
                  202c2694    00000004     --HOLE-- [fill = 0]
                  202c2698    00000020     FS_EMCV_v4_001.lib : cxmean.obj (.const)
                  202c26b8    00000020                        : cxmathfuncs.obj (.const:_icvAtanSign)
                  202c26d8    00000020                        : cxmathfuncs.obj (.const:_icvAtanTab)
                  202c26f8    00000020                        : cxdatastructs.obj (.const:_icvPower2ShiftTab)
                  202c2718    00000012                        : cxpersistence.obj (.const:_$P$T3$33)
                  202c272a    00000006     --HOLE-- [fill = 0]
                  202c2730    00000012                        : cxtables.obj (.const:_icvDepthToType)
                  202c2742    00000006     --HOLE-- [fill = 0]
                  202c2748    00000010                        : cxmathfuncs.obj (.const:_shift$22)
                  202c2758    00000010                        : cxmathfuncs.obj (.const:_shift$26)
                  202c2768    0000000c                        : cxdatastructs.obj (.const)
                  202c2774    00000004     --HOLE-- [fill = 0]
                  202c2778    00000009                        : cxpersistence.obj (.const:_icvTypeSymbol)
                  202c2781    00000003     --HOLE-- [fill = 0]
                  202c2784    00000008     main.obj (.const:.string)
                  202c278c    00000008     FS_EMCV_v4_001.lib : cxconvert.obj (.const)
                  202c2794    00000004     --HOLE-- [fill = 0]
                  202c2798    00000008     rts6400.lib : divd.obj (.const:_initial_approx$1)
                  202c27a0    00000008                 : divf.obj (.const:_initial_approx$1)

.bss       0    202c27a8    000006fc     UNINITIALIZED
                  202c27a8    0000011c     FS_EMCV_v4_001.lib : cxmathfuncs.obj (.bss)
                  202c28c4    000000c4                        : cxmeansdv.obj (.bss)
                  202c2988    000000b8                        : cvderiv.obj (.bss)
                  202c2a40    00000098                        : cxconvert.obj (.bss)
                  202c2ad8    00000088                        : cxdxt.obj (.bss)
                  202c2b60    0000007c                        : cxsumpixels.obj (.bss)
                  202c2bdc    00000070                        : cvaccum.obj (.bss)
                  202c2c4c    0000006c                        : cvfilter.obj (.bss)
                  202c2cb8    00000064                        : cxcopy.obj (.bss)
                  202c2d1c    00000064                        : cxmean.obj (.bss)
                  202c2d80    0000004c                        : cxarithm.obj (.bss)
                  202c2dcc    00000040                        : cvutils.obj (.bss)
                  202c2e0c    00000034                        : cxminmaxloc.obj (.bss)
                  202c2e40    00000030                        : cvpyramids.obj (.bss)
                  202c2e70    00000018                        : cvtemplmatch.obj (.bss)
                  202c2e88    0000000c                        : cxpersistence.obj (.bss)
                  202c2e94    00000008                        : cvcanny.obj (.bss)
                  202c2e9c    00000004                        : cxerror.obj (.bss)
                  202c2ea0    00000004                        : cxlut.obj (.bss)

.switch    0    202c2ea4    00000464     
                  202c2ea4    000000a8     FS_EMCV_v4_001.lib : cxerror.obj (.switch:_cvErrorStr)
                  202c2f4c    00000060                        : cxerror.obj (.switch:_cvErrorFromIppStatus)
                  202c2fac    00000040                        : cxpersistence.obj (.switch:_cvReadRawDataSlice)
                  202c2fec    00000020                        : cvhistogram.obj (.switch:_cvCompareHist)
                  202c300c    00000020                        : cxarray.obj (.switch:_cvRawDataToScalar)
                  202c302c    00000020                        : cxpersistence.obj (.switch:_cvWriteRawData)
                  202c304c    00000020                        : cxconvert.obj (.switch:_icvCvtScaleTo_16s_C1R__FPCUciPsT26CvSizedT6T2)
                  202c306c    00000020                        : cxconvert.obj (.switch:_icvCvtScaleTo_16u_C1R__FPCUciPUsT26CvSizedT6T2)
                  202c308c    00000020                        : cxconvert.obj (.switch:_icvCvtScaleTo_32f_C1R__FPCUciPfT26CvSizedT6T2)
                  202c30ac    00000020                        : cxconvert.obj (.switch:_icvCvtScaleTo_32s_C1R__FPCUciPiT26CvSizedT6T2)
                  202c30cc    00000020                        : cxconvert.obj (.switch:_icvCvtScaleTo_64f_C1R__FPCUciPdT26CvSizedT6T2)
                  202c30ec    00000020                        : cxconvert.obj (.switch:_icvCvtScaleTo_8s_C1R__FPCUciPcT26CvSizedT6T2)
                  202c310c    00000020                        : cxconvert.obj (.switch:_icvCvtScaleTo_8u_C1R__FPCUciPUcT26CvSizedT6T2)
                  202c312c    00000020                        : cxconvert.obj (.switch:_icvCvtTo_16s_C1R__FPCUciPsT26CvSizeT2)
                  202c314c    00000020                        : cxconvert.obj (.switch:_icvCvtTo_16u_C1R__FPCUciPUsT26CvSizeT2)
                  202c316c    00000020                        : cxconvert.obj (.switch:_icvCvtTo_32f_C1R__FPCUciPfT26CvSizeT2)
                  202c318c    00000020                        : cxconvert.obj (.switch:_icvCvtTo_32s_C1R__FPCUciPiT26CvSizeT2)
                  202c31ac    00000020                        : cxconvert.obj (.switch:_icvCvtTo_8s_C1R__FPCUciPcT26CvSizeT2)
                  202c31cc    00000020                        : cxconvert.obj (.switch:_icvCvtTo_8u_C1R__FPCUciPUcT26CvSizeT2)
                  202c31ec    0000001c                        : cxarray.obj (.switch:_cvGetReal1D)
                  202c3208    0000001c                        : cxarray.obj (.switch:_cvGetReal2D)
                  202c3224    0000001c                        : cxarray.obj (.switch:_cvGetReal3D)
                  202c3240    0000001c                        : cxarray.obj (.switch:_cvGetRealND)
                  202c325c    0000001c                        : cxarray.obj (.switch:_cvScalarToRawData)
                  202c3278    00000018                        : cxconvert.obj (.switch:_icvCvtTo_64f_C1R__FPCUciPdT26CvSizeT2)
                  202c3290    00000014                        : cxarray.obj (.switch:_cvSetReal1D)
                  202c32a4    00000014                        : cxarray.obj (.switch:_cvSetReal2D)
                  202c32b8    00000014                        : cxarray.obj (.switch:_cvSetReal3D)
                  202c32cc    00000014                        : cxarray.obj (.switch:_cvSetRealND)
                  202c32e0    00000014                        : cxconvert.obj (.switch:_icvCvtScaleAbsTo_8u_C1R__FPCUciPUcT26CvSizedT6T2)
                  202c32f4    00000014                        : cxpersistence.obj (.switch:_icvWriteFileNode__FP13CvFileStoragePCcPC10CvFileNode)

.cio       0    202c3308    00000120     UNINITIALIZED
                  202c3308    00000120     rts6400.lib : trgmsg.obj (.cio)


GLOBAL SYMBOLS: SORTED ALPHABETICALLY BY Name 

address    name
--------   ----
202c27a8   $bss
202c27a8   .bss
00000008   .data
20000020   .text
20107500   C$$EXIT
201070b8   C$$IO$$
201057a0   _HOSTclose
20103a40   _HOSTlseek
20103ec0   _HOSTopen
20103fc0   _HOSTread
201022e0   _HOSTrename
20104fc0   _HOSTunlink
201040c0   _HOSTwrite
202c3308   __CIOBUF_
10000008   __STACK_END
10000000   __STACK_SIZE
10000000   __SYSMEM_SIZE
00000001   __TI_args_main
20080228   ___CPR116____ct__6CvTypeFPCcPFKPCv_iPFKPPv_vPFKP13CvFileStorageP10CvFileNode_PvPFKPJ37JPCcPCv10CvAttrList_vPFKPCv_Pv
201f18e4   ___TI_enable_exit_profile_output
ffffffff   ___TI_pprof_out_hndl
ffffffff   ___TI_prof_data_size
ffffffff   ___TI_prof_data_start
201070c0   ___add_dtor
201f0b28   ___atexit_func_id__
ffffffff   ___binit__
202c27a8   ___bss__
ffffffff   ___c_args__
201f1908   ___cinit__
00000008   ___data__
201073c0   ___default_new_handler__Fv
201073e0   ___dl__FPv
20074d60   ___dt__6CvTypeFv
00000008   ___edata__
202c2ea4   ___end__
20107580   ___etext__
20107100   ___isinf
20105860   ___nw__FUi
20000008   ___pinit__
200d5aa8   ___sti___15_cvhistogram_cpp_94fcd9cc
2008030c   ___sti___17_cxpersistence_cpp_seq_type
20000020   ___text__
20106be0   __abort_msg
20101060   __addd
200fe780   __addf
20107200   __args_main
20103b60   __auto_init
20103680   __buff_read
201041c0   __c6xabi_divi
201059e0   __c6xabi_divu
20105ce0   __c6xabi_remi
20106460   __c6xabi_remu
201043c0   __c6xabi_strasgi
201050a0   __cleanup
201f18dc   __cleanup_ptr
20105180   __cmpd
20106140   __cmpf
202c1ec0   __ctypes_
20105920   __cvtdf
20106c40   __cvtfd
200faea0   __divd
200fdac0   __divf
201041c0   __divi
201061e0   __divli
201059e0   __divu
20102de0   __divul
201005e0   __divull
20105340   __doflush
201f18e0   __dtors_ptr
20106280   __fixdi
20106320   __fixdli
20106ca0   __fltid
20106d00   __fltif
201066e0   __fltlid
201042c0   __fltllid
20107240   __fltud
20107280   __fltuf
201012c0   __frcaddd
20103c80   __frcmpyd
20101520   __frcmpyd_div
20106d60   __frcmpyf
201063c0   __frcmpyf_div
201f0b20   __ft_end
201f0990   __ftable
20106760   __llshl
20106dc0   __llshru
201f18f0   __lock
20100b60   __mpyd
20101c40   __mpyf
201067e0   __mpyll
201072c0   __negd
20107400   __negll
201f098c   __new_handler
20107420   __nop
20103260   __nround
200fd120   __printfi
20105c20   __rd_ok
20105ce0   __remi
20106e80   __remli
20106460   __remu
20106ee0   __remul
20106500   __renormd
00000008   __stack
201043c0   __strasgi
20106f40   __subcull
20107300   __subd
20107340   __subf
10000008   __sys_memory
201f0a80   __tmpnams
201074e0   __trunc
201f18f4   __unlock
201044c0   __wrt_ok
20107500   _abort
20103da0   _atoi
20107580   _beauty_gray
20106fa0   _c_int00
201045c0   _call_dtors
201046c0   _close
201065a0   _copy_in
200fd600   _cos
200e642c   _cvAcc
200664c0   _cvAdd
200653c0   _cvAddS
20064d98   _cvAddWeighted
201060b8   _cvAlloc
200713f0   _cvAttrValue
200f26e0   _cvAvg
20095f60   _cvAvgSdv
200d5420   _cvCalcArrBackProject
200d1d88   _cvCalcArrBackProjectPatch
200cda30   _cvCalcArrHist
200d1940   _cvCalcBayesianProb
200d138c   _cvCalcProbDensity
200dec0c   _cvCartToPolar
200ddfe0   _cvCbrt
200ab140   _cvChangeSeqBlock
200ddca0   _cvCheckArr
200a864c   _cvCheckTermCriteria
200b8648   _cvClearGraph
200d1320   _cvClearHist
200b85e0   _cvClearMemStorage
200a82f0   _cvClearND
200b84a8   _cvClearSeq
200b8500   _cvClearSet
20080028   _cvClone
200b7c80   _cvCloneGraph
200a80b4   _cvCloneImage
200a7e90   _cvCloneMat
200a78c0   _cvCloneMatND
200a76ac   _cvCloneSparseMat
200cf470   _cvCompareHist
200371c8   _cvConvertScale
20036dc4   _cvConvertScaleAbs
200ebcec   _cvCopy
200c9384   _cvCopyHist
200c7428   _cvCountNonZero
200b13a0   _cvCreateChildMemStorage
200a5a64   _cvCreateData
200b7ac8   _cvCreateGraph
200b7688   _cvCreateGraphScanner
200c8f30   _cvCreateHist
200a7320   _cvCreateImage
200a71c4   _cvCreateImageHeader
200a6a44   _cvCreateMat
200a65a0   _cvCreateMatHeader
200a5ee0   _cvCreateMatND
200a56a0   _cvCreateMatNDHeader
200b11e0   _cvCreateMemStorage
200a9040   _cvCreateSeq
200b176c   _cvCreateSeqBlock
200b73e0   _cvCreateSet
200a51a0   _cvCreateSparseMat
200b71ac   _cvCvtSeqToArray
20063ee8   _cvDiv
200b1864   _cvEndWriteSeq
200760c0   _cvEndWriteStruct
200ce9e0   _cvEqualizeHist
200fac40   _cvError
200faaf0   _cvErrorFromIppStatus
200f9e48   _cvErrorStr
200dd6a0   _cvExp
200da070   _cvFastArctan
200b6ea0   _cvFindGraphEdge
200b64a8   _cvFindGraphEdgeByPtr
20074b44   _cvFindType
2008001c   _cvFirstType
200eb5c4   _cvFlip
200b1640   _cvFlushSeqWriter
201060a0   _cvFree_
200a4d48   _cvGet1D
200a4900   _cvGet2D
200a45e0   _cvGet3D
200a4320   _cvGetCols
200a3ff0   _cvGetDiag
200a3ce0   _cvGetDimSize
2009c808   _cvGetDims
200a3b8c   _cvGetElemType
200fa918   _cvGetErrInfo
200fa1d4   _cvGetErrMode
200fa888   _cvGetErrStatus
20078440   _cvGetFileNode
2006ade8   _cvGetFileNodeByName
2007fb44   _cvGetFileNodeName
20078100   _cvGetHashedKey
200a39c0   _cvGetImage
200a3940   _cvGetImageCOI
200a3844   _cvGetImageROI
2009cc60   _cvGetMat
200ca8cc   _cvGetMinMaxHistValue
200a3560   _cvGetND
200a31c8   _cvGetRawData
200a2c44   _cvGetReal1D
200a26e0   _cvGetReal2D
200a2100   _cvGetReal3D
200a1d0c   _cvGetRealND
2007ff94   _cvGetRootFileNode
200a19e0   _cvGetRows
200aaa34   _cvGetSeqElem
200ab280   _cvGetSeqReaderPos
200a18c0   _cvGetSize
200a1568   _cvGetSubRect
200b6b80   _cvGraphAddEdge
200b6620   _cvGraphAddEdgeByPtr
200b62c0   _cvGraphAddVtx
200b5fe0   _cvGraphRemoveEdge
200b5840   _cvGraphRemoveEdgeByPtr
200b5d20   _cvGraphRemoveVtx
200b5b88   _cvGraphRemoveVtxByPtr
200b55a0   _cvGraphVtxDegree
200b5468   _cvGraphVtxDegreeByPtr
200fa6a8   _cvGuiBoxReport
200a0fe4   _cvInitImageHeader
2009ca20   _cvInitMatHeader
200a0ce0   _cvInitMatNDHeader
200a0440   _cvInitNArrayIterator
20096ac0   _cvInitSparseMatIterator
200a9340   _cvInitTreeNodeIterator
200b5368   _cvInsertNodeIntoTree
200f94a8   _cvLUT
2007fb70   _cvLoad
200dd0c0   _cvLog
200ca6c0   _cvMakeHistHeaderForArray
200b2d00   _cvMakeSeqHeaderForArray
200a8c60   _cvMemStorageAlloc
200b5240   _cvMemStorageAllocString
20032400   _cvMerge
200f6680   _cvMinMaxLoc
200318e8   _cvMixChannels
20063240   _cvMul
200e5cc0   _cvMultiplyAcc
200b4d84   _cvNextGraphItem
200a02d8   _cvNextNArraySlice
200a93c0   _cvNextTreeNode
200ca148   _cvNormalizeHist
200fa610   _cvNulDevReport
2007e204   _cvOpenFileStorage
200dc0e0   _cvPolarToCart
200dab48   _cvPow
200b4948   _cvPrevTreeNode
20098be0   _cvPtr1D
20097360   _cvPtr2D
20097f60   _cvPtr3D
200978c0   _cvPtrND
2009fa60   _cvRawDataToScalar
20074dcc   _cvRead
2006c740   _cvReadRawData
2006b780   _cvReadRawDataSlice
200fa560   _cvRedirectError
200c6804   _cvReduce
2007f7e4   _cvRegisterType
2007f5e8   _cvRelease
2009b6cc   _cvReleaseData
200771a0   _cvReleaseFileStorage
200b4780   _cvReleaseGraphScanner
200c8808   _cvReleaseHist
2009f788   _cvReleaseImage
2009f6e0   _cvReleaseImageHeader
2009f460   _cvReleaseMat
200b1b60   _cvReleaseMemStorage
2009f368   _cvReleaseSparseMat
200b4660   _cvRemoveNodeFromTree
200ead60   _cvRepeat
2009f2d0   _cvResetImageROI
2009ed44   _cvReshape
2009dda0   _cvReshapeMatND
200a88e0   _cvRestoreMemStoragePos
200e55d0   _cvRunningAvg
2007f154   _cvSave
200a8880   _cvSaveMemStoragePos
200997e4   _cvScalarToRawData
200b4520   _cvSeqElemIdx
200b3e04   _cvSeqInsert
200b2f80   _cvSeqInsertSlice
200b2920   _cvSeqInvert
200b1c40   _cvSeqPartition
200b00a0   _cvSeqPop
200afb80   _cvSeqPopFront
200aec04   _cvSeqPopMulti
200a9b20   _cvSeqPush
200b0eec   _cvSeqPushFront
200ad8a0   _cvSeqPushMulti
200b05c0   _cvSeqRemove
200af28c   _cvSeqRemoveSlice
200ae4a0   _cvSeqSearch
200adcf0   _cvSeqSlice
200ab360   _cvSeqSort
200e9fa4   _cvSet
2009c600   _cvSet1D
2009c408   _cvSet2D
2009c180   _cvSet3D
200aadac   _cvSetAdd
2009b930   _cvSetData
200fa4c0   _cvSetErrMode
200fa428   _cvSetErrStatus
200c89b4   _cvSetHistBinRanges
2009b4e8   _cvSetImageCOI
2009b268   _cvSetImageROI
2009b1a0   _cvSetND
200992c0   _cvSetReal1D
200986a8   _cvSetReal2D
20098160   _cvSetReal3D
20097b80   _cvSetRealND
200aab70   _cvSetRemove
200a8f00   _cvSetSeqBlockSize
200aa648   _cvSetSeqReaderPos
200e9960   _cvSetZero
200aa5f4   _cvSliceLength
200311b0   _cvSplit
200e4f4c   _cvSquareAcc
200aa280   _cvStartAppendToSeq
20077980   _cvStartNextStream
2006b204   _cvStartReadRawData
200aa4a0   _cvStartReadSeq
200aa380   _cvStartWriteSeq
20076570   _cvStartWriteStruct
200fa264   _cvStdErrReport
20061e00   _cvSub
20060d08   _cvSubRS
200c5b04   _cvSum
200c9e60   _cvThreshHist
200fc180   _cvThreshold
200a9de8   _cvTreeToNodeSeq
20077608   _cvTypeOf
20074bd4   _cvUnregisterType
20077680   _cvWrite
200774e0   _cvWriteComment
20077348   _cvWriteFileNode
20075c20   _cvWriteInt
2006cee0   _cvWriteRawData
20076d40   _cvWriteReal
200755e0   _cvWriteString
201f07c4   _dtors
201eb7f4   _errno
201047c0   _exit
20103900   _fclose
20107520   _feof
201048c0   _fflush
20107540   _fgets
202c2e88   _first__6CvType
20106860   _fopen
201068e0   _fprintf
20103520   _fputc
200ff9a0   _fputs
20100300   _free
201026c0   _frexp
201049c0   _fseek
20105500   _ftell
201f0cb0   _hist_type
202c0520   _icv8x16uSqrTab
202bea18   _icv8x32fSqrTab
202bf018   _icv8x32fTab
202bb5a0   _icv8x32fTab_cv
200e4cc4   _icvAddProduct_32f_C1IMR__FPCfiT1T2PCUcT2PfT26CvSize
202c2c10   _icvAddProduct_32f_C1IMR_p
200e4c3c   _icvAddProduct_32f_C1IR__FPCfiT1T2PfT26CvSize
202c2bf0   _icvAddProduct_32f_C1IR_p
200e4d4c   _icvAddProduct_32f_C3IMR__FPCfiT1T2PCUcT2PfT26CvSize
202c2c30   _icvAddProduct_32f_C3IMR_p
200e4c80   _icvAddProduct_8u32f_C1IMR__FPCUciT1T2T1T2PfT26CvSize
202c2c0c   _icvAddProduct_8u32f_C1IMR_p
200e4bf8   _icvAddProduct_8u32f_C1IR__FPCUciT1T2PfT26CvSize
202c2bec   _icvAddProduct_8u32f_C1IR_p
200e4d08   _icvAddProduct_8u32f_C3IMR__FPCUciT1T2T1T2PfT26CvSize
202c2c2c   _icvAddProduct_8u32f_C3IMR_p
200e4b2c   _icvAddSquare_32f_C1IMR__FPCfiPCUcT2PfT26CvSize
202c2c08   _icvAddSquare_32f_C1IMR_p
200e4ab4   _icvAddSquare_32f_C1IR__FPCfiPfT26CvSize
202c2be8   _icvAddSquare_32f_C1IR_p
200e4bb4   _icvAddSquare_32f_C3IMR__FPCfiPCUcT2PfT26CvSize
202c2c28   _icvAddSquare_32f_C3IMR_p
200e4ae8   _icvAddSquare_8u32f_C1IMR__FPCUciT1T2PfT26CvSize
202c2c04   _icvAddSquare_8u32f_C1IMR_p
200e4a80   _icvAddSquare_8u32f_C1IR__FPCUciPfT26CvSize
202c2be4   _icvAddSquare_8u32f_C1IR_p
200e4b70   _icvAddSquare_8u32f_C3IMR__FPCUciT1T2PfT26CvSize
202c2c24   _icvAddSquare_8u32f_C3IMR_p
200e4e3c   _icvAddWeighted_32f_C1IMR__FPCfiPCUcT2PfT26CvSizef
202c2c18   _icvAddWeighted_32f_C1IMR_p
200e4dc4   _icvAddWeighted_32f_C1IR__FPCfiPfT26CvSizef
202c2bf8   _icvAddWeighted_32f_C1IR_p
200e4ec4   _icvAddWeighted_32f_C3IMR__FPCfiPCUcT2PfT26CvSizef
202c2c38   _icvAddWeighted_32f_C3IMR_p
200e4df8   _icvAddWeighted_8u32f_C1IMR__FPCUciT1T2PfT26CvSizef
202c2c14   _icvAddWeighted_8u32f_C1IMR_p
200e4d90   _icvAddWeighted_8u32f_C1IR__FPCUciPfT26CvSizef
202c2bf4   _icvAddWeighted_8u32f_C1IR_p
200e4e80   _icvAddWeighted_8u32f_C3IMR__FPCUciT1T2PfT26CvSizef
202c2c34   _icvAddWeighted_8u32f_C3IMR_p
20060bb4   _icvAdd_16s_C1R__FPCsiT1T2PsT26CvSizeT2
202c2d88   _icvAdd_16s_C1R_p
20060b70   _icvAdd_16u_C1R__FPCUsiT1T2PUsT26CvSizeT2
202c2d84   _icvAdd_16u_C1R_p
200e49f8   _icvAdd_32f_C1IMR__FPCfiPCUcT2PfT26CvSize
202c2c00   _icvAdd_32f_C1IMR_p
200e4980   _icvAdd_32f_C1IR__FPCfiPfT26CvSize
202c2be0   _icvAdd_32f_C1IR_p
20060c3c   _icvAdd_32f_C1R__FPCfiT1T2PfT26CvSize
202c2d90   _icvAdd_32f_C1R_p
200e4a3c   _icvAdd_32f_C3IMR__FPCfiPCUcT2PfT26CvSize
202c2c20   _icvAdd_32f_C3IMR_p
20060bf8   _icvAdd_32s_C1R__FPCiiT1T2PiT26CvSize
202c2d8c   _icvAdd_32s_C1R_p
20060c80   _icvAdd_64f_C1R__FPCdiT1T2PdT26CvSize
202c2d94   _icvAdd_64f_C1R_p
200e49b4   _icvAdd_8u32f_C1IMR__FPCUciT1T2PfT26CvSize
202c2bfc   _icvAdd_8u32f_C1IMR_p
200e494c   _icvAdd_8u32f_C1IR__FPCUciPfT26CvSize
202c2bdc   _icvAdd_8u32f_C1IR_p
200e4f08   _icvAdd_8u32f_C3IMR__FPCUciT1T2PfT26CvSize
202c2c1c   _icvAdd_8u32f_C3IMR_p
20060b2c   _icvAdd_8u_C1R__FPCUciT1T2PUcT26CvSizeT2
202c2d80   _icvAdd_8u_C1R_p
202c2e94   _icvCannyGetSize_p
202c2e98   _icvCanny_16s8u_C1R_p
200dab14   _icvCheckArray_32f_C1R__FPCfi6CvSizeT2dT5
202c27f0   _icvCheckArray_32f_C1R_p
200daae0   _icvCheckArray_64f_C1R__FPCdi6CvSizeT2dT5
202c27f4   _icvCheckArray_64f_C1R_p
202c2df0   _icvCopyReplicateBorder_16s_C1IR_p
202c2dd0   _icvCopyReplicateBorder_16s_C1R_p
202c2dfc   _icvCopyReplicateBorder_16s_C3IR_p
202c2ddc   _icvCopyReplicateBorder_16s_C3R_p
202c2e00   _icvCopyReplicateBorder_16s_C4IR_p
202c2de0   _icvCopyReplicateBorder_16s_C4R_p
202c2df8   _icvCopyReplicateBorder_32s_C1IR_p
202c2dd8   _icvCopyReplicateBorder_32s_C1R_p
202c2e04   _icvCopyReplicateBorder_32s_C3IR_p
202c2de4   _icvCopyReplicateBorder_32s_C3R_p
202c2e08   _icvCopyReplicateBorder_32s_C4IR_p
202c2de8   _icvCopyReplicateBorder_32s_C4R_p
202c2dec   _icvCopyReplicateBorder_8u_C1IR_p
202c2dcc   _icvCopyReplicateBorder_8u_C1R_p
202c2df4   _icvCopyReplicateBorder_8u_C3IR_p
202c2dd4   _icvCopyReplicateBorder_8u_C3R_p
20030fd0   _icvCopy_16s_C1CnCR__FPCUsiPUsT26CvSizeN22
202c2ab4   _icvCopy_16s_C1CnCR_p
200e9580   _icvCopy_16s_C1MR__FPCUsiPUsT26CvSizePCUcT2
202c2ce8   _icvCopy_16s_C1MR_p
20030a88   _icvCopy_16s_C2P2R__FPCUsiPPUsT26CvSize
202c2a4c   _icvCopy_16s_C2P2R_p
200e961c   _icvCopy_16s_C3MR__FPCUsiPUsT26CvSizePCUcT2
202c2cf4   _icvCopy_16s_C3MR_p
20030abc   _icvCopy_16s_C3P3R__FPCUsiPPUsT26CvSize
202c2a50   _icvCopy_16s_C3P3R_p
200e9650   _icvCopy_16s_C4MR__FPCLiPLT26CvSizePCUcT2
202c2cf8   _icvCopy_16s_C4MR_p
20030af0   _icvCopy_16s_C4P4R__FPCUsiPPUsT26CvSize
202c2a54   _icvCopy_16s_C4P4R_p
20030c90   _icvCopy_16s_CnC1CR__FPCUsiPUsT26CvSizeN22
202c2a74   _icvCopy_16s_CnC1CR_p
20030dc8   _icvCopy_16s_P2C2R__FPPCUsiPUsT26CvSize
202c2a8c   _icvCopy_16s_P2C2R_p
20030dfc   _icvCopy_16s_P3C3R__FPPCUsiPUsT26CvSize
202c2a90   _icvCopy_16s_P3C3R_p
20030e30   _icvCopy_16s_P4C4R__FPPCUsiPUsT26CvSize
202c2a94   _icvCopy_16s_P4C4R_p
20031004   _icvCopy_32f_C1CnCR__FPCiiPiT26CvSizeN22
202c2ab8   _icvCopy_32f_C1CnCR_p
20030b24   _icvCopy_32f_C2P2R__FPCiiPPiT26CvSize
202c2a58   _icvCopy_32f_C2P2R_p
200e9684   _icvCopy_32f_C3MR__FPCiiPiT26CvSizePCUcT2
202c2cfc   _icvCopy_32f_C3MR_p
20030b58   _icvCopy_32f_C3P3R__FPCiiPPiT26CvSize
202c2a5c   _icvCopy_32f_C3P3R_p
200e96b8   _icvCopy_32f_C4MR__FPCiiPiT26CvSizePCUcT2
202c2d00   _icvCopy_32f_C4MR_p
20030b8c   _icvCopy_32f_C4P4R__FPCiiPPiT26CvSize
202c2a60   _icvCopy_32f_C4P4R_p
20030cc4   _icvCopy_32f_CnC1CR__FPCiiPiT26CvSizeN22
202c2a78   _icvCopy_32f_CnC1CR_p
20030e64   _icvCopy_32f_P2C2R__FPPCiiPiT26CvSize
202c2a98   _icvCopy_32f_P2C2R_p
20030e98   _icvCopy_32f_P3C3R__FPPCiiPiT26CvSize
202c2a9c   _icvCopy_32f_P3C3R_p
20030ecc   _icvCopy_32f_P4C4R__FPPCiiPiT26CvSize
202c2aa0   _icvCopy_32f_P4C4R_p
20031038   _icvCopy_64f_C1CnCR__FPCLiPLT26CvSizeN22
202c2abc   _icvCopy_64f_C1CnCR_p
20030bc0   _icvCopy_64f_C2P2R__FPCLiPPLT26CvSize
202c2a64   _icvCopy_64f_C2P2R_p
20030bf4   _icvCopy_64f_C3P3R__FPCLiPPLT26CvSize
202c2a68   _icvCopy_64f_C3P3R_p
20030c28   _icvCopy_64f_C4P4R__FPCLiPPLT26CvSize
202c2a6c   _icvCopy_64f_C4P4R_p
20030cf8   _icvCopy_64f_CnC1CR__FPCLiPLT26CvSizeN22
202c2a7c   _icvCopy_64f_CnC1CR_p
20030f00   _icvCopy_64f_P2C2R__FPPCLiPLT26CvSize
202c2aa4   _icvCopy_64f_P2C2R_p
20030f34   _icvCopy_64f_P3C3R__FPPCLiPLT26CvSize
202c2aa8   _icvCopy_64f_P3C3R_p
20030f68   _icvCopy_64f_P4C4R__FPPCLiPLT26CvSize
202c2aac   _icvCopy_64f_P4C4R_p
200e96ec   _icvCopy_64s_C3MR__FPCLiPLT26CvSizePCUcT2
202c2d04   _icvCopy_64s_C3MR_p
200e9720   _icvCopy_64s_C4MR__FPCLiPLT26CvSizePCUcT2
202c2d08   _icvCopy_64s_C4MR_p
20030f9c   _icvCopy_8u_C1CnCR__FPCUciPUcT26CvSizeN22
202c2ab0   _icvCopy_8u_C1CnCR_p
200e954c   _icvCopy_8u_C1MR__FPCUciPUcT26CvSizeT1T2
202c2ce4   _icvCopy_8u_C1MR_p
200e9924   _icvCopy_8u_C1R__FPCUciPUcT26CvSize
202c2cb8   _icvCopy_8u_C1R_p
200309ec   _icvCopy_8u_C2P2R__FPCUciPPUcT26CvSize
202c2a40   _icvCopy_8u_C2P2R_p
200e95b4   _icvCopy_8u_C3MR__FPCUciPUcT26CvSizeT1T2
202c2cec   _icvCopy_8u_C3MR_p
20030a20   _icvCopy_8u_C3P3R__FPCUciPPUcT26CvSize
202c2a44   _icvCopy_8u_C3P3R_p
200e95e8   _icvCopy_8u_C4MR__FPCiiPiT26CvSizePCUcT2
202c2cf0   _icvCopy_8u_C4MR_p
20030a54   _icvCopy_8u_C4P4R__FPCUciPPUcT26CvSize
202c2a48   _icvCopy_8u_C4P4R_p
20030c5c   _icvCopy_8u_CnC1CR__FPCUciPUcT26CvSizeN22
202c2a70   _icvCopy_8u_CnC1CR_p
20030d2c   _icvCopy_8u_P2C2R__FPPCUciPUcT26CvSize
202c2a80   _icvCopy_8u_P2C2R_p
20030d60   _icvCopy_8u_P3C3R__FPPCUciPUcT26CvSize
202c2a84   _icvCopy_8u_P3C3R_p
20030d94   _icvCopy_8u_P4C4R__FPPCUciPUcT26CvSize
202c2a88   _icvCopy_8u_P4C4R_p
200c5a00   _icvCountNonZero_16s_C1R__FPCUsi6CvSizePi
202c2bc4   _icvCountNonZero_16s_C1R_p
200c5a68   _icvCountNonZero_32f_C1R__FPCii6CvSizePi
202c2bcc   _icvCountNonZero_32f_C1R_p
200c5a34   _icvCountNonZero_32s_C1R__FPCii6CvSizePi
202c2bc8   _icvCountNonZero_32s_C1R_p
200c5a9c   _icvCountNonZero_64f_C1R__FPCLi6CvSizePi
202c2bd0   _icvCountNonZero_64f_C1R_p
200c59cc   _icvCountNonZero_8u_C1R__FPCUci6CvSizePi
202c2bc0   _icvCountNonZero_8u_C1R_p
202c2e80   _icvCrossCorrValid_NormLevel_32f_C1R_p
202c2e74   _icvCrossCorrValid_NormLevel_8u32f_C1R_p
202c2e7c   _icvCrossCorrValid_Norm_32f_C1R_p
202c2e70   _icvCrossCorrValid_Norm_8u32f_C1R_p
2003107c   _icvCvt_32f64f__FPCfPdi
202c2ac0   _icvCvt_32f64f_p
2003106c   _icvCvt_64f32f__FPCdPfi
202c2ac4   _icvCvt_64f32f_p
202c2adc   _icvDFTFree_C_32fc_p
202c2af0   _icvDFTFree_C_64fc_p
202c2b04   _icvDFTFree_R_32f_p
202c2b18   _icvDFTFree_R_64f_p
202c2ae4   _icvDFTFwd_CToC_32fc_p
202c2af8   _icvDFTFwd_CToC_64fc_p
202c2b0c   _icvDFTFwd_RToPack_32f_p
202c2b20   _icvDFTFwd_RToPack_64f_p
202c2ae0   _icvDFTGetBufSize_C_32fc_p
202c2af4   _icvDFTGetBufSize_C_64fc_p
202c2b08   _icvDFTGetBufSize_R_32f_p
202c2b1c   _icvDFTGetBufSize_R_64f_p
202c2ad8   _icvDFTInitAlloc_C_32fc_p
202c2aec   _icvDFTInitAlloc_C_64fc_p
202c2b00   _icvDFTInitAlloc_R_32f_p
202c2b14   _icvDFTInitAlloc_R_64f_p
202c2ae8   _icvDFTInv_CToC_32fc_p
202c2afc   _icvDFTInv_CToC_64fc_p
202c2b10   _icvDFTInv_PackToR_32f_p
202c2b24   _icvDFTInv_PackToR_64f_p
202c2730   _icvDepthToType
200daad0   _icvExp_32f__FPCfPfi
202c27d8   _icvExp_32f_p
200daac0   _icvExp_64f__FPCdPdi
202c27dc   _icvExp_64f_p
200daab0   _icvFastArctan_32f__FPCfT1Pfi
202c27a8   _icvFastArctan_32f_p
202c2c7c   _icvFilterColumn_16s_C1R_p
202c2c80   _icvFilterColumn_16s_C3R_p
202c2c84   _icvFilterColumn_16s_C4R_p
202c2c88   _icvFilterColumn_32f_C1R_p
202c2c8c   _icvFilterColumn_32f_C3R_p
202c2c90   _icvFilterColumn_32f_C4R_p
202c2c70   _icvFilterColumn_8u_C1R_p
202c2c74   _icvFilterColumn_8u_C3R_p
202c2c78   _icvFilterColumn_8u_C4R_p
202c2a3c   _icvFilterLaplacianBorder_32f_C1R_p
202c2a34   _icvFilterLaplacianBorder_8u16s_C1R_p
202c2a38   _icvFilterLaplacianGetBufSize_32f_C1R_p
202c2a30   _icvFilterLaplacianGetBufSize_8u16s_C1R_p
202c2c58   _icvFilterRow_16s_C1R_p
202c2c5c   _icvFilterRow_16s_C3R_p
202c2c60   _icvFilterRow_16s_C4R_p
202c2c64   _icvFilterRow_32f_C1R_p
202c2c68   _icvFilterRow_32f_C3R_p
202c2c6c   _icvFilterRow_32f_C4R_p
202c2c4c   _icvFilterRow_8u_C1R_p
202c2c50   _icvFilterRow_8u_C3R_p
202c2c54   _icvFilterRow_8u_C4R_p
202c29cc   _icvFilterScharrHorizBorder_32f_C1R_p
202c29c4   _icvFilterScharrHorizBorder_8u16s_C1R_p
202c29c8   _icvFilterScharrHorizGetBufSize_32f_C1R_p
202c29c0   _icvFilterScharrHorizGetBufSize_8u16s_C1R_p
202c29bc   _icvFilterScharrHoriz_32f_C1R_p
202c29b4   _icvFilterScharrHoriz_8u16s_C1R_p
202c29dc   _icvFilterScharrVertBorder_32f_C1R_p
202c29d4   _icvFilterScharrVertBorder_8u16s_C1R_p
202c29d8   _icvFilterScharrVertGetBufSize_32f_C1R_p
202c29d0   _icvFilterScharrVertGetBufSize_8u16s_C1R_p
202c29b8   _icvFilterScharrVert_32f_C1R_p
202c29b0   _icvFilterScharrVert_8u16s_C1R_p
202c2a2c   _icvFilterSobelCrossBorder_32f_C1R_p
202c2a24   _icvFilterSobelCrossBorder_8u16s_C1R_p
202c2a28   _icvFilterSobelCrossGetBufSize_32f_C1R_p
202c2a20   _icvFilterSobelCrossGetBufSize_8u16s_C1R_p
202c29ac   _icvFilterSobelCross_32f_C1R_p
202c2998   _icvFilterSobelCross_8u16s_C1R_p
202c29ec   _icvFilterSobelHorizBorder_32f_C1R_p
202c29e4   _icvFilterSobelHorizBorder_8u16s_C1R_p
202c29e8   _icvFilterSobelHorizGetBufSize_32f_C1R_p
202c29e0   _icvFilterSobelHorizGetBufSize_8u16s_C1R_p
202c2a0c   _icvFilterSobelHorizSecondBorder_32f_C1R_p
202c2a04   _icvFilterSobelHorizSecondBorder_8u16s_C1R_p
202c2a08   _icvFilterSobelHorizSecondGetBufSize_32f_C1R_p
202c2a00   _icvFilterSobelHorizSecondGetBufSize_8u16s_C1R_p
202c29a8   _icvFilterSobelHorizSecond_32f_C1R_p
202c2994   _icvFilterSobelHorizSecond_8u16s_C1R_p
202c29a0   _icvFilterSobelHoriz_32f_C1R_p
202c298c   _icvFilterSobelHoriz_8u16s_C1R_p
202c29fc   _icvFilterSobelNegVertBorder_32f_C1R_p
202c29f4   _icvFilterSobelNegVertBorder_8u16s_C1R_p
202c29f8   _icvFilterSobelNegVertGetBufSize_32f_C1R_p
202c29f0   _icvFilterSobelNegVertGetBufSize_8u16s_C1R_p
202c2a1c   _icvFilterSobelVertSecondBorder_32f_C1R_p
202c2a14   _icvFilterSobelVertSecondBorder_8u16s_C1R_p
202c2a18   _icvFilterSobelVertSecondGetBufSize_32f_C1R_p
202c2a10   _icvFilterSobelVertSecondGetBufSize_8u16s_C1R_p
202c29a4   _icvFilterSobelVertSecond_32f_C1R_p
202c2990   _icvFilterSobelVertSecond_8u16s_C1R_p
202c299c   _icvFilterSobelVert_32f_C1R_p
202c2988   _icvFilterSobelVert_8u16s_C1R_p
202c2ca0   _icvFilter_16s_C1R_p
202c2ca4   _icvFilter_16s_C3R_p
202c2ca8   _icvFilter_16s_C4R_p
202c2cac   _icvFilter_32f_C1R_p
202c2cb0   _icvFilter_32f_C3R_p
202c2cb4   _icvFilter_32f_C4R_p
202c2c94   _icvFilter_8u_C1R_p
202c2c98   _icvFilter_8u_C3R_p
202c2c9c   _icvFilter_8u_C4R_p
200e9880   _icvGetCopyMaskFunc__Fi
200daa70   _icvInvSqrt_32f__FPCfPfi
202c27ac   _icvInvSqrt_32f_p
200daa60   _icvInvSqrt_64f__FPCdPdi
202c27b8   _icvInvSqrt_64f_p
200f92c4   _icvLUT_Transform8u_16u_C1R__FPCUciPUsT26CvSizePCUs
200f8be0   _icvLUT_Transform8u_32s_C1R__FPCUciPiT26CvSizePCi
200f84c0   _icvLUT_Transform8u_64f_C1R__FPCUciPdT26CvSizePCd
200f7d80   _icvLUT_Transform8u_8u_C1R__FPCUciPUcT26CvSizeT1
200f7c08   _icvLUT_Transform8u_8u_C2R__FPCUciPUcT26CvSizeT1
200f7a54   _icvLUT_Transform8u_8u_C3R__FPCUciPUcT26CvSizeT1
200f7880   _icvLUT_Transform8u_8u_C4R__FPCUciPUcT26CvSizeT1
200daaa0   _icvLog_32f__FPCfPfi
202c27e8   _icvLog_32f_p
200daa90   _icvLog_64f__FPCdPdi
202c27ec   _icvLog_64f_p
200f236c   _icvMean_16s_C1MR__FPCsiPCUcT26CvSizePd
202c2d3c   _icvMean_16s_C1MR_p
200f23a0   _icvMean_16s_C2MR__FPCsiPCUcT26CvSizePd
202c2d40   _icvMean_16s_C2MR_p
200f23d4   _icvMean_16s_C3MR__FPCsiPCUcT26CvSizePd
202c2d44   _icvMean_16s_C3MR_p
200f2408   _icvMean_16s_C4MR__FPCsiPCUcT26CvSizePd
202c2d48   _icvMean_16s_C4MR_p
200f229c   _icvMean_16u_C1MR__FPCUsiPCUcT26CvSizePd
202c2d2c   _icvMean_16u_C1MR_p
200f22d0   _icvMean_16u_C2MR__FPCUsiPCUcT26CvSizePd
202c2d30   _icvMean_16u_C2MR_p
200f2304   _icvMean_16u_C3MR__FPCUsiPCUcT26CvSizePd
202c2d34   _icvMean_16u_C3MR_p
200f2338   _icvMean_16u_C4MR__FPCUsiPCUcT26CvSizePd
202c2d38   _icvMean_16u_C4MR_p
200f250c   _icvMean_32f_C1MR__FPCfiPCUcT26CvSizePd
202c2d5c   _icvMean_32f_C1MR_p
200f2540   _icvMean_32f_C2MR__FPCfiPCUcT26CvSizePd
202c2d60   _icvMean_32f_C2MR_p
200f2574   _icvMean_32f_C3MR__FPCfiPCUcT26CvSizePd
202c2d64   _icvMean_32f_C3MR_p
200f25a8   _icvMean_32f_C4MR__FPCfiPCUcT26CvSizePd
202c2d68   _icvMean_32f_C4MR_p
200f243c   _icvMean_32s_C1MR__FPCiiPCUcT26CvSizePd
202c2d4c   _icvMean_32s_C1MR_p
200f2470   _icvMean_32s_C2MR__FPCiiPCUcT26CvSizePd
202c2d50   _icvMean_32s_C2MR_p
200f24a4   _icvMean_32s_C3MR__FPCiiPCUcT26CvSizePd
202c2d54   _icvMean_32s_C3MR_p
200f24d8   _icvMean_32s_C4MR__FPCiiPCUcT26CvSizePd
202c2d58   _icvMean_32s_C4MR_p
200f25dc   _icvMean_64f_C1MR__FPCdiPCUcT26CvSizePd
202c2d6c   _icvMean_64f_C1MR_p
200f2610   _icvMean_64f_C2MR__FPCdiPCUcT26CvSizePd
202c2d70   _icvMean_64f_C2MR_p
200f2644   _icvMean_64f_C3MR__FPCdiPCUcT26CvSizePd
202c2d74   _icvMean_64f_C3MR_p
200f2678   _icvMean_64f_C4MR__FPCdiPCUcT26CvSizePd
202c2d78   _icvMean_64f_C4MR_p
200f2200   _icvMean_8u_C1MR__FPCUciT1T26CvSizePd
202c2d1c   _icvMean_8u_C1MR_p
200f2234   _icvMean_8u_C2MR__FPCUciT1T26CvSizePd
202c2d20   _icvMean_8u_C2MR_p
200f2268   _icvMean_8u_C3MR__FPCUciT1T26CvSizePd
202c2d24   _icvMean_8u_C3MR_p
200f26ac   _icvMean_8u_C4MR__FPCUciT1T26CvSizePd
202c2d28   _icvMean_8u_C4MR_p
20095be8   _icvMean_StdDev_16s_C1MR__FPCsiPCUcT26CvSizePdT6
202c2914   _icvMean_StdDev_16s_C1MR_p
20095708   _icvMean_StdDev_16s_C1R__FPCsi6CvSizePdT4
202c2904   _icvMean_StdDev_16s_C1R_p
20095c1c   _icvMean_StdDev_16s_C2MR__FPCsiPCUcT26CvSizePdT6
202c2918   _icvMean_StdDev_16s_C2MR_p
2009573c   _icvMean_StdDev_16s_C2R__FPCsi6CvSizePdT4
202c2908   _icvMean_StdDev_16s_C2R_p
20095c50   _icvMean_StdDev_16s_C3MR__FPCsiPCUcT26CvSizePdT6
202c291c   _icvMean_StdDev_16s_C3MR_p
20095770   _icvMean_StdDev_16s_C3R__FPCsi6CvSizePdT4
202c290c   _icvMean_StdDev_16s_C3R_p
20095c84   _icvMean_StdDev_16s_C4MR__FPCsiPCUcT26CvSizePdT6
202c2920   _icvMean_StdDev_16s_C4MR_p
200957a4   _icvMean_StdDev_16s_C4R__FPCsi6CvSizePdT4
202c2910   _icvMean_StdDev_16s_C4R_p
20095b18   _icvMean_StdDev_16u_C1MR__FPCUsiPCUcT26CvSizePdT6
202c28f4   _icvMean_StdDev_16u_C1MR_p
20095638   _icvMean_StdDev_16u_C1R__FPCUsi6CvSizePdT4
202c28e4   _icvMean_StdDev_16u_C1R_p
20095b4c   _icvMean_StdDev_16u_C2MR__FPCUsiPCUcT26CvSizePdT6
202c28f8   _icvMean_StdDev_16u_C2MR_p
2009566c   _icvMean_StdDev_16u_C2R__FPCUsi6CvSizePdT4
202c28e8   _icvMean_StdDev_16u_C2R_p
20095b80   _icvMean_StdDev_16u_C3MR__FPCUsiPCUcT26CvSizePdT6
202c28fc   _icvMean_StdDev_16u_C3MR_p
200956a0   _icvMean_StdDev_16u_C3R__FPCUsi6CvSizePdT4
202c28ec   _icvMean_StdDev_16u_C3R_p
20095bb4   _icvMean_StdDev_16u_C4MR__FPCUsiPCUcT26CvSizePdT6
202c2900   _icvMean_StdDev_16u_C4MR_p
200956d4   _icvMean_StdDev_16u_C4R__FPCUsi6CvSizePdT4
202c28f0   _icvMean_StdDev_16u_C4R_p
20095d88   _icvMean_StdDev_32f_C1MR__FPCfiPCUcT26CvSizePdT6
202c2954   _icvMean_StdDev_32f_C1MR_p
200958a8   _icvMean_StdDev_32f_C1R__FPCfi6CvSizePdT4
202c2944   _icvMean_StdDev_32f_C1R_p
20095dbc   _icvMean_StdDev_32f_C2MR__FPCfiPCUcT26CvSizePdT6
202c2958   _icvMean_StdDev_32f_C2MR_p
200958dc   _icvMean_StdDev_32f_C2R__FPCfi6CvSizePdT4
202c2948   _icvMean_StdDev_32f_C2R_p
20095df0   _icvMean_StdDev_32f_C3MR__FPCfiPCUcT26CvSizePdT6
202c295c   _icvMean_StdDev_32f_C3MR_p
20095910   _icvMean_StdDev_32f_C3R__FPCfi6CvSizePdT4
202c294c   _icvMean_StdDev_32f_C3R_p
20095e24   _icvMean_StdDev_32f_C4MR__FPCfiPCUcT26CvSizePdT6
202c2960   _icvMean_StdDev_32f_C4MR_p
20095944   _icvMean_StdDev_32f_C4R__FPCfi6CvSizePdT4
202c2950   _icvMean_StdDev_32f_C4R_p
20095cb8   _icvMean_StdDev_32s_C1MR__FPCiiPCUcT26CvSizePdT6
202c2934   _icvMean_StdDev_32s_C1MR_p
200957d8   _icvMean_StdDev_32s_C1R__FPCii6CvSizePdT4
202c2924   _icvMean_StdDev_32s_C1R_p
20095cec   _icvMean_StdDev_32s_C2MR__FPCiiPCUcT26CvSizePdT6
202c2938   _icvMean_StdDev_32s_C2MR_p
2009580c   _icvMean_StdDev_32s_C2R__FPCii6CvSizePdT4
202c2928   _icvMean_StdDev_32s_C2R_p
20095d20   _icvMean_StdDev_32s_C3MR__FPCiiPCUcT26CvSizePdT6
202c293c   _icvMean_StdDev_32s_C3MR_p
20095840   _icvMean_StdDev_32s_C3R__FPCii6CvSizePdT4
202c292c   _icvMean_StdDev_32s_C3R_p
20095d54   _icvMean_StdDev_32s_C4MR__FPCiiPCUcT26CvSizePdT6
202c2940   _icvMean_StdDev_32s_C4MR_p
20095874   _icvMean_StdDev_32s_C4R__FPCii6CvSizePdT4
202c2930   _icvMean_StdDev_32s_C4R_p
20095e58   _icvMean_StdDev_64f_C1MR__FPCdiPCUcT26CvSizePdT6
202c2974   _icvMean_StdDev_64f_C1MR_p
20095978   _icvMean_StdDev_64f_C1R__FPCdi6CvSizePdT4
202c2964   _icvMean_StdDev_64f_C1R_p
20095e8c   _icvMean_StdDev_64f_C2MR__FPCdiPCUcT26CvSizePdT6
202c2978   _icvMean_StdDev_64f_C2MR_p
200959ac   _icvMean_StdDev_64f_C2R__FPCdi6CvSizePdT4
202c2968   _icvMean_StdDev_64f_C2R_p
20095ec0   _icvMean_StdDev_64f_C3MR__FPCdiPCUcT26CvSizePdT6
202c297c   _icvMean_StdDev_64f_C3MR_p
200959e0   _icvMean_StdDev_64f_C3R__FPCdi6CvSizePdT4
202c296c   _icvMean_StdDev_64f_C3R_p
20095ef4   _icvMean_StdDev_64f_C4MR__FPCdiPCUcT26CvSizePdT6
202c2980   _icvMean_StdDev_64f_C4MR_p
20095a14   _icvMean_StdDev_64f_C4R__FPCdi6CvSizePdT4
202c2970   _icvMean_StdDev_64f_C4R_p
20095a48   _icvMean_StdDev_8u_C1MR__FPCUciT1T26CvSizePdT6
202c28d4   _icvMean_StdDev_8u_C1MR_p
2009559c   _icvMean_StdDev_8u_C1R__FPCUci6CvSizePdT4
202c28c4   _icvMean_StdDev_8u_C1R_p
20095a7c   _icvMean_StdDev_8u_C2MR__FPCUciT1T26CvSizePdT6
202c28d8   _icvMean_StdDev_8u_C2MR_p
200955d0   _icvMean_StdDev_8u_C2R__FPCUci6CvSizePdT4
202c28c8   _icvMean_StdDev_8u_C2R_p
20095ab0   _icvMean_StdDev_8u_C3MR__FPCUciT1T26CvSizePdT6
202c28dc   _icvMean_StdDev_8u_C3MR_p
20095604   _icvMean_StdDev_8u_C3R__FPCUci6CvSizePdT4
202c28cc   _icvMean_StdDev_8u_C3R_p
20095ae4   _icvMean_StdDev_8u_C4MR__FPCUciT1T26CvSizePdT6
202c28e0   _icvMean_StdDev_8u_C4MR_p
20095f28   _icvMean_StdDev_8u_C4R__FPCUci6CvSizePdT4
202c28d0   _icvMean_StdDev_8u_C4R_p
200f657c   _icvMinMaxIndx_16s_C1MR__FPCsiPCUcT26CvSizePfT6P7CvPointT8
202c2e2c   _icvMinMaxIndx_16s_C1MR_p
200f6444   _icvMinMaxIndx_16s_C1R__FPCsi6CvSizePfT4P7CvPointT6
202c2e14   _icvMinMaxIndx_16s_C1R_p
200f6548   _icvMinMaxIndx_16u_C1MR__FPCUsiPCUcT26CvSizePfT6P7CvPointT8
202c2e28   _icvMinMaxIndx_16u_C1MR_p
200f6410   _icvMinMaxIndx_16u_C1R__FPCUsi6CvSizePfT4P7CvPointT6
202c2e10   _icvMinMaxIndx_16u_C1R_p
200f65e4   _icvMinMaxIndx_32f_C1MR__FPCiiPCUcT26CvSizePfT6P7CvPointT8
202c2e34   _icvMinMaxIndx_32f_C1MR_p
200f64ac   _icvMinMaxIndx_32f_C1R__FPCii6CvSizePfT4P7CvPointT6
202c2e1c   _icvMinMaxIndx_32f_C1R_p
200f65b0   _icvMinMaxIndx_32s_C1MR__FPCiiPCUcT26CvSizePdT6P7CvPointT8
202c2e30   _icvMinMaxIndx_32s_C1MR_p
200f6478   _icvMinMaxIndx_32s_C1R__FPCii6CvSizePdT4P7CvPointT6
202c2e18   _icvMinMaxIndx_32s_C1R_p
200f6618   _icvMinMaxIndx_64f_C1MR__FPCLiPCUcT26CvSizePdT6P7CvPointT8
202c2e38   _icvMinMaxIndx_64f_C1MR_p
200f64e0   _icvMinMaxIndx_64f_C1R__FPCLi6CvSizePdT4P7CvPointT6
202c2e20   _icvMinMaxIndx_64f_C1R_p
200f6514   _icvMinMaxIndx_8u_C1MR__FPCUciT1T26CvSizePfT6P7CvPointT8
202c2e24   _icvMinMaxIndx_8u_C1MR_p
200f664c   _icvMinMaxIndx_8u_C1R__FPCUci6CvSizePfT4P7CvPointT6
202c2e0c   _icvMinMaxIndx_8u_C1R_p
200f9e40   _icvPthreadDestructor__FPv
202c2e64   _icvPyrDownGetBufSize_Gauss5x5_p
202c2e48   _icvPyrDown_Gauss5x5_32f_C1R_p
202c2e4c   _icvPyrDown_Gauss5x5_32f_C3R_p
202c2e40   _icvPyrDown_Gauss5x5_8u_C1R_p
202c2e44   _icvPyrDown_Gauss5x5_8u_C3R_p
202c2e60   _icvPyrUpGetBufSize_Gauss5x5_p
202c2e58   _icvPyrUp_Gauss5x5_32f_C1R_p
202c2e5c   _icvPyrUp_Gauss5x5_32f_C3R_p
202c2e50   _icvPyrUp_Gauss5x5_8u_C1R_p
202c2e54   _icvPyrUp_Gauss5x5_8u_C3R_p
202c1018   _icvSaturate8u
20000340   _icvScale_32f__FPCfPfifT4
20000020   _icvScale_64f__FPCdPdidT4
202c2d0c   _icvSetByte_8u_C1R_p
200e9788   _icvSetZero_8u_C1R__FPUci6CvSize
200e93ac   _icvSet_16s_C1MR__FPUsiPCUcT26CvSizePCUs
202c2cc0   _icvSet_16s_C1MR_p
200e9414   _icvSet_16s_C3MR__FPUsiPCUcT26CvSizePCUs
202c2ccc   _icvSet_16s_C3MR_p
200e9448   _icvSet_16s_C4MR__FPLiPCUcT26CvSizePCL
202c2cd0   _icvSet_16s_C4MR_p
200e947c   _icvSet_32f_C3MR__FPiiPCUcT26CvSizePCi
202c2cd4   _icvSet_32f_C3MR_p
200e94b0   _icvSet_32f_C4MR__FPiiPCUcT26CvSizePCi
202c2cd8   _icvSet_32f_C4MR_p
200e94e4   _icvSet_64s_C3MR__FPLiPCUcT26CvSizePCL
202c2cdc   _icvSet_64s_C3MR_p
200e9518   _icvSet_64s_C4MR__FPLiPCUcT26CvSizePCL
202c2ce0   _icvSet_64s_C4MR_p
200e9378   _icvSet_8u_C1MR__FPUciPCUcT26CvSizeT3
202c2cbc   _icvSet_8u_C1MR_p
200e93e0   _icvSet_8u_C3MR__FPUciPCUcT26CvSizeT3
202c2cc4   _icvSet_8u_C3MR_p
200e9754   _icvSet_8u_C4MR__FPiiPCUcT26CvSizePCi
202c2cc8   _icvSet_8u_C4MR_p
202c2e84   _icvSqrDistanceValid_Norm_32f_C1R_p
202c2e78   _icvSqrDistanceValid_Norm_8u32f_C1R_p
200daa50   _icvSqrt_32f__FPCfPfi
202c27b0   _icvSqrt_32f_p
200daa80   _icvSqrt_64f__FPCdPdi
202c27b4   _icvSqrt_64f_p
20060a1c   _icvSub_16s_C1R__FPCsiT1T2PsT26CvSizeT2
202c2da0   _icvSub_16s_C1R_p
200609d8   _icvSub_16u_C1R__FPCUsiT1T2PUsT26CvSizeT2
202c2d9c   _icvSub_16u_C1R_p
20060aa4   _icvSub_32f_C1R__FPCfiT1T2PfT26CvSize
202c2da8   _icvSub_32f_C1R_p
20060a60   _icvSub_32s_C1R__FPCiiT1T2PiT26CvSize
202c2da4   _icvSub_32s_C1R_p
20060ae8   _icvSub_64f_C1R__FPCdiT1T2PdT26CvSize
202c2dac   _icvSub_64f_C1R_p
20060cc4   _icvSub_8u_C1R__FPCUciT1T2PUcT26CvSizeT2
202c2d98   _icvSub_8u_C1R_p
200c567c   _icvSum_16s_C1R__FPCsi6CvSizePd
202c2b80   _icvSum_16s_C1R_p
200c56b0   _icvSum_16s_C2R__FPCsi6CvSizePd
202c2b84   _icvSum_16s_C2R_p
200c56e4   _icvSum_16s_C3R__FPCsi6CvSizePd
202c2b88   _icvSum_16s_C3R_p
200c5718   _icvSum_16s_C4R__FPCsi6CvSizePd
202c2b8c   _icvSum_16s_C4R_p
200c55ac   _icvSum_16u_C1R__FPCUsi6CvSizePd
202c2b70   _icvSum_16u_C1R_p
200c55e0   _icvSum_16u_C2R__FPCUsi6CvSizePd
202c2b74   _icvSum_16u_C2R_p
200c5614   _icvSum_16u_C3R__FPCUsi6CvSizePd
202c2b78   _icvSum_16u_C3R_p
200c5648   _icvSum_16u_C4R__FPCUsi6CvSizePd
202c2b7c   _icvSum_16u_C4R_p
200c581c   _icvSum_32f_C1R__FPCfi6CvSizePd15CvHintAlgorithm
202c2ba0   _icvSum_32f_C1R_p
200c5854   _icvSum_32f_C2R__FPCfi6CvSizePd15CvHintAlgorithm
202c2ba4   _icvSum_32f_C2R_p
200c588c   _icvSum_32f_C3R__FPCfi6CvSizePd15CvHintAlgorithm
202c2ba8   _icvSum_32f_C3R_p
200c58c4   _icvSum_32f_C4R__FPCfi6CvSizePd15CvHintAlgorithm
202c2bac   _icvSum_32f_C4R_p
200c574c   _icvSum_32s_C1R__FPCii6CvSizePd
202c2b90   _icvSum_32s_C1R_p
200c5780   _icvSum_32s_C2R__FPCii6CvSizePd
202c2b94   _icvSum_32s_C2R_p
200c57b4   _icvSum_32s_C3R__FPCii6CvSizePd
202c2b98   _icvSum_32s_C3R_p
200c57e8   _icvSum_32s_C4R__FPCii6CvSizePd
202c2b9c   _icvSum_32s_C4R_p
200c58fc   _icvSum_64f_C1R__FPCdi6CvSizePd
202c2bb0   _icvSum_64f_C1R_p
200c5930   _icvSum_64f_C2R__FPCdi6CvSizePd
202c2bb4   _icvSum_64f_C2R_p
200c5964   _icvSum_64f_C3R__FPCdi6CvSizePd
202c2bb8   _icvSum_64f_C3R_p
200c5998   _icvSum_64f_C4R__FPCdi6CvSizePd
202c2bbc   _icvSum_64f_C4R_p
200c5510   _icvSum_8u_C1R__FPCUci6CvSizePd
202c2b60   _icvSum_8u_C1R_p
200c5544   _icvSum_8u_C2R__FPCUci6CvSizePd
202c2b64   _icvSum_8u_C2R_p
200c5578   _icvSum_8u_C3R__FPCUci6CvSizePd
202c2b68   _icvSum_8u_C3R_p
200c5ad0   _icvSum_8u_C4R__FPCUci6CvSizePd
202c2b6c   _icvSum_8u_C4R_p
201ef830   _image_type
202c2e8c   _last__6CvType
20101e80   _ldexp
20104ac0   _lseek
20104bc0   _ltoa
20107380   _main
201028a0   _malloc
201ef834   _mat_type
201ef838   _matnd_type
20100000   _memalign
20106960   _memccpy
201055e0   _memcpy
20107000   _memmove
20104cc0   _memset
201056c0   _modf
20102a60   _open
201069e0   _printf
20103520   _putc
20104dc0   _read
20106a60   _readmsg
20107560   _remove
201ef828   _seq_graph_type
201ef824   _seq_tree_type
201ef820   _seq_type
20102c20   _setvbuf
200fdf20   _sin
201ef82c   _sparse_mat_type
20106ae0   _sprintf
201008a0   _sqrt
20105f20   _strstr
200fbbc0   _strtod
200fcc20   _strtol
20106b60   _unlink
20104ec0   _write
20107060   _writemsg
ffffffff   binit
201f1908   cinit
00000008   edata
202c2ea4   end
20107580   etext
20000008   pinit


GLOBAL SYMBOLS: SORTED BY Symbol Address 

address    name
--------   ----
00000001   __TI_args_main
00000008   .data
00000008   ___data__
00000008   ___edata__
00000008   __stack
00000008   edata
10000000   __STACK_SIZE
10000000   __SYSMEM_SIZE
10000008   __STACK_END
10000008   __sys_memory
20000008   ___pinit__
20000008   pinit
20000020   .text
20000020   ___text__
20000020   _icvScale_64f__FPCdPdidT4
20000340   _icvScale_32f__FPCfPfifT4
200309ec   _icvCopy_8u_C2P2R__FPCUciPPUcT26CvSize
20030a20   _icvCopy_8u_C3P3R__FPCUciPPUcT26CvSize
20030a54   _icvCopy_8u_C4P4R__FPCUciPPUcT26CvSize
20030a88   _icvCopy_16s_C2P2R__FPCUsiPPUsT26CvSize
20030abc   _icvCopy_16s_C3P3R__FPCUsiPPUsT26CvSize
20030af0   _icvCopy_16s_C4P4R__FPCUsiPPUsT26CvSize
20030b24   _icvCopy_32f_C2P2R__FPCiiPPiT26CvSize
20030b58   _icvCopy_32f_C3P3R__FPCiiPPiT26CvSize
20030b8c   _icvCopy_32f_C4P4R__FPCiiPPiT26CvSize
20030bc0   _icvCopy_64f_C2P2R__FPCLiPPLT26CvSize
20030bf4   _icvCopy_64f_C3P3R__FPCLiPPLT26CvSize
20030c28   _icvCopy_64f_C4P4R__FPCLiPPLT26CvSize
20030c5c   _icvCopy_8u_CnC1CR__FPCUciPUcT26CvSizeN22
20030c90   _icvCopy_16s_CnC1CR__FPCUsiPUsT26CvSizeN22
20030cc4   _icvCopy_32f_CnC1CR__FPCiiPiT26CvSizeN22
20030cf8   _icvCopy_64f_CnC1CR__FPCLiPLT26CvSizeN22
20030d2c   _icvCopy_8u_P2C2R__FPPCUciPUcT26CvSize
20030d60   _icvCopy_8u_P3C3R__FPPCUciPUcT26CvSize
20030d94   _icvCopy_8u_P4C4R__FPPCUciPUcT26CvSize
20030dc8   _icvCopy_16s_P2C2R__FPPCUsiPUsT26CvSize
20030dfc   _icvCopy_16s_P3C3R__FPPCUsiPUsT26CvSize
20030e30   _icvCopy_16s_P4C4R__FPPCUsiPUsT26CvSize
20030e64   _icvCopy_32f_P2C2R__FPPCiiPiT26CvSize
20030e98   _icvCopy_32f_P3C3R__FPPCiiPiT26CvSize
20030ecc   _icvCopy_32f_P4C4R__FPPCiiPiT26CvSize
20030f00   _icvCopy_64f_P2C2R__FPPCLiPLT26CvSize
20030f34   _icvCopy_64f_P3C3R__FPPCLiPLT26CvSize
20030f68   _icvCopy_64f_P4C4R__FPPCLiPLT26CvSize
20030f9c   _icvCopy_8u_C1CnCR__FPCUciPUcT26CvSizeN22
20030fd0   _icvCopy_16s_C1CnCR__FPCUsiPUsT26CvSizeN22
20031004   _icvCopy_32f_C1CnCR__FPCiiPiT26CvSizeN22
20031038   _icvCopy_64f_C1CnCR__FPCLiPLT26CvSizeN22
2003106c   _icvCvt_64f32f__FPCdPfi
2003107c   _icvCvt_32f64f__FPCfPdi
200311b0   _cvSplit
200318e8   _cvMixChannels
20032400   _cvMerge
20036dc4   _cvConvertScaleAbs
200371c8   _cvConvertScale
200609d8   _icvSub_16u_C1R__FPCUsiT1T2PUsT26CvSizeT2
20060a1c   _icvSub_16s_C1R__FPCsiT1T2PsT26CvSizeT2
20060a60   _icvSub_32s_C1R__FPCiiT1T2PiT26CvSize
20060aa4   _icvSub_32f_C1R__FPCfiT1T2PfT26CvSize
20060ae8   _icvSub_64f_C1R__FPCdiT1T2PdT26CvSize
20060b2c   _icvAdd_8u_C1R__FPCUciT1T2PUcT26CvSizeT2
20060b70   _icvAdd_16u_C1R__FPCUsiT1T2PUsT26CvSizeT2
20060bb4   _icvAdd_16s_C1R__FPCsiT1T2PsT26CvSizeT2
20060bf8   _icvAdd_32s_C1R__FPCiiT1T2PiT26CvSize
20060c3c   _icvAdd_32f_C1R__FPCfiT1T2PfT26CvSize
20060c80   _icvAdd_64f_C1R__FPCdiT1T2PdT26CvSize
20060cc4   _icvSub_8u_C1R__FPCUciT1T2PUcT26CvSizeT2
20060d08   _cvSubRS
20061e00   _cvSub
20063240   _cvMul
20063ee8   _cvDiv
20064d98   _cvAddWeighted
200653c0   _cvAddS
200664c0   _cvAdd
2006ade8   _cvGetFileNodeByName
2006b204   _cvStartReadRawData
2006b780   _cvReadRawDataSlice
2006c740   _cvReadRawData
2006cee0   _cvWriteRawData
200713f0   _cvAttrValue
20074b44   _cvFindType
20074bd4   _cvUnregisterType
20074d60   ___dt__6CvTypeFv
20074dcc   _cvRead
200755e0   _cvWriteString
20075c20   _cvWriteInt
200760c0   _cvEndWriteStruct
20076570   _cvStartWriteStruct
20076d40   _cvWriteReal
200771a0   _cvReleaseFileStorage
20077348   _cvWriteFileNode
200774e0   _cvWriteComment
20077608   _cvTypeOf
20077680   _cvWrite
20077980   _cvStartNextStream
20078100   _cvGetHashedKey
20078440   _cvGetFileNode
2007e204   _cvOpenFileStorage
2007f154   _cvSave
2007f5e8   _cvRelease
2007f7e4   _cvRegisterType
2007fb44   _cvGetFileNodeName
2007fb70   _cvLoad
2007ff94   _cvGetRootFileNode
2008001c   _cvFirstType
20080028   _cvClone
20080228   ___CPR116____ct__6CvTypeFPCcPFKPCv_iPFKPPv_vPFKP13CvFileStorageP10CvFileNode_PvPFKPJ37JPCcPCv10CvAttrList_vPFKPCv_Pv
2008030c   ___sti___17_cxpersistence_cpp_seq_type
2009559c   _icvMean_StdDev_8u_C1R__FPCUci6CvSizePdT4
200955d0   _icvMean_StdDev_8u_C2R__FPCUci6CvSizePdT4
20095604   _icvMean_StdDev_8u_C3R__FPCUci6CvSizePdT4
20095638   _icvMean_StdDev_16u_C1R__FPCUsi6CvSizePdT4
2009566c   _icvMean_StdDev_16u_C2R__FPCUsi6CvSizePdT4
200956a0   _icvMean_StdDev_16u_C3R__FPCUsi6CvSizePdT4
200956d4   _icvMean_StdDev_16u_C4R__FPCUsi6CvSizePdT4
20095708   _icvMean_StdDev_16s_C1R__FPCsi6CvSizePdT4
2009573c   _icvMean_StdDev_16s_C2R__FPCsi6CvSizePdT4
20095770   _icvMean_StdDev_16s_C3R__FPCsi6CvSizePdT4
200957a4   _icvMean_StdDev_16s_C4R__FPCsi6CvSizePdT4
200957d8   _icvMean_StdDev_32s_C1R__FPCii6CvSizePdT4
2009580c   _icvMean_StdDev_32s_C2R__FPCii6CvSizePdT4
20095840   _icvMean_StdDev_32s_C3R__FPCii6CvSizePdT4
20095874   _icvMean_StdDev_32s_C4R__FPCii6CvSizePdT4
200958a8   _icvMean_StdDev_32f_C1R__FPCfi6CvSizePdT4
200958dc   _icvMean_StdDev_32f_C2R__FPCfi6CvSizePdT4
20095910   _icvMean_StdDev_32f_C3R__FPCfi6CvSizePdT4
20095944   _icvMean_StdDev_32f_C4R__FPCfi6CvSizePdT4
20095978   _icvMean_StdDev_64f_C1R__FPCdi6CvSizePdT4
200959ac   _icvMean_StdDev_64f_C2R__FPCdi6CvSizePdT4
200959e0   _icvMean_StdDev_64f_C3R__FPCdi6CvSizePdT4
20095a14   _icvMean_StdDev_64f_C4R__FPCdi6CvSizePdT4
20095a48   _icvMean_StdDev_8u_C1MR__FPCUciT1T26CvSizePdT6
20095a7c   _icvMean_StdDev_8u_C2MR__FPCUciT1T26CvSizePdT6
20095ab0   _icvMean_StdDev_8u_C3MR__FPCUciT1T26CvSizePdT6
20095ae4   _icvMean_StdDev_8u_C4MR__FPCUciT1T26CvSizePdT6
20095b18   _icvMean_StdDev_16u_C1MR__FPCUsiPCUcT26CvSizePdT6
20095b4c   _icvMean_StdDev_16u_C2MR__FPCUsiPCUcT26CvSizePdT6
20095b80   _icvMean_StdDev_16u_C3MR__FPCUsiPCUcT26CvSizePdT6
20095bb4   _icvMean_StdDev_16u_C4MR__FPCUsiPCUcT26CvSizePdT6
20095be8   _icvMean_StdDev_16s_C1MR__FPCsiPCUcT26CvSizePdT6
20095c1c   _icvMean_StdDev_16s_C2MR__FPCsiPCUcT26CvSizePdT6
20095c50   _icvMean_StdDev_16s_C3MR__FPCsiPCUcT26CvSizePdT6
20095c84   _icvMean_StdDev_16s_C4MR__FPCsiPCUcT26CvSizePdT6
20095cb8   _icvMean_StdDev_32s_C1MR__FPCiiPCUcT26CvSizePdT6
20095cec   _icvMean_StdDev_32s_C2MR__FPCiiPCUcT26CvSizePdT6
20095d20   _icvMean_StdDev_32s_C3MR__FPCiiPCUcT26CvSizePdT6
20095d54   _icvMean_StdDev_32s_C4MR__FPCiiPCUcT26CvSizePdT6
20095d88   _icvMean_StdDev_32f_C1MR__FPCfiPCUcT26CvSizePdT6
20095dbc   _icvMean_StdDev_32f_C2MR__FPCfiPCUcT26CvSizePdT6
20095df0   _icvMean_StdDev_32f_C3MR__FPCfiPCUcT26CvSizePdT6
20095e24   _icvMean_StdDev_32f_C4MR__FPCfiPCUcT26CvSizePdT6
20095e58   _icvMean_StdDev_64f_C1MR__FPCdiPCUcT26CvSizePdT6
20095e8c   _icvMean_StdDev_64f_C2MR__FPCdiPCUcT26CvSizePdT6
20095ec0   _icvMean_StdDev_64f_C3MR__FPCdiPCUcT26CvSizePdT6
20095ef4   _icvMean_StdDev_64f_C4MR__FPCdiPCUcT26CvSizePdT6
20095f28   _icvMean_StdDev_8u_C4R__FPCUci6CvSizePdT4
20095f60   _cvAvgSdv
20096ac0   _cvInitSparseMatIterator
20097360   _cvPtr2D
200978c0   _cvPtrND
20097b80   _cvSetRealND
20097f60   _cvPtr3D
20098160   _cvSetReal3D
200986a8   _cvSetReal2D
20098be0   _cvPtr1D
200992c0   _cvSetReal1D
200997e4   _cvScalarToRawData
2009b1a0   _cvSetND
2009b268   _cvSetImageROI
2009b4e8   _cvSetImageCOI
2009b6cc   _cvReleaseData
2009b930   _cvSetData
2009c180   _cvSet3D
2009c408   _cvSet2D
2009c600   _cvSet1D
2009c808   _cvGetDims
2009ca20   _cvInitMatHeader
2009cc60   _cvGetMat
2009dda0   _cvReshapeMatND
2009ed44   _cvReshape
2009f2d0   _cvResetImageROI
2009f368   _cvReleaseSparseMat
2009f460   _cvReleaseMat
2009f6e0   _cvReleaseImageHeader
2009f788   _cvReleaseImage
2009fa60   _cvRawDataToScalar
200a02d8   _cvNextNArraySlice
200a0440   _cvInitNArrayIterator
200a0ce0   _cvInitMatNDHeader
200a0fe4   _cvInitImageHeader
200a1568   _cvGetSubRect
200a18c0   _cvGetSize
200a19e0   _cvGetRows
200a1d0c   _cvGetRealND
200a2100   _cvGetReal3D
200a26e0   _cvGetReal2D
200a2c44   _cvGetReal1D
200a31c8   _cvGetRawData
200a3560   _cvGetND
200a3844   _cvGetImageROI
200a3940   _cvGetImageCOI
200a39c0   _cvGetImage
200a3b8c   _cvGetElemType
200a3ce0   _cvGetDimSize
200a3ff0   _cvGetDiag
200a4320   _cvGetCols
200a45e0   _cvGet3D
200a4900   _cvGet2D
200a4d48   _cvGet1D
200a51a0   _cvCreateSparseMat
200a56a0   _cvCreateMatNDHeader
200a5a64   _cvCreateData
200a5ee0   _cvCreateMatND
200a65a0   _cvCreateMatHeader
200a6a44   _cvCreateMat
200a71c4   _cvCreateImageHeader
200a7320   _cvCreateImage
200a76ac   _cvCloneSparseMat
200a78c0   _cvCloneMatND
200a7e90   _cvCloneMat
200a80b4   _cvCloneImage
200a82f0   _cvClearND
200a864c   _cvCheckTermCriteria
200a8880   _cvSaveMemStoragePos
200a88e0   _cvRestoreMemStoragePos
200a8c60   _cvMemStorageAlloc
200a8f00   _cvSetSeqBlockSize
200a9040   _cvCreateSeq
[...]
200e947c   _icvSet_32f_C3MR__FPiiPCUcT26CvSizePCi
200e94b0   _icvSet_32f_C4MR__FPiiPCUcT26CvSizePCi
200e94e4   _icvSet_64s_C3MR__FPLiPCUcT26CvSizePCL
200e9518   _icvSet_64s_C4MR__FPLiPCUcT26CvSizePCL
200e954c   _icvCopy_8u_C1MR__FPCUciPUcT26CvSizeT1T2
200e9580   _icvCopy_16s_C1MR__FPCUsiPUsT26CvSizePCUcT2
200e95b4   _icvCopy_8u_C3MR__FPCUciPUcT26CvSizeT1T2
200e95e8   _icvCopy_8u_C4MR__FPCiiPiT26CvSizePCUcT2
200e961c   _icvCopy_16s_C3MR__FPCUsiPUsT26CvSizePCUcT2
200e9650   _icvCopy_16s_C4MR__FPCLiPLT26CvSizePCUcT2
200e9684   _icvCopy_32f_C3MR__FPCiiPiT26CvSizePCUcT2
200e96b8   _icvCopy_32f_C4MR__FPCiiPiT26CvSizePCUcT2
200e96ec   _icvCopy_64s_C3MR__FPCLiPLT26CvSizePCUcT2
200e9720   _icvCopy_64s_C4MR__FPCLiPLT26CvSizePCUcT2
200e9754   _icvSet_8u_C4MR__FPiiPCUcT26CvSizePCi
200e9788   _icvSetZero_8u_C1R__FPUci6CvSize
200e9880   _icvGetCopyMaskFunc__Fi
200e9924   _icvCopy_8u_C1R__FPCUciPUcT26CvSize
200e9960   _cvSetZero
200e9fa4   _cvSet
200ead60   _cvRepeat
200eb5c4   _cvFlip
200ebcec   _cvCopy
200f2200   _icvMean_8u_C1MR__FPCUciT1T26CvSizePd
200f2234   _icvMean_8u_C2MR__FPCUciT1T26CvSizePd
200f2268   _icvMean_8u_C3MR__FPCUciT1T26CvSizePd
200f229c   _icvMean_16u_C1MR__FPCUsiPCUcT26CvSizePd
200f22d0   _icvMean_16u_C2MR__FPCUsiPCUcT26CvSizePd
200f2304   _icvMean_16u_C3MR__FPCUsiPCUcT26CvSizePd
200f2338   _icvMean_16u_C4MR__FPCUsiPCUcT26CvSizePd
200f236c   _icvMean_16s_C1MR__FPCsiPCUcT26CvSizePd
200f23a0   _icvMean_16s_C2MR__FPCsiPCUcT26CvSizePd
200f23d4   _icvMean_16s_C3MR__FPCsiPCUcT26CvSizePd
200f2408   _icvMean_16s_C4MR__FPCsiPCUcT26CvSizePd
200f243c   _icvMean_32s_C1MR__FPCiiPCUcT26CvSizePd
200f2470   _icvMean_32s_C2MR__FPCiiPCUcT26CvSizePd
200f24a4   _icvMean_32s_C3MR__FPCiiPCUcT26CvSizePd
200f24d8   _icvMean_32s_C4MR__FPCiiPCUcT26CvSizePd
200f250c   _icvMean_32f_C1MR__FPCfiPCUcT26CvSizePd
200f2540   _icvMean_32f_C2MR__FPCfiPCUcT26CvSizePd
200f2574   _icvMean_32f_C3MR__FPCfiPCUcT26CvSizePd
200f25a8   _icvMean_32f_C4MR__FPCfiPCUcT26CvSizePd
200f25dc   _icvMean_64f_C1MR__FPCdiPCUcT26CvSizePd
200f2610   _icvMean_64f_C2MR__FPCdiPCUcT26CvSizePd
200f2644   _icvMean_64f_C3MR__FPCdiPCUcT26CvSizePd
200f2678   _icvMean_64f_C4MR__FPCdiPCUcT26CvSizePd
200f26ac   _icvMean_8u_C4MR__FPCUciT1T26CvSizePd
200f26e0   _cvAvg
200f6410   _icvMinMaxIndx_16u_C1R__FPCUsi6CvSizePfT4P7CvPointT6
200f6444   _icvMinMaxIndx_16s_C1R__FPCsi6CvSizePfT4P7CvPointT6
200f6478   _icvMinMaxIndx_32s_C1R__FPCii6CvSizePdT4P7CvPointT6
200f64ac   _icvMinMaxIndx_32f_C1R__FPCii6CvSizePfT4P7CvPointT6
200f64e0   _icvMinMaxIndx_64f_C1R__FPCLi6CvSizePdT4P7CvPointT6
200f6514   _icvMinMaxIndx_8u_C1MR__FPCUciT1T26CvSizePfT6P7CvPointT8
200f6548   _icvMinMaxIndx_16u_C1MR__FPCUsiPCUcT26CvSizePfT6P7CvPointT8
200f657c   _icvMinMaxIndx_16s_C1MR__FPCsiPCUcT26CvSizePfT6P7CvPointT8
200f65b0   _icvMinMaxIndx_32s_C1MR__FPCiiPCUcT26CvSizePdT6P7CvPointT8
200f65e4   _icvMinMaxIndx_32f_C1MR__FPCiiPCUcT26CvSizePfT6P7CvPointT8
200f6618   _icvMinMaxIndx_64f_C1MR__FPCLiPCUcT26CvSizePdT6P7CvPointT8
200f664c   _icvMinMaxIndx_8u_C1R__FPCUci6CvSizePfT4P7CvPointT6
200f6680   _cvMinMaxLoc
200f7880   _icvLUT_Transform8u_8u_C4R__FPCUciPUcT26CvSizeT1
200f7a54   _icvLUT_Transform8u_8u_C3R__FPCUciPUcT26CvSizeT1
200f7c08   _icvLUT_Transform8u_8u_C2R__FPCUciPUcT26CvSizeT1
200f7d80   _icvLUT_Transform8u_8u_C1R__FPCUciPUcT26CvSizeT1
200f84c0   _icvLUT_Transform8u_64f_C1R__FPCUciPdT26CvSizePCd
200f8be0   _icvLUT_Transform8u_32s_C1R__FPCUciPiT26CvSizePCi
200f92c4   _icvLUT_Transform8u_16u_C1R__FPCUciPUsT26CvSizePCUs
200f94a8   _cvLUT
200f9e40   _icvPthreadDestructor__FPv
200f9e48   _cvErrorStr
200fa1d4   _cvGetErrMode
200fa264   _cvStdErrReport
200fa428   _cvSetErrStatus
200fa4c0   _cvSetErrMode
200fa560   _cvRedirectError
200fa610   _cvNulDevReport
200fa6a8   _cvGuiBoxReport
200fa888   _cvGetErrStatus
200fa918   _cvGetErrInfo
200faaf0   _cvErrorFromIppStatus
200fac40   _cvError
200faea0   __divd
200fbbc0   _strtod
200fc180   _cvThreshold
200fcc20   _strtol
200fd120   __printfi
200fd600   _cos
200fdac0   __divf
200fdf20   _sin
200fe780   __addf
200ff9a0   _fputs
20100000   _memalign
20100300   _free
201005e0   __divull
201008a0   _sqrt
20100b60   __mpyd
20101060   __addd
201012c0   __frcaddd
20101520   __frcmpyd_div
20101c40   __mpyf
20101e80   _ldexp
201022e0   _HOSTrename
201026c0   _frexp
201028a0   _malloc
20102a60   _open
20102c20   _setvbuf
20102de0   __divul
20103260   __nround
20103520   _fputc
20103520   _putc
20103680   __buff_read
20103900   _fclose
20103a40   _HOSTlseek
20103b60   __auto_init
20103c80   __frcmpyd
20103da0   _atoi
20103ec0   _HOSTopen
20103fc0   _HOSTread
201040c0   _HOSTwrite
201041c0   __c6xabi_divi
201041c0   __divi
201042c0   __fltllid
201043c0   __c6xabi_strasgi
201043c0   __strasgi
201044c0   __wrt_ok
201045c0   _call_dtors
201046c0   _close
201047c0   _exit
201048c0   _fflush
201049c0   _fseek
20104ac0   _lseek
20104bc0   _ltoa
20104cc0   _memset
20104dc0   _read
20104ec0   _write
20104fc0   _HOSTunlink
201050a0   __cleanup
20105180   __cmpd
20105340   __doflush
20105500   _ftell
201055e0   _memcpy
201056c0   _modf
201057a0   _HOSTclose
20105860   ___nw__FUi
20105920   __cvtdf
201059e0   __c6xabi_divu
201059e0   __divu
20105c20   __rd_ok
20105ce0   __c6xabi_remi
20105ce0   __remi
20105f20   _strstr
201060a0   _cvFree_
201060b8   _cvAlloc
20106140   __cmpf
201061e0   __divli
20106280   __fixdi
20106320   __fixdli
201063c0   __frcmpyf_div
20106460   __c6xabi_remu
20106460   __remu
20106500   __renormd
201065a0   _copy_in
201066e0   __fltlid
20106760   __llshl
201067e0   __mpyll
20106860   _fopen
201068e0   _fprintf
20106960   _memccpy
201069e0   _printf
20106a60   _readmsg
20106ae0   _sprintf
20106b60   _unlink
20106be0   __abort_msg
20106c40   __cvtfd
20106ca0   __fltid
20106d00   __fltif
20106d60   __frcmpyf
20106dc0   __llshru
20106e80   __remli
20106ee0   __remul
20106f40   __subcull
20106fa0   _c_int00
20107000   _memmove
20107060   _writemsg
201070b8   C$$IO$$
201070c0   ___add_dtor
20107100   ___isinf
20107200   __args_main
20107240   __fltud
20107280   __fltuf
201072c0   __negd
20107300   __subd
20107340   __subf
20107380   _main
201073c0   ___default_new_handler__Fv
201073e0   ___dl__FPv
20107400   __negll
20107420   __nop
201074e0   __trunc
20107500   C$$EXIT
20107500   _abort
20107520   _feof
20107540   _fgets
20107560   _remove
20107580   ___etext__
20107580   _beauty_gray
20107580   etext
201eb7f4   _errno
201ef820   _seq_type
201ef824   _seq_tree_type
201ef828   _seq_graph_type
201ef82c   _sparse_mat_type
201ef830   _image_type
201ef834   _mat_type
201ef838   _matnd_type
201f07c4   _dtors
201f098c   __new_handler
201f0990   __ftable
201f0a80   __tmpnams
201f0b20   __ft_end
201f0b28   ___atexit_func_id__
201f0cb0   _hist_type
201f18dc   __cleanup_ptr
201f18e0   __dtors_ptr
201f18e4   ___TI_enable_exit_profile_output
201f18f0   __lock
201f18f4   __unlock
201f1908   ___cinit__
201f1908   cinit
202bb5a0   _icv8x32fTab_cv
202bea18   _icv8x32fSqrTab
202bf018   _icv8x32fTab
202c0520   _icv8x16uSqrTab
202c1018   _icvSaturate8u
202c1ec0   __ctypes_
202c2730   _icvDepthToType
202c27a8   $bss
202c27a8   .bss
202c27a8   ___bss__
202c27a8   _icvFastArctan_32f_p
202c27ac   _icvInvSqrt_32f_p
202c27b0   _icvSqrt_32f_p
202c27b4   _icvSqrt_64f_p
202c27b8   _icvInvSqrt_64f_p
202c27d8   _icvExp_32f_p
202c27dc   _icvExp_64f_p
202c27e8   _icvLog_32f_p
202c27ec   _icvLog_64f_p
202c27f0   _icvCheckArray_32f_C1R_p
202c27f4   _icvCheckArray_64f_C1R_p
202c28c4   _icvMean_StdDev_8u_C1R_p
202c28c8   _icvMean_StdDev_8u_C2R_p
202c28cc   _icvMean_StdDev_8u_C3R_p
202c28d0   _icvMean_StdDev_8u_C4R_p
202c28d4   _icvMean_StdDev_8u_C1MR_p
202c28d8   _icvMean_StdDev_8u_C2MR_p
202c28dc   _icvMean_StdDev_8u_C3MR_p
202c28e0   _icvMean_StdDev_8u_C4MR_p
202c28e4   _icvMean_StdDev_16u_C1R_p
202c28e8   _icvMean_StdDev_16u_C2R_p
202c28ec   _icvMean_StdDev_16u_C3R_p
202c28f0   _icvMean_StdDev_16u_C4R_p
202c28f4   _icvMean_StdDev_16u_C1MR_p
202c28f8   _icvMean_StdDev_16u_C2MR_p
202c28fc   _icvMean_StdDev_16u_C3MR_p
202c2900   _icvMean_StdDev_16u_C4MR_p
202c2904   _icvMean_StdDev_16s_C1R_p
202c2908   _icvMean_StdDev_16s_C2R_p
202c290c   _icvMean_StdDev_16s_C3R_p
202c2910   _icvMean_StdDev_16s_C4R_p
202c2914   _icvMean_StdDev_16s_C1MR_p
202c2918   _icvMean_StdDev_16s_C2MR_p
202c291c   _icvMean_StdDev_16s_C3MR_p
202c2920   _icvMean_StdDev_16s_C4MR_p
202c2924   _icvMean_StdDev_32s_C1R_p
202c2928   _icvMean_StdDev_32s_C2R_p
202c292c   _icvMean_StdDev_32s_C3R_p
202c2930   _icvMean_StdDev_32s_C4R_p
202c2934   _icvMean_StdDev_32s_C1MR_p
202c2938   _icvMean_StdDev_32s_C2MR_p
202c293c   _icvMean_StdDev_32s_C3MR_p
202c2940   _icvMean_StdDev_32s_C4MR_p
202c2944   _icvMean_StdDev_32f_C1R_p
202c2948   _icvMean_StdDev_32f_C2R_p
202c294c   _icvMean_StdDev_32f_C3R_p
202c2950   _icvMean_StdDev_32f_C4R_p
202c2954   _icvMean_StdDev_32f_C1MR_p
202c2958   _icvMean_StdDev_32f_C2MR_p
202c295c   _icvMean_StdDev_32f_C3MR_p
202c2960   _icvMean_StdDev_32f_C4MR_p
202c2964   _icvMean_StdDev_64f_C1R_p
202c2968   _icvMean_StdDev_64f_C2R_p
202c296c   _icvMean_StdDev_64f_C3R_p
202c2970   _icvMean_StdDev_64f_C4R_p
202c2974   _icvMean_StdDev_64f_C1MR_p
202c2978   _icvMean_StdDev_64f_C2MR_p
202c297c   _icvMean_StdDev_64f_C3MR_p
202c2980   _icvMean_StdDev_64f_C4MR_p
202c2988   _icvFilterSobelVert_8u16s_C1R_p
202c298c   _icvFilterSobelHoriz_8u16s_C1R_p
202c2990   _icvFilterSobelVertSecond_8u16s_C1R_p
202c2994   _icvFilterSobelHorizSecond_8u16s_C1R_p
202c2998   _icvFilterSobelCross_8u16s_C1R_p
202c299c   _icvFilterSobelVert_32f_C1R_p
202c29a0   _icvFilterSobelHoriz_32f_C1R_p
202c29a4   _icvFilterSobelVertSecond_32f_C1R_p
202c29a8   _icvFilterSobelHorizSecond_32f_C1R_p
202c29ac   _icvFilterSobelCross_32f_C1R_p
202c29b0   _icvFilterScharrVert_8u16s_C1R_p
202c29b4   _icvFilterScharrHoriz_8u16s_C1R_p
202c29b8   _icvFilterScharrVert_32f_C1R_p
202c29bc   _icvFilterScharrHoriz_32f_C1R_p
202c29c0   _icvFilterScharrHorizGetBufSize_8u16s_C1R_p
202c29c4   _icvFilterScharrHorizBorder_8u16s_C1R_p
202c29c8   _icvFilterScharrHorizGetBufSize_32f_C1R_p
202c29cc   _icvFilterScharrHorizBorder_32f_C1R_p
202c29d0   _icvFilterScharrVertGetBufSize_8u16s_C1R_p
202c29d4   _icvFilterScharrVertBorder_8u16s_C1R_p
202c29d8   _icvFilterScharrVertGetBufSize_32f_C1R_p
202c29dc   _icvFilterScharrVertBorder_32f_C1R_p
202c29e0   _icvFilterSobelHorizGetBufSize_8u16s_C1R_p
202c29e4   _icvFilterSobelHorizBorder_8u16s_C1R_p
202c29e8   _icvFilterSobelHorizGetBufSize_32f_C1R_p
202c29ec   _icvFilterSobelHorizBorder_32f_C1R_p
202c29f0   _icvFilterSobelNegVertGetBufSize_8u16s_C1R_p
202c29f4   _icvFilterSobelNegVertBorder_8u16s_C1R_p
202c29f8   _icvFilterSobelNegVertGetBufSize_32f_C1R_p
202c29fc   _icvFilterSobelNegVertBorder_32f_C1R_p
202c2a00   _icvFilterSobelHorizSecondGetBufSize_8u16s_C1R_p
202c2a04   _icvFilterSobelHorizSecondBorder_8u16s_C1R_p
202c2a08   _icvFilterSobelHorizSecondGetBufSize_32f_C1R_p
202c2a0c   _icvFilterSobelHorizSecondBorder_32f_C1R_p
202c2a10   _icvFilterSobelVertSecondGetBufSize_8u16s_C1R_p
202c2a14   _icvFilterSobelVertSecondBorder_8u16s_C1R_p
202c2a18   _icvFilterSobelVertSecondGetBufSize_32f_C1R_p
202c2a1c   _icvFilterSobelVertSecondBorder_32f_C1R_p
202c2a20   _icvFilterSobelCrossGetBufSize_8u16s_C1R_p
202c2a24   _icvFilterSobelCrossBorder_8u16s_C1R_p
202c2a28   _icvFilterSobelCrossGetBufSize_32f_C1R_p
202c2a2c   _icvFilterSobelCrossBorder_32f_C1R_p
202c2a30   _icvFilterLaplacianGetBufSize_8u16s_C1R_p
202c2a34   _icvFilterLaplacianBorder_8u16s_C1R_p
202c2a38   _icvFilterLaplacianGetBufSize_32f_C1R_p
202c2a3c   _icvFilterLaplacianBorder_32f_C1R_p
202c2a40   _icvCopy_8u_C2P2R_p
202c2a44   _icvCopy_8u_C3P3R_p
202c2a48   _icvCopy_8u_C4P4R_p
202c2a4c   _icvCopy_16s_C2P2R_p
202c2a50   _icvCopy_16s_C3P3R_p
202c2a54   _icvCopy_16s_C4P4R_p
202c2a58   _icvCopy_32f_C2P2R_p
202c2a5c   _icvCopy_32f_C3P3R_p
202c2a60   _icvCopy_32f_C4P4R_p
202c2a64   _icvCopy_64f_C2P2R_p
202c2a68   _icvCopy_64f_C3P3R_p
202c2a6c   _icvCopy_64f_C4P4R_p
202c2a70   _icvCopy_8u_CnC1CR_p
202c2a74   _icvCopy_16s_CnC1CR_p
202c2a78   _icvCopy_32f_CnC1CR_p
202c2a7c   _icvCopy_64f_CnC1CR_p
202c2a80   _icvCopy_8u_P2C2R_p
202c2a84   _icvCopy_8u_P3C3R_p
202c2a88   _icvCopy_8u_P4C4R_p
202c2a8c   _icvCopy_16s_P2C2R_p
202c2a90   _icvCopy_16s_P3C3R_p
202c2a94   _icvCopy_16s_P4C4R_p
202c2a98   _icvCopy_32f_P2C2R_p
202c2a9c   _icvCopy_32f_P3C3R_p
202c2aa0   _icvCopy_32f_P4C4R_p
202c2aa4   _icvCopy_64f_P2C2R_p
202c2aa8   _icvCopy_64f_P3C3R_p
202c2aac   _icvCopy_64f_P4C4R_p
202c2ab0   _icvCopy_8u_C1CnCR_p
202c2ab4   _icvCopy_16s_C1CnCR_p
202c2ab8   _icvCopy_32f_C1CnCR_p
202c2abc   _icvCopy_64f_C1CnCR_p
202c2ac0   _icvCvt_32f64f_p
202c2ac4   _icvCvt_64f32f_p
202c2ad8   _icvDFTInitAlloc_C_32fc_p
202c2adc   _icvDFTFree_C_32fc_p
202c2ae0   _icvDFTGetBufSize_C_32fc_p
202c2ae4   _icvDFTFwd_CToC_32fc_p
202c2ae8   _icvDFTInv_CToC_32fc_p
202c2aec   _icvDFTInitAlloc_C_64fc_p
202c2af0   _icvDFTFree_C_64fc_p
202c2af4   _icvDFTGetBufSize_C_64fc_p
202c2af8   _icvDFTFwd_CToC_64fc_p
202c2afc   _icvDFTInv_CToC_64fc_p
202c2b00   _icvDFTInitAlloc_R_32f_p
202c2b04   _icvDFTFree_R_32f_p
202c2b08   _icvDFTGetBufSize_R_32f_p
202c2b0c   _icvDFTFwd_RToPack_32f_p
202c2b10   _icvDFTInv_PackToR_32f_p
202c2b14   _icvDFTInitAlloc_R_64f_p
202c2b18   _icvDFTFree_R_64f_p
202c2b1c   _icvDFTGetBufSize_R_64f_p
202c2b20   _icvDFTFwd_RToPack_64f_p
202c2b24   _icvDFTInv_PackToR_64f_p
202c2b60   _icvSum_8u_C1R_p
202c2b64   _icvSum_8u_C2R_p
202c2b68   _icvSum_8u_C3R_p
202c2b6c   _icvSum_8u_C4R_p
202c2b70   _icvSum_16u_C1R_p
202c2b74   _icvSum_16u_C2R_p
202c2b78   _icvSum_16u_C3R_p
202c2b7c   _icvSum_16u_C4R_p
202c2b80   _icvSum_16s_C1R_p
202c2b84   _icvSum_16s_C2R_p
202c2b88   _icvSum_16s_C3R_p
202c2b8c   _icvSum_16s_C4R_p
202c2b90   _icvSum_32s_C1R_p
202c2b94   _icvSum_32s_C2R_p
202c2b98   _icvSum_32s_C3R_p
202c2b9c   _icvSum_32s_C4R_p
202c2ba0   _icvSum_32f_C1R_p
202c2ba4   _icvSum_32f_C2R_p
202c2ba8   _icvSum_32f_C3R_p
202c2bac   _icvSum_32f_C4R_p
202c2bb0   _icvSum_64f_C1R_p
202c2bb4   _icvSum_64f_C2R_p
202c2bb8   _icvSum_64f_C3R_p
202c2bbc   _icvSum_64f_C4R_p
202c2bc0   _icvCountNonZero_8u_C1R_p
202c2bc4   _icvCountNonZero_16s_C1R_p
202c2bc8   _icvCountNonZero_32s_C1R_p
202c2bcc   _icvCountNonZero_32f_C1R_p
202c2bd0   _icvCountNonZero_64f_C1R_p
202c2bdc   _icvAdd_8u32f_C1IR_p
202c2be0   _icvAdd_32f_C1IR_p
202c2be4   _icvAddSquare_8u32f_C1IR_p
202c2be8   _icvAddSquare_32f_C1IR_p
202c2bec   _icvAddProduct_8u32f_C1IR_p
202c2bf0   _icvAddProduct_32f_C1IR_p
202c2bf4   _icvAddWeighted_8u32f_C1IR_p
202c2bf8   _icvAddWeighted_32f_C1IR_p
202c2bfc   _icvAdd_8u32f_C1IMR_p
202c2c00   _icvAdd_32f_C1IMR_p
202c2c04   _icvAddSquare_8u32f_C1IMR_p
202c2c08   _icvAddSquare_32f_C1IMR_p
202c2c0c   _icvAddProduct_8u32f_C1IMR_p
202c2c10   _icvAddProduct_32f_C1IMR_p
202c2c14   _icvAddWeighted_8u32f_C1IMR_p
202c2c18   _icvAddWeighted_32f_C1IMR_p
202c2c1c   _icvAdd_8u32f_C3IMR_p
202c2c20   _icvAdd_32f_C3IMR_p
202c2c24   _icvAddSquare_8u32f_C3IMR_p
202c2c28   _icvAddSquare_32f_C3IMR_p
202c2c2c   _icvAddProduct_8u32f_C3IMR_p
202c2c30   _icvAddProduct_32f_C3IMR_p
202c2c34   _icvAddWeighted_8u32f_C3IMR_p
202c2c38   _icvAddWeighted_32f_C3IMR_p
202c2c4c   _icvFilterRow_8u_C1R_p
202c2c50   _icvFilterRow_8u_C3R_p
202c2c54   _icvFilterRow_8u_C4R_p
202c2c58   _icvFilterRow_16s_C1R_p
202c2c5c   _icvFilterRow_16s_C3R_p
202c2c60   _icvFilterRow_16s_C4R_p
202c2c64   _icvFilterRow_32f_C1R_p
202c2c68   _icvFilterRow_32f_C3R_p
202c2c6c   _icvFilterRow_32f_C4R_p
202c2c70   _icvFilterColumn_8u_C1R_p
202c2c74   _icvFilterColumn_8u_C3R_p
202c2c78   _icvFilterColumn_8u_C4R_p
202c2c7c   _icvFilterColumn_16s_C1R_p
202c2c80   _icvFilterColumn_16s_C3R_p
202c2c84   _icvFilterColumn_16s_C4R_p
202c2c88   _icvFilterColumn_32f_C1R_p
202c2c8c   _icvFilterColumn_32f_C3R_p
202c2c90   _icvFilterColumn_32f_C4R_p
202c2c94   _icvFilter_8u_C1R_p
202c2c98   _icvFilter_8u_C3R_p
202c2c9c   _icvFilter_8u_C4R_p
202c2ca0   _icvFilter_16s_C1R_p
202c2ca4   _icvFilter_16s_C3R_p
202c2ca8   _icvFilter_16s_C4R_p
202c2cac   _icvFilter_32f_C1R_p
202c2cb0   _icvFilter_32f_C3R_p
202c2cb4   _icvFilter_32f_C4R_p
202c2cb8   _icvCopy_8u_C1R_p
202c2cbc   _icvSet_8u_C1MR_p
202c2cc0   _icvSet_16s_C1MR_p
202c2cc4   _icvSet_8u_C3MR_p
202c2cc8   _icvSet_8u_C4MR_p
202c2ccc   _icvSet_16s_C3MR_p
202c2cd0   _icvSet_16s_C4MR_p
202c2cd4   _icvSet_32f_C3MR_p
202c2cd8   _icvSet_32f_C4MR_p
202c2cdc   _icvSet_64s_C3MR_p
202c2ce0   _icvSet_64s_C4MR_p
202c2ce4   _icvCopy_8u_C1MR_p
202c2ce8   _icvCopy_16s_C1MR_p
202c2cec   _icvCopy_8u_C3MR_p
202c2cf0   _icvCopy_8u_C4MR_p
202c2cf4   _icvCopy_16s_C3MR_p
202c2cf8   _icvCopy_16s_C4MR_p
202c2cfc   _icvCopy_32f_C3MR_p
202c2d00   _icvCopy_32f_C4MR_p
202c2d04   _icvCopy_64s_C3MR_p
202c2d08   _icvCopy_64s_C4MR_p
202c2d0c   _icvSetByte_8u_C1R_p
202c2d1c   _icvMean_8u_C1MR_p
202c2d20   _icvMean_8u_C2MR_p
202c2d24   _icvMean_8u_C3MR_p
202c2d28   _icvMean_8u_C4MR_p
202c2d2c   _icvMean_16u_C1MR_p
202c2d30   _icvMean_16u_C2MR_p
202c2d34   _icvMean_16u_C3MR_p
202c2d38   _icvMean_16u_C4MR_p
202c2d3c   _icvMean_16s_C1MR_p
202c2d40   _icvMean_16s_C2MR_p
202c2d44   _icvMean_16s_C3MR_p
202c2d48   _icvMean_16s_C4MR_p
202c2d4c   _icvMean_32s_C1MR_p
202c2d50   _icvMean_32s_C2MR_p
202c2d54   _icvMean_32s_C3MR_p
202c2d58   _icvMean_32s_C4MR_p
202c2d5c   _icvMean_32f_C1MR_p
202c2d60   _icvMean_32f_C2MR_p
202c2d64   _icvMean_32f_C3MR_p
202c2d68   _icvMean_32f_C4MR_p
202c2d6c   _icvMean_64f_C1MR_p
202c2d70   _icvMean_64f_C2MR_p
202c2d74   _icvMean_64f_C3MR_p
202c2d78   _icvMean_64f_C4MR_p
202c2d80   _icvAdd_8u_C1R_p
202c2d84   _icvAdd_16u_C1R_p
202c2d88   _icvAdd_16s_C1R_p
202c2d8c   _icvAdd_32s_C1R_p
202c2d90   _icvAdd_32f_C1R_p
202c2d94   _icvAdd_64f_C1R_p
202c2d98   _icvSub_8u_C1R_p
202c2d9c   _icvSub_16u_C1R_p
202c2da0   _icvSub_16s_C1R_p
202c2da4   _icvSub_32s_C1R_p
202c2da8   _icvSub_32f_C1R_p
202c2dac   _icvSub_64f_C1R_p
202c2dcc   _icvCopyReplicateBorder_8u_C1R_p
202c2dd0   _icvCopyReplicateBorder_16s_C1R_p
202c2dd4   _icvCopyReplicateBorder_8u_C3R_p
202c2dd8   _icvCopyReplicateBorder_32s_C1R_p
202c2ddc   _icvCopyReplicateBorder_16s_C3R_p
202c2de0   _icvCopyReplicateBorder_16s_C4R_p
202c2de4   _icvCopyReplicateBorder_32s_C3R_p
202c2de8   _icvCopyReplicateBorder_32s_C4R_p
202c2dec   _icvCopyReplicateBorder_8u_C1IR_p
202c2df0   _icvCopyReplicateBorder_16s_C1IR_p
202c2df4   _icvCopyReplicateBorder_8u_C3IR_p
202c2df8   _icvCopyReplicateBorder_32s_C1IR_p
202c2dfc   _icvCopyReplicateBorder_16s_C3IR_p
202c2e00   _icvCopyReplicateBorder_16s_C4IR_p
202c2e04   _icvCopyReplicateBorder_32s_C3IR_p
202c2e08   _icvCopyReplicateBorder_32s_C4IR_p
202c2e0c   _icvMinMaxIndx_8u_C1R_p
202c2e10   _icvMinMaxIndx_16u_C1R_p
202c2e14   _icvMinMaxIndx_16s_C1R_p
202c2e18   _icvMinMaxIndx_32s_C1R_p
202c2e1c   _icvMinMaxIndx_32f_C1R_p
202c2e20   _icvMinMaxIndx_64f_C1R_p
202c2e24   _icvMinMaxIndx_8u_C1MR_p
202c2e28   _icvMinMaxIndx_16u_C1MR_p
202c2e2c   _icvMinMaxIndx_16s_C1MR_p
202c2e30   _icvMinMaxIndx_32s_C1MR_p
202c2e34   _icvMinMaxIndx_32f_C1MR_p
202c2e38   _icvMinMaxIndx_64f_C1MR_p
202c2e40   _icvPyrDown_Gauss5x5_8u_C1R_p
202c2e44   _icvPyrDown_Gauss5x5_8u_C3R_p
202c2e48   _icvPyrDown_Gauss5x5_32f_C1R_p
202c2e4c   _icvPyrDown_Gauss5x5_32f_C3R_p
202c2e50   _icvPyrUp_Gauss5x5_8u_C1R_p
202c2e54   _icvPyrUp_Gauss5x5_8u_C3R_p
202c2e58   _icvPyrUp_Gauss5x5_32f_C1R_p
202c2e5c   _icvPyrUp_Gauss5x5_32f_C3R_p
202c2e60   _icvPyrUpGetBufSize_Gauss5x5_p
202c2e64   _icvPyrDownGetBufSize_Gauss5x5_p
202c2e70   _icvCrossCorrValid_Norm_8u32f_C1R_p
202c2e74   _icvCrossCorrValid_NormLevel_8u32f_C1R_p
202c2e78   _icvSqrDistanceValid_Norm_8u32f_C1R_p
202c2e7c   _icvCrossCorrValid_Norm_32f_C1R_p
202c2e80   _icvCrossCorrValid_NormLevel_32f_C1R_p
202c2e84   _icvSqrDistanceValid_Norm_32f_C1R_p
202c2e88   _first__6CvType
202c2e8c   _last__6CvType
202c2e94   _icvCannyGetSize_p
202c2e98   _icvCanny_16s8u_C1R_p
202c2ea4   ___end__
202c2ea4   end
202c3308   __CIOBUF_
ffffffff   ___TI_pprof_out_hndl
ffffffff   ___TI_prof_data_size
ffffffff   ___TI_prof_data_start
ffffffff   ___binit__
ffffffff   ___c_args__
ffffffff   binit

[985 symbols]
