******************************************************************************
               TMS320C6x Linker PC v7.2.0                      
******************************************************************************
>> Linked Fri Jul 22 11:22:26 2016

OUTPUT FILE NAME:   <Shape_based_Matching_Algorithm.out>
ENTRY POINT SYMBOL: "_c_int00"  address: 2015a180


MEMORY CONFIGURATION

         name            origin    length      used     unused   attr    fill
----------------------  --------  ---------  --------  --------  ----  --------
  RAM                   00000001   fffffffe  203187d0  dfce782e  RWIX


SECTION ALLOCATION MAP

 output                                  attributes/
section   page    origin      length       input sections
--------  ----  ----------  ----------   ----------------
.data      0    00000008    00000000     UNINITIALIZED

.stack     0    00000008    10000000     UNINITIALIZED
                  00000008    00000008     rts6400.lib : boot.obj (.stack)
                  00000010    0ffffff8     --HOLE--

.sysmem    0    10000008    10000000     UNINITIALIZED
                  10000008    00000008     rts6400.lib : memory.obj (.sysmem)
                  10000010    0ffffff8     --HOLE--

.pinit     0    20000008    0000000c     
                  20000008    00000004     FS_EMCV_v4_001.lib : cvhistogram.obj (.pinit)
                  2000000c    00000004                        : cxpersistence.obj (.pinit)
                  20000010    00000004     --HOLE-- [fill = 0]

.text      0    20000020    0015a740     
                  20000020    00038060     FS_EMCV_v4_001.lib : cxconvert.obj (.text)
                  20038080    0002f8a0                        : cxarithm.obj (.text)
                  20067920    00019e80                        : cvfilter.obj (.text)
                  200817a0    00018c60                        : cxpersistence.obj (.text)
                  2009a400    00016540                        : cxmeansdv.obj (.text)
                  200b0940    00015a80                        : cvpyramids.obj (.text)
                  200c63c0    00011dc0                        : cxarray.obj (.text)
                  200d8180    00010860                        : cxdxt.obj (.text)
                  200e89e0    0000ff80                        : cxdatastructs.obj (.text)
                  200f8960    0000f380                        : cxsumpixels.obj (.text)
                  20107ce0    0000dfa0                        : cvhistogram.obj (.text)
                  20115c80    00009e20                        : cxmathfuncs.obj (.text)
                  2011faa0    00007300                        : cvaccum.obj (.text)
                  20126da0    00006640                        : cxcopy.obj (.text)
                  2012d3e0    00005da0                        : cxmean.obj (.text)
                  20133180    00005020     ModelBuilding.obj (.text)
                  201381a0    00004860     FS_EMCV_v4_001.lib : cvderiv.obj (.text)
                  2013ca00    00004380                        : cxminmaxloc.obj (.text)
                  20140d80    00002aa0                        : cxlut.obj (.text)
                  20143820    000028e0                        : cvtemplmatch.obj (.text)
                  20146100    000021a0                        : cvutils.obj (.text)
                  201482a0    000018e0                        : cvcanny.obj (.text)
                  20149b80    00001240     su_alloc.obj (.text)
                  2014adc0    00001060     FS_EMCV_v4_001.lib : cxerror.obj (.text)
                  2014be20    00000e40                        : cvsumpixels.obj (.text)
                  2014cc60    00000c80     rts6400.lib : pow.obj (.text:_pow)
                  2014d8e0    00000700                 : divd.obj (.text:__divd)
                  2014dfe0    00000620                 : _printfi.obj (.text:__getarg_diouxp)
                  2014e600    000005c0                 : strtod.obj (.text:_strtod)
                  2014ebc0    000005a0     FS_EMCV_v4_001.lib : cvthresh.obj (.text)
                  2014f160    00000500     rts6400.lib : _printfi.obj (.text:__setfield)
                  2014f660    00000500                 : strtol.obj (.text:_strtol)
                  2014fb60    000004e0                 : _printfi.obj (.text:__printfi)
                  20150040    000004c0                 : cos.obj (.text:_cos)
                  20150500    00000460                 : divf.obj (.text:__divf)
                  20150960    00000460                 : sin.obj (.text:_sin)
                  20150dc0    00000400                 : _printfi.obj (.text:_fcvt)
                  201511c0    000003c0                 : addf.obj (.text:__addf)
                  20151580    000003c0                 : fgets.obj (.text:__dofgets)
                  20151940    000003c0                 : _printfi.obj (.text:_ecvt)
                  20151d00    000003a0                 : _printfi.obj (.text:__pproc_fge)
                  201520a0    00000380                 : exp.obj (.text:_exp)
                  20152420    00000340                 : _printfi.obj (.text:__pproc_fwp)
                  20152760    00000340                 : fputs.obj (.text:_fputs)
                  20152aa0    00000320                 : _printfi.obj (.text:__pconv_e)
                  20152dc0    00000300                 : memory.obj (.text:_memalign)
                  201530c0    000002e0                 : memory.obj (.text:_free)
                  201533a0    000002c0                 : imath64.obj (.text:__divull)
                  20153660    000002c0                 : sqrt.obj (.text:_sqrt)
                  20153920    00000280                 : mpyd.obj (.text:__mpyd)
                  20153ba0    00000280                 : _printfi.obj (.text:__pproc_diouxp)
                  20153e20    00000260                 : addd.obj (.text:__addd)
                  20154080    00000260                 : frcaddd.obj (.text:__frcaddd)
                  201542e0    00000260                 : frcmpyd_div.obj (.text:__frcmpyd_div)
                  20154540    00000260                 : _printfi.obj (.text:__pconv_g)
                  201547a0    00000260                 : _printfi.obj (.text:__pproc_str)
                  20154a00    00000240                 : mpyf.obj (.text:__mpyf)
                  20154c40    00000240                 : ldexp.obj (.text:_ldexp)
                  20154e80    00000220                 : _printfi.obj (.text:__mcpy)
                  201550a0    00000200                 : trgdrv.obj (.text:_HOSTrename)
                  201552a0    000001e0                 : fopen.obj (.text:__openfile)
                  20155480    000001e0                 : frexp.obj (.text:_frexp)
                  20155660    000001c0                 : memory.obj (.text:_malloc)
                  20155820    000001c0                 : lowlev.obj (.text:_open)
                  201559e0    000001c0                 : setvbuf.obj (.text:_setvbuf)
                  20155ba0    000001c0     main.obj (.text)
                  20155d60    000001a0     rts6400.lib : imath40.obj (.text:__divul)
                  20155f00    00000180                 : lowlev.obj (.text:_getdevice)
                  20156080    00000160                 : _printfi.obj (.text:__ltostr)
                  201561e0    00000160                 : round.obj (.text:__nround)
                  20156340    00000160                 : _printfi.obj (.text:__pproc_fflags)
                  201564a0    00000160                 : fputc.obj (.text:_fputc)
                  20156600    00000140                 : _bufread.obj (.text:__buff_read)
                  20156740    00000140                 : fopen.obj (.text:__search_fp)
                  20156880    00000140                 : fclose.obj (.text:_fclose)
                  201569c0    00000120                 : trgdrv.obj (.text:_HOSTlseek)
                  20156ae0    00000120                 : autoinit.obj (.text:__auto_init)
                  20156c00    00000120                 : fixdlli.obj (.text:__fixdlli)
                  20156d20    00000120                 : frcmpyd.obj (.text:__frcmpyd)
                  20156e40    00000120                 : atoi.obj (.text:_atoi)
                  20156f60    00000100                 : trgdrv.obj (.text:_HOSTopen)
                  20157060    00000100                 : trgdrv.obj (.text:_HOSTread)
                  20157160    00000100                 : trgdrv.obj (.text:_HOSTwrite)
                  20157260    00000100                 : divi.obj (.text:__divi)
                  20157360    00000100                 : fltllid.obj (.text:__fltllid)
                  20157460    00000100                 : strasg.obj (.text:__strasgi)
                  20157560    00000100                 : _io_perm.obj (.text:__wrt_ok)
                  20157660    00000100                 : sinit.obj (.text:_call_dtors)
                  20157760    00000100                 : lowlev.obj (.text:_close)
                  20157860    00000100                 : exit.obj (.text:_exit)
                  20157960    00000100                 : fflush.obj (.text:_fflush)
                  20157a60    00000100                 : fseek.obj (.text:_fseek)
                  20157b60    00000100                 : lowlev.obj (.text:_lseek)
                  20157c60    00000100                 : ltoa.obj (.text:_ltoa)
                  20157d60    00000100                 : memset.obj (.text:_memset)
                  20157e60    00000100                 : lowlev.obj (.text:_read)
                  20157f60    00000100                 : lowlev.obj (.text:_write)
                  20158060    000000e0                 : trgdrv.obj (.text:_HOSTunlink)
                  20158140    000000e0                 : fopen.obj (.text:__cleanup)
                  20158220    000000e0                 : cmpd.obj (.text:__cmpd)
                  20158300    000000e0                 : _printfi.obj (.text:__div)
                  201583e0    000000e0                 : fflush.obj (.text:__doflush)
                  201584c0    000000e0                 : _printfi.obj (.text:__pconv_f)
                  201585a0    000000e0                 : ftell.obj (.text:_ftell)
                  20158680    000000e0                 : memcpy64.obj (.text:_memcpy)
                  20158760    000000e0                 : modf.obj (.text:_modf)
                  20158840    000000c0                 : trgdrv.obj (.text:_HOSTclose)
                  20158900    000000c0                 : new_.obj (.text:___nw__FUi)
                  201589c0    000000c0                 : cvtdf.obj (.text:__cvtdf)
                  20158a80    000000c0                 : divu.obj (.text:__divu)
                  20158b40    000000c0                 : _printfi.obj (.text:__ecpy)
                  20158c00    000000c0                 : _printfi.obj (.text:__fcpy)
                  20158cc0    000000c0                 : _io_perm.obj (.text:__rd_ok)
                  20158d80    000000c0                 : remi.obj (.text:__remi)
                  20158e40    000000c0                 : memory.obj (.text:_minsert)
                  20158f00    000000c0                 : memory.obj (.text:_mremove)
                  20158fc0    000000c0                 : strstr.obj (.text:_strstr)
                  20159080    000000c0                 : lowlev.obj (.text:_tabinit)
                  20159140    000000a0     FS_EMCV_v4_001.lib : cxalloc.obj (.text)
                  201591e0    000000a0     rts6400.lib : cmpf.obj (.text:__cmpf)
                  20159280    000000a0                 : imath40.obj (.text:__divli)
                  20159320    000000a0                 : fixdi.obj (.text:__fixdi)
                  201593c0    000000a0                 : fixdli.obj (.text:__fixdli)
                  20159460    000000a0                 : fixfi.obj (.text:__fixfi)
                  20159500    000000a0                 : frcmpyf_div.obj (.text:__frcmpyf_div)
                  201595a0    000000a0                 : remu.obj (.text:__remu)
                  20159640    000000a0                 : renormd.obj (.text:__renormd)
                  201596e0    000000a0                 : cpy_tbl.obj (.text:_copy_in)
                  20159780    000000a0                 : lowlev.obj (.text:_finddevice)
                  20159820    000000a0                 : rand.obj (.text:_rand)
                  201598c0    00000080                 : fltlid.obj (.text:__fltlid)
                  20159940    00000080                 : llshift.obj (.text:__llshl)
                  201599c0    00000080                 : mpyll.obj (.text:__mpyll)
                  20159a40    00000080                 : fopen.obj (.text:_fopen)
                  20159ac0    00000080                 : fprintf.obj (.text:_fprintf)
                  20159b40    00000080                 : memccpy.obj (.text:_memccpy)
                  20159bc0    00000080                 : printf.obj (.text:_printf)
                  20159c40    00000080                 : trgmsg.obj (.text:_readmsg)
                  20159cc0    00000080                 : sprintf.obj (.text:_sprintf)
                  20159d40    00000080                 : lowlev.obj (.text:_unlink)
                  20159dc0    00000060                 : assert.obj (.text:__abort_msg)
                  20159e20    00000060                 : cvtfd.obj (.text:__cvtfd)
                  20159e80    00000060                 : fltid.obj (.text:__fltid)
                  20159ee0    00000060                 : fltif.obj (.text:__fltif)
                  20159f40    00000060                 : frcmpyf.obj (.text:__frcmpyf)
                  20159fa0    00000060                 : llshift.obj (.text:__llshru)
                  2015a000    00000060                 : sprintf.obj (.text:__outs)
                  2015a060    00000060                 : imath40.obj (.text:__remli)
                  2015a0c0    00000060                 : imath40.obj (.text:__remul)
                  2015a120    00000060                 : imath64.obj (.text:__subcull)
                  2015a180    00000060                 : boot.obj (.text:_c_int00)
                  2015a1e0    00000060                 : memmov.obj (.text:_memmove)
                  2015a240    00000060                 : trgmsg.obj (.text:_writemsg)
                  2015a2a0    00000040                 : sinit.obj (.text:___add_dtor)
                  2015a2e0    00000040                 : isinf.obj (.text:___isinf)
                  2015a320    00000040                 : _printfi.obj (.text:___isnan)
                  2015a360    00000040                 : divd.obj (.text:___isnan)
                  2015a3a0    00000040                 : divf.obj (.text:___isnanf)
                  2015a3e0    00000040                 : args_main.obj (.text:__args_main)
                  2015a420    00000040                 : fltud.obj (.text:__fltud)
                  2015a460    00000040                 : fltuf.obj (.text:__fltuf)
                  2015a4a0    00000040                 : negd.obj (.text:__negd)
                  2015a4e0    00000040                 : negf.obj (.text:__negf)
                  2015a520    00000040                 : subd.obj (.text:__subd)
                  2015a560    00000040                 : subf.obj (.text:__subf)
                  2015a5a0    00000020                 : newhandler.obj (.text:___default_new_handler__Fv)
                  2015a5c0    00000020                 : delete.obj (.text:___dl__FPv)
                  2015a5e0    00000020                 : negll.obj (.text:__negll)
                  2015a600    00000020                 : _lock.obj (.text:__nop)
                  2015a620    00000020                 : fprintf.obj (.text:__outc)
                  2015a640    00000020                 : printf.obj (.text:__outc)
                  2015a660    00000020                 : sprintf.obj (.text:__outc)
                  2015a680    00000020                 : fprintf.obj (.text:__outs)
                  2015a6a0    00000020                 : printf.obj (.text:__outs)
                  2015a6c0    00000020                 : trunc.obj (.text:__trunc)
                  2015a6e0    00000020                 : exit.obj (.text:_abort)
                  2015a700    00000020                 : feof.obj (.text:_feof)
                  2015a720    00000020                 : fgets.obj (.text:_fgets)
                  2015a740    00000020                 : remove.obj (.text:_remove)

.far       0    2015a760    000ea388     UNINITIALIZED
                  2015a760    000c0000     main.obj (.far)
                  2021a760    000100b5     FS_EMCV_v4_001.lib : cvaccum.obj (.far)
                  2022a815    00000003     --HOLE--
                  2022a818    000080e7                        : cxconvert.obj (.far)
                  202328ff    00000001     --HOLE--
                  20232900    0000804e                        : cxmeansdv.obj (.far)
                  2023a94e    00000002     --HOLE--
                  2023a950    00004081                        : cxsumpixels.obj (.far)
                  2023e9d1    00000003     --HOLE--
                  2023e9d4    00000004     rts6400.lib : errno.obj (.far)
                  2023e9d8    00004026     FS_EMCV_v4_001.lib : cxmean.obj (.far)
                  202429fe    00000002     --HOLE--
                  20242a00    000005cc                        : cxpersistence.obj (.far)
                  20242fcc    00000004     rts6400.lib : fopen.obj (.far)
                  20242fd0    0000058f     FS_EMCV_v4_001.lib : cxdatastructs.obj (.far)
                  2024355f    00000001     --HOLE--
                  20243560    00000444                        : cxarray.obj (.far)
                  202439a4    00000004     rts6400.lib : sinit.obj (.far)
                  202439a8    000001c1     FS_EMCV_v4_001.lib : cxcopy.obj (.far)
                  20243b69    00000003     --HOLE--
                  20243b6c    00000004     rts6400.lib : vars.obj (.far)
                  20243b70    00000194                 : defs.obj (.far)
                  20243d04    00000004     --HOLE--
                  20243d08    00000188                 : atexit.obj (.far)
                  20243e90    0000017c     FS_EMCV_v4_001.lib : cvhistogram.obj (.far)
                  2024400c    00000004     --HOLE--
                  20244010    00000146                        : cxdxt.obj (.far)
                  20244156    00000002     --HOLE--
                  20244158    0000013e                        : cxarithm.obj (.far)
                  20244296    00000002     --HOLE--
                  20244298    00000125                        : cvfilter.obj (.far)
                  202443bd    00000003     --HOLE--
                  202443c0    00000120     rts6400.lib : pow.obj (.far)
                  202444e0    00000100     FS_EMCV_v4_001.lib : cxerror.obj (.far)
                  202445e0    000000d0     rts6400.lib : trgdrv.obj (.far)
                  202446b0    000000cc                 : lowlev.obj (.far)
                  2024477c    00000004     --HOLE--
                  20244780    0000008c     FS_EMCV_v4_001.lib : cxminmaxloc.obj (.far)
                  2024480c    00000004     --HOLE--
                  20244810    00000072                        : cvpyramids.obj (.far)
                  20244882    00000006     --HOLE--
                  20244888    00000063                        : cxmathfuncs.obj (.far)
                  202448eb    00000005     --HOLE--
                  202448f0    00000056                        : cxlut.obj (.far)
                  20244946    00000002     --HOLE--
                  20244948    00000040     rts6400.lib : cos.obj (.far)
                  20244988    00000040                 : sin.obj (.far)
                  202449c8    00000030                 : exp.obj (.far)
                  202449f8    0000002e     FS_EMCV_v4_001.lib : cvderiv.obj (.far)
                  20244a26    00000002     --HOLE--
                  20244a28    00000029                        : cvutils.obj (.far)
                  20244a51    00000007     --HOLE--
                  20244a58    00000028                        : cvcanny.obj (.far)
                  20244a80    00000020                        : cvtemplmatch.obj (.far)
                  20244aa0    00000010                        : cvsumpixels.obj (.far)
                  20244ab0    0000000c                        : cvthresh.obj (.far)
                  20244abc    0000000c     rts6400.lib : exit.obj (.far)
                  20244ac8    00000008     FS_EMCV_v4_001.lib : cxalloc.obj (.far)
                  20244ad0    00000008     rts6400.lib : _lock.obj (.far)
                  20244ad8    00000008                 : memory.obj (.far)
                  20244ae0    00000008                 : rand.obj (.far)

.cinit     0    20244ae8    000c3c6c     
                  20244ae8    000c0008     main.obj (.cinit)
                  20304af0    0000087c     FS_EMCV_v4_001.lib : cxpersistence.obj (.cinit)
                  2030536c    00000004     --HOLE-- [fill = 0]
                  20305370    000007c7                        : cxdatastructs.obj (.cinit)
                  20305b37    00000001     --HOLE-- [fill = 0]
                  20305b38    0000064c                        : cxarray.obj (.cinit)
                  20306184    00000004     --HOLE-- [fill = 0]
                  20306188    0000032d                        : cvfilter.obj (.cinit)
                  203064b5    00000003     --HOLE-- [fill = 0]
                  203064b8    00000326                        : cvderiv.obj (.cinit)
                  203067de    00000002     --HOLE-- [fill = 0]
                  203067e0    00000326                        : cxmeansdv.obj (.cinit)
                  20306b06    00000002     --HOLE-- [fill = 0]
                  20306b08    000002fe                        : cxdxt.obj (.cinit)
                  20306e06    00000002     --HOLE-- [fill = 0]
                  20306e08    000002e3                        : cxmathfuncs.obj (.cinit)
                  203070eb    00000005     --HOLE-- [fill = 0]
                  203070f0    000002cf                        : cxconvert.obj (.cinit)
                  203073bf    00000001     --HOLE-- [fill = 0]
                  203073c0    00000229                        : cxsumpixels.obj (.cinit)
                  203075e9    00000007     --HOLE-- [fill = 0]
                  203075f0    00000215                        : cvaccum.obj (.cinit)
                  20307805    00000003     --HOLE-- [fill = 0]
                  20307808    0000020c                        : cvhistogram.obj (.cinit)
                  20307a14    00000004     --HOLE-- [fill = 0]
                  20307a18    000001e9                        : cxcopy.obj (.cinit)
                  20307c01    00000007     --HOLE-- [fill = 0]
                  20307c08    000001a6                        : cxarithm.obj (.cinit)
                  20307dae    00000002     --HOLE-- [fill = 0]
                  20307db0    0000019e                        : cxmean.obj (.cinit)
                  20307f4e    00000002     --HOLE-- [fill = 0]
                  20307f50    00000140     rts6400.lib : pow.obj (.cinit)
                  20308090    00000139     FS_EMCV_v4_001.lib : cvutils.obj (.cinit)
                  203081c9    00000007     --HOLE-- [fill = 0]
                  203081d0    000000e4                        : cxminmaxloc.obj (.cinit)
                  203082b4    00000004     --HOLE-- [fill = 0]
                  203082b8    000000e2                        : cvpyramids.obj (.cinit)
                  2030839a    00000006     --HOLE-- [fill = 0]
                  203083a0    00000090                        : cvtemplmatch.obj (.cinit)
                  20308430    0000005c     rts6400.lib : defs.obj (.cinit)
                  2030848c    00000004     --HOLE-- [fill = 0]
                  20308490    0000005c                 : lowlev.obj (.cinit)
                  203084ec    00000004     --HOLE-- [fill = 0]
                  203084f0    00000048                 : cos.obj (.cinit)
                  20308538    00000048                 : sin.obj (.cinit)
                  20308580    00000040                 : exp.obj (.cinit)
                  203085c0    00000030     FS_EMCV_v4_001.lib : cvcanny.obj (.cinit)
                  203085f0    0000002c     rts6400.lib : exit.obj (.cinit)
                  2030861c    00000004     --HOLE-- [fill = 0]
                  20308620    0000002c                 : memory.obj (.cinit)
                  2030864c    00000004     --HOLE-- [fill = 0]
                  20308650    0000001e     FS_EMCV_v4_001.lib : cxlut.obj (.cinit)
                  2030866e    00000002     --HOLE-- [fill = 0]
                  20308670    0000001c     rts6400.lib : _lock.obj (.cinit)
                  2030868c    00000004     --HOLE-- [fill = 0]
                  20308690    0000001c                 : atexit.obj (.cinit)
                  203086ac    00000004     --HOLE-- [fill = 0]
                  203086b0    00000018     FS_EMCV_v4_001.lib : cvsumpixels.obj (.cinit)
                  203086c8    00000014                        : cvthresh.obj (.cinit)
                  203086dc    00000004     --HOLE-- [fill = 0]
                  203086e0    00000010                        : cxalloc.obj (.cinit)
                  203086f0    00000010     rts6400.lib : rand.obj (.cinit)
                  20308700    0000000c     FS_EMCV_v4_001.lib : cxerror.obj (.cinit)
                  2030870c    00000004     --HOLE-- [fill = 0]
                  20308710    0000000c     rts6400.lib : errno.obj (.cinit)
                  2030871c    00000004     --HOLE-- [fill = 0]
                  20308720    0000000c                 : fopen.obj (.cinit)
                  2030872c    00000004     --HOLE-- [fill = 0]
                  20308730    0000000c                 : sinit.obj (.cinit)
                  2030873c    00000004     --HOLE-- [fill = 0]
                  20308740    0000000c                 : vars.obj (.cinit)
                  2030874c    00000004     --HOLE-- [fill = 0]
                  20308750    00000004     (.pad.cinit) [fill = 0]

.const     0    20308758    0000f400     
                  20308758    00002259     FS_EMCV_v4_001.lib : cxpersistence.obj (.const:.string)
                  2030a9b1    00001d1a                        : cxdatastructs.obj (.const:.string)
                  2030c6cb    00000003     rts6400.lib : assert.obj (.const:.string)
                  2030c6ce    00000002                 : fputs.obj (.const:.string)
                  2030c6d0    000019cc     FS_EMCV_v4_001.lib : cxdxt.obj (.const:_icvOptimalDFTSize)
                  2030e09c    000010b5                        : cxarray.obj (.const:.string)
                  2030f151    00000007     --HOLE-- [fill = 0]
                  2030f158    00001000                        : cxmathfuncs.obj (.const:_icvLogTab)
                  20310158    00000c00                        : cvtables.obj (.const:_icv8x32fTab_cv)
                  20310d58    000009d1                        : cxdxt.obj (.const:.string)
                  20311729    0000086b                        : cvpyramids.obj (.const:.string)
                  20311f94    000007d0                        : cvfilter.obj (.const:.string)
                  20312764    000007ac     ModelBuilding.obj (.const:.string)
                  20312f10    000006be     FS_EMCV_v4_001.lib : cvhistogram.obj (.const:.string)
                  203135ce    00000002     --HOLE-- [fill = 0]
                  203135d0    00000600                        : cvtables.obj (.const:_icv8x32fSqrTab)
                  20313bd0    00000600                        : cxtables.obj (.const:_icv8x32fTab)
                  203141d0    00000598                        : cxarithm.obj (.const:.string)
                  20314768    000004bc                        : cxconvert.obj (.const:.string)
                  20314c24    000004b0                        : cxsumpixels.obj (.const:.string)
                  203150d4    00000004     --HOLE-- [fill = 0]
                  203150d8    000003fe                        : cxtables.obj (.const:_icv8x16uSqrTab)
                  203154d6    000003ae                        : cxerror.obj (.const:.string)
                  20315884    00000346                        : cvtemplmatch.obj (.const:.string)
                  20315bca    00000006     --HOLE-- [fill = 0]
                  20315bd0    00000301                        : cxtables.obj (.const:_icvSaturate8u)
                  20315ed1    00000007     --HOLE-- [fill = 0]
                  20315ed8    00000300                        : cvtables.obj (.const:_my8x16uSqrTab)
                  203161d8    000002f3                        : cvderiv.obj (.const:.string)
                  203164cb    00000218                        : cvsumpixels.obj (.const:.string)
                  203166e3    00000005     --HOLE-- [fill = 0]
                  203166e8    00000200                        : cxdxt.obj (.const:_icvDxtTab)
                  203168e8    00000200                        : cxmathfuncs.obj (.const:_icvExpTab)
                  20316ae8    00000200                        : cxmathfuncs.obj (.const:_sin_table$5)
                  20316ce8    0000017a                        : cvutils.obj (.const:.string)
                  20316e62    0000011d                        : cxcopy.obj (.const:.string)
                  20316f7f    00000001     --HOLE-- [fill = 0]
                  20316f80    00000101     rts6400.lib : ctype.obj (.const:__ctypes_)
                  20317081    000000f5     FS_EMCV_v4_001.lib : cvthresh.obj (.const:.string)
                  20317176    00000002     --HOLE-- [fill = 0]
                  20317178    000000f0                        : cxdxt.obj (.const:_icvDctScale$5)
                  20317268    000000bf                        : cxmathfuncs.obj (.const:.string)
                  20317327    0000009e                        : cxmeansdv.obj (.const:.string)
                  203173c5    0000009c                        : cxlut.obj (.const:.string)
                  20317461    0000009b                        : cxmean.obj (.const:.string)
                  203174fc    00000004     --HOLE-- [fill = 0]
                  20317500    00000098                        : cxarray.obj (.const)
                  20317598    00000078                        : cvaccum.obj (.const:.string)
                  20317610    00000068                        : cvderiv.obj (.const:___vtbl__15CvLaplaceFilter)
                  20317678    00000061                        : cxminmaxloc.obj (.const:.string)
                  203176d9    00000007     --HOLE-- [fill = 0]
                  203176e0    00000060                        : cxsumpixels.obj (.const)
                  20317740    00000060                        : cvfilter.obj (.const:___vtbl__11CvSepFilter)
                  203177a0    00000050                        : cvfilter.obj (.const:___vtbl__14CvLinearFilter)
                  203177f0    00000050     rts6400.lib : strtod.obj (.const:_digits)
                  20317840    00000048     FS_EMCV_v4_001.lib : cvfilter.obj (.const:___vtbl__17CvBaseImageFilter)
                  20317888    00000048     rts6400.lib : strtod.obj (.const:_powerof10)
                  203178d0    00000046     FS_EMCV_v4_001.lib : cvcanny.obj (.const:.string)
                  20317916    00000002     --HOLE-- [fill = 0]
                  20317918    00000040                        : cxmeansdv.obj (.const)
                  20317958    00000040                        : cvfilter.obj (.const:_small_gaussian_tab$8)
                  20317998    00000030     main.obj (.const:.string)
                  203179c8    00000029     FS_EMCV_v4_001.lib : cxalloc.obj (.const:.string)
                  203179f1    00000023     rts6400.lib : _printfi.obj (.const:.string)
                  20317a14    00000004     --HOLE-- [fill = 0]
                  20317a18    00000020     FS_EMCV_v4_001.lib : cxmean.obj (.const)
                  20317a38    00000020                        : cxmathfuncs.obj (.const:_icvAtanSign)
                  20317a58    00000020                        : cxmathfuncs.obj (.const:_icvAtanTab)
                  20317a78    00000020                        : cxdatastructs.obj (.const:_icvPower2ShiftTab)
                  20317a98    0000001c     main.obj (.const:_$P$T2$1)
                  20317ab4    00000004     --HOLE-- [fill = 0]
                  20317ab8    00000012     FS_EMCV_v4_001.lib : cxpersistence.obj (.const:_$P$T3$33)
                  20317aca    00000006     --HOLE-- [fill = 0]
                  20317ad0    00000012                        : cxtables.obj (.const:_icvDepthToType)
                  20317ae2    00000006     --HOLE-- [fill = 0]
                  20317ae8    00000010                        : cxdxt.obj (.const:_log2tab)
                  20317af8    00000010                        : cxmathfuncs.obj (.const:_shift$22)
                  20317b08    00000010                        : cxmathfuncs.obj (.const:_shift$26)
                  20317b18    0000000c                        : cxdatastructs.obj (.const)
                  20317b24    00000004     --HOLE-- [fill = 0]
                  20317b28    00000009                        : cxpersistence.obj (.const:_icvTypeSymbol)
                  20317b31    00000003     --HOLE-- [fill = 0]
                  20317b34    00000008                        : cxconvert.obj (.const)
                  20317b3c    00000004     --HOLE-- [fill = 0]
                  20317b40    00000008                        : cvcanny.obj (.const:_$P$T2$1)
                  20317b48    00000008     rts6400.lib : divd.obj (.const:_initial_approx$1)
                  20317b50    00000008                 : divf.obj (.const:_initial_approx$1)

.bss       0    20317b58    000006fc     UNINITIALIZED
                  20317b58    0000011c     FS_EMCV_v4_001.lib : cxmathfuncs.obj (.bss)
                  20317c74    000000c4                        : cxmeansdv.obj (.bss)
                  20317d38    000000b8                        : cvderiv.obj (.bss)
                  20317df0    00000098                        : cxconvert.obj (.bss)
                  20317e88    00000088                        : cxdxt.obj (.bss)
                  20317f10    0000007c                        : cxsumpixels.obj (.bss)
                  20317f8c    00000070                        : cvaccum.obj (.bss)
                  20317ffc    0000006c                        : cvfilter.obj (.bss)
                  20318068    00000064                        : cxcopy.obj (.bss)
                  203180cc    00000064                        : cxmean.obj (.bss)
                  20318130    0000004c                        : cxarithm.obj (.bss)
                  2031817c    00000040                        : cvutils.obj (.bss)
                  203181bc    00000034                        : cxminmaxloc.obj (.bss)
                  203181f0    00000030                        : cvpyramids.obj (.bss)
                  20318220    00000018                        : cvtemplmatch.obj (.bss)
                  20318238    0000000c                        : cxpersistence.obj (.bss)
                  20318244    00000008                        : cvcanny.obj (.bss)
                  2031824c    00000004                        : cxerror.obj (.bss)
                  20318250    00000004                        : cxlut.obj (.bss)

.switch    0    20318254    00000474     
                  20318254    000000a8     FS_EMCV_v4_001.lib : cxerror.obj (.switch:_cvErrorStr)
                  203182fc    00000060                        : cxerror.obj (.switch:_cvErrorFromIppStatus)
                  2031835c    00000040                        : cxpersistence.obj (.switch:_cvReadRawDataSlice)
                  2031839c    00000020                        : cvhistogram.obj (.switch:_cvCompareHist)
                  203183bc    00000020                        : cxarray.obj (.switch:_cvRawDataToScalar)
                  203183dc    00000020                        : cxpersistence.obj (.switch:_cvWriteRawData)
                  203183fc    00000020                        : cxconvert.obj (.switch:_icvCvtScaleTo_16s_C1R__FPCUciPsT26CvSizedT6T2)
                  2031841c    00000020                        : cxconvert.obj (.switch:_icvCvtScaleTo_16u_C1R__FPCUciPUsT26CvSizedT6T2)
                  2031843c    00000020                        : cxconvert.obj (.switch:_icvCvtScaleTo_32f_C1R__FPCUciPfT26CvSizedT6T2)
                  2031845c    00000020                        : cxconvert.obj (.switch:_icvCvtScaleTo_32s_C1R__FPCUciPiT26CvSizedT6T2)
                  2031847c    00000020                        : cxconvert.obj (.switch:_icvCvtScaleTo_64f_C1R__FPCUciPdT26CvSizedT6T2)
                  2031849c    00000020                        : cxconvert.obj (.switch:_icvCvtScaleTo_8s_C1R__FPCUciPcT26CvSizedT6T2)
                  203184bc    00000020                        : cxconvert.obj (.switch:_icvCvtScaleTo_8u_C1R__FPCUciPUcT26CvSizedT6T2)
                  203184dc    00000020                        : cxconvert.obj (.switch:_icvCvtTo_16s_C1R__FPCUciPsT26CvSizeT2)
                  203184fc    00000020                        : cxconvert.obj (.switch:_icvCvtTo_16u_C1R__FPCUciPUsT26CvSizeT2)
                  2031851c    00000020                        : cxconvert.obj (.switch:_icvCvtTo_32f_C1R__FPCUciPfT26CvSizeT2)
                  2031853c    00000020                        : cxconvert.obj (.switch:_icvCvtTo_32s_C1R__FPCUciPiT26CvSizeT2)
                  2031855c    00000020                        : cxconvert.obj (.switch:_icvCvtTo_8s_C1R__FPCUciPcT26CvSizeT2)
                  2031857c    00000020                        : cxconvert.obj (.switch:_icvCvtTo_8u_C1R__FPCUciPUcT26CvSizeT2)
                  2031859c    0000001c                        : cxarray.obj (.switch:_cvGetReal1D)
                  203185b8    0000001c                        : cxarray.obj (.switch:_cvGetReal2D)
                  203185d4    0000001c                        : cxarray.obj (.switch:_cvGetReal3D)
                  203185f0    0000001c                        : cxarray.obj (.switch:_cvGetRealND)
                  2031860c    0000001c                        : cxarray.obj (.switch:_cvScalarToRawData)
                  20318628    00000018                        : cxconvert.obj (.switch:_icvCvtTo_64f_C1R__FPCUciPdT26CvSizeT2)
                  20318640    00000014                        : cxarray.obj (.switch:_cvSetReal1D)
                  20318654    00000014                        : cxarray.obj (.switch:_cvSetReal2D)
                  20318668    00000014                        : cxarray.obj (.switch:_cvSetReal3D)
                  2031867c    00000014                        : cxarray.obj (.switch:_cvSetRealND)
                  20318690    00000014                        : cxconvert.obj (.switch:_icvCvtScaleAbsTo_8u_C1R__FPCUciPUcT26CvSizedT6T2)
                  203186a4    00000014                        : cxpersistence.obj (.switch:_icvWriteFileNode__FP13CvFileStoragePCcPC10CvFileNode)
                  203186b8    00000010     ModelBuilding.obj (.switch:_lhIsCalculateScore__FP5CvMatT1P5LhSeqsT4LN36T4PLT4)

.cio       0    203186c8    00000120     UNINITIALIZED
                  203186c8    00000120     rts6400.lib : trgmsg.obj (.cio)


GLOBAL SYMBOLS: SORTED ALPHABETICALLY BY Name 

address    name
--------   ----
20317b58   $bss
20317b58   .bss
00000008   .data
20000020   .text
2015a6e0   C$$EXIT
2015a298   C$$IO$$
20149690   _AdaptiveFindThreshold
20158840   _HOSTclose
201569c0   _HOSTlseek
20156f60   _HOSTopen
20157060   _HOSTread
201550a0   _HOSTrename
20158060   _HOSTunlink
20157160   _HOSTwrite
203186c8   __CIOBUF_
10000008   __STACK_END
10000000   __STACK_SIZE
10000000   __SYSMEM_SIZE
00000001   __TI_args_main
2009a0a8   ___CPR116____ct__6CvTypeFPCcPFKPCv_iPFKPPv_vPFKP13CvFileStorageP10CvFileNode_PvPFKPJ37JPCcPCv10CvAttrList_vPFKPCv_Pv
20244ac4   ___TI_enable_exit_profile_output
ffffffff   ___TI_pprof_out_hndl
ffffffff   ___TI_prof_data_size
ffffffff   ___TI_prof_data_start
2015a2a0   ___add_dtor
20243d08   ___atexit_func_id__
ffffffff   ___binit__
20317b58   ___bss__
ffffffff   ___c_args__
20244ae8   ___cinit__
20081610   ___ct__11CvSepFilterFiN21PC5CvMatT47CvPointT18CvScalar
20081504   ___ct__11CvSepFilterFv
200813a0   ___ct__14CvLinearFilterFiN21PC5CvMat7CvPointT18CvScalar
20080740   ___ct__14CvLinearFilterFv
2013c8e8   ___ct__15CvLaplaceFilterFiN21bN218CvScalar
2013c2c8   ___ct__15CvLaplaceFilterFv
20081260   ___ct__17CvBaseImageFilterFiN21b6CvSize7CvPointT18CvScalar
200806b8   ___ct__17CvBaseImageFilterFv
00000008   ___data__
2015a5a0   ___default_new_handler__Fv
2015a5c0   ___dl__FPv
2007c528   ___dt__11CvSepFilterFv
20079780   ___dt__14CvLinearFilterFv
2013b7c0   ___dt__15CvLaplaceFilterFv
200796e0   ___dt__17CvBaseImageFilterFv
2008ebe0   ___dt__6CvTypeFv
00000008   ___edata__
20318254   ___end__
2015a760   ___etext__
2015a2e0   ___isinf
20158900   ___nw__FUi
20000008   ___pinit__
20115c08   ___sti___15_cvhistogram_cpp_94fcd9cc
2009a18c   ___sti___17_cxpersistence_cpp_seq_type
20000020   ___text__
20317740   ___vtbl__11CvSepFilter
203177a0   ___vtbl__14CvLinearFilter
20317610   ___vtbl__15CvLaplaceFilter
20317840   ___vtbl__17CvBaseImageFilter
20159dc0   __abort_msg
20153e20   __addd
201511c0   __addf
2015a3e0   __args_main
20156ae0   __auto_init
20156600   __buff_read
20157260   __c6xabi_divi
20158a80   __c6xabi_divu
20158d80   __c6xabi_remi
201595a0   __c6xabi_remu
20157460   __c6xabi_strasgi
20158140   __cleanup
20244abc   __cleanup_ptr
20158220   __cmpd
201591e0   __cmpf
20316f80   __ctypes_
201589c0   __cvtdf
20159e20   __cvtfd
2014d8e0   __divd
20150500   __divf
20157260   __divi
20159280   __divli
20158a80   __divu
20155d60   __divul
201533a0   __divull
201583e0   __doflush
20244ac0   __dtors_ptr
20159320   __fixdi
201593c0   __fixdli
20156c00   __fixdlli
20159460   __fixfi
20159e80   __fltid
20159ee0   __fltif
201598c0   __fltlid
20157360   __fltllid
2015a420   __fltud
2015a460   __fltuf
20154080   __frcaddd
20156d20   __frcmpyd
201542e0   __frcmpyd_div
20159f40   __frcmpyf
20159500   __frcmpyf_div
20243d00   __ft_end
20243b70   __ftable
20159940   __llshl
20159fa0   __llshru
20244ad0   __lock
20153920   __mpyd
20154a00   __mpyf
201599c0   __mpyll
2015a4a0   __negd
2015a4e0   __negf
2015a5e0   __negll
20243b6c   __new_handler
2015a600   __nop
201561e0   __nround
2014fb60   __printfi
20158cc0   __rd_ok
20158d80   __remi
2015a060   __remli
201595a0   __remu
2015a0c0   __remul
20159640   __renormd
00000008   __stack
20157460   __strasgi
2015a120   __subcull
2015a520   __subd
2015a560   __subf
10000008   __sys_memory
20243c60   __tmpnams
2015a6c0   __trunc
20244ad4   __unlock
20157560   __wrt_ok
2015a6e0   _abort
20149ecc   _alloc1double__FUi
20149e0c   _alloc1float__FUi
20149d4c   _alloc1int__FUi
20149b80   _alloc1longlong__FUi
20149f08   _alloc2double__FUiT1
20149e48   _alloc2float__FUiT1
20149d88   _alloc2int__FUiT1
20149bbc   _alloc2longlong__FUiT1
20149f48   _alloc3double__FUiN21
20149e88   _alloc3float__FUiN21
20149dc8   _alloc3int__FUiN21
20149bfc   _alloc3longlong__FUiN21
20156e40   _atoi
2015a760   _beauty_gray
2015a180   _c_int00
20157660   _call_dtors
2007c458   _clear__11CvSepFilterFv
200795f4   _clear__14CvLinearFilterFv
200795b8   _clear__17CvBaseImageFilterFv
20157760   _close
201596e0   _copy_in
20150040   _cos
2012658c   _cvAcc
200664c0   _cvAdd
200653c0   _cvAddS
20064d98   _cvAddWeighted
20159158   _cvAlloc
2008b270   _cvAttrValue
20132840   _cvAvg
200afde0   _cvAvgSdv
20115580   _cvCalcArrBackProject
20111ee8   _cvCalcArrBackProjectPatch
2010db90   _cvCalcArrHist
20111aa0   _cvCalcBayesianProb
201114ec   _cvCalcProbDensity
201482a0   _cvCanny
2011ed6c   _cvCartToPolar
2011e140   _cvCbrt
200eb2a0   _cvChangeSeqBlock
2011de00   _cvCheckArr
200d7f4c   _cvCheckTermCriteria
200f87a8   _cvClearGraph
20111480   _cvClearHist
200f8740   _cvClearMemStorage
200d7bf0   _cvClearND
200f8608   _cvClearSeq
200f8660   _cvClearSet
20099ea8   _cvClone
200f7de0   _cvCloneGraph
200d79b4   _cvCloneImage
200d7790   _cvCloneMat
200d71c0   _cvCloneMatND
200d6fac   _cvCloneSparseMat
2010f5d0   _cvCompareHist
200371c8   _cvConvertScale
20036dc4   _cvConvertScaleAbs
2012be4c   _cvCopy
201094e4   _cvCopyHist
20147d0c   _cvCopyMakeBorder
20107588   _cvCountNonZero
200f1500   _cvCreateChildMemStorage
200d5364   _cvCreateData
200f7c28   _cvCreateGraph
200f77e8   _cvCreateGraphScanner
20109090   _cvCreateHist
200d6c20   _cvCreateImage
200d6ac4   _cvCreateImageHeader
200d6344   _cvCreateMat
200d5ea0   _cvCreateMatHeader
200d57e0   _cvCreateMatND
200d4fa0   _cvCreateMatNDHeader
200f1340   _cvCreateMemStorage
200e91a0   _cvCreateSeq
200f18cc   _cvCreateSeqBlock
200f7540   _cvCreateSet
200d4aa0   _cvCreateSparseMat
200f730c   _cvCvtSeqToArray
200e7cc0   _cvDCT
200e57a0   _cvDFT
20063ee8   _cvDiv
200f19c4   _cvEndWriteSeq
2008ff40   _cvEndWriteStruct
2010eb40   _cvEqualizeHist
2014bbc0   _cvError
2014ba70   _cvErrorFromIppStatus
2014adc8   _cvErrorStr
2011d800   _cvExp
2011a1d0   _cvFastArctan
2008082c   _cvFilter2D
200f7000   _cvFindGraphEdge
200f6608   _cvFindGraphEdgeByPtr
2008e9c4   _cvFindType
20099e9c   _cvFirstType
2012b724   _cvFlip
200f17a0   _cvFlushSeqWriter
20159140   _cvFree_
200d4648   _cvGet1D
200d4200   _cvGet2D
200d3ee0   _cvGet3D
200d3c20   _cvGetCols
200d38f0   _cvGetDiag
200d35e0   _cvGetDimSize
200cc108   _cvGetDims
200d348c   _cvGetElemType
2014b898   _cvGetErrInfo
2014b154   _cvGetErrMode
2014b808   _cvGetErrStatus
200922c0   _cvGetFileNode
20084c68   _cvGetFileNodeByName
200999c4   _cvGetFileNodeName
20091f80   _cvGetHashedKey
200d32c0   _cvGetImage
200d3240   _cvGetImageCOI
200d3144   _cvGetImageROI
200cc560   _cvGetMat
2010aa2c   _cvGetMinMaxHistValue
200d2e60   _cvGetND
200da18c   _cvGetOptimalDFTSize
200d2ac8   _cvGetRawData
200d2544   _cvGetReal1D
200d1fe0   _cvGetReal2D
200d1a00   _cvGetReal3D
200d160c   _cvGetRealND
20099e14   _cvGetRootFileNode
200d12e0   _cvGetRows
200eab94   _cvGetSeqElem
200eb3e0   _cvGetSeqReaderPos
200d11c0   _cvGetSize
200d0e68   _cvGetSubRect
200f6ce0   _cvGraphAddEdge
200f6780   _cvGraphAddEdgeByPtr
200f6420   _cvGraphAddVtx
200f6140   _cvGraphRemoveEdge
200f59a0   _cvGraphRemoveEdgeByPtr
200f5e80   _cvGraphRemoveVtx
200f5ce8   _cvGraphRemoveVtxByPtr
200f5700   _cvGraphVtxDegree
200f55c8   _cvGraphVtxDegreeByPtr
2014b628   _cvGuiBoxReport
200d08e4   _cvInitImageHeader
200cc320   _cvInitMatHeader
200d05e0   _cvInitMatNDHeader
200cfd40   _cvInitNArrayIterator
200c63c0   _cvInitSparseMatIterator
200e94a0   _cvInitTreeNodeIterator
200f54c8   _cvInsertNodeIntoTree
2014c530   _cvIntegral
2014be20   _cvIntegralImage_8u32s64s_C1R__FPCUciPiT2PLT2T3T26CvSize
20142e88   _cvLUT
2013c360   _cvLaplace
200999f0   _cvLoad
2011d220   _cvLog
2010a820   _cvMakeHistHeaderForArray
200f2e60   _cvMakeSeqHeaderForArray
20144cf8   _cvMatchTemplate
200e8dc0   _cvMemStorageAlloc
200f53a0   _cvMemStorageAllocString
20032400   _cvMerge
20140060   _cvMinMaxLoc
200318e8   _cvMixChannels
20063240   _cvMul
200d8180   _cvMulSpectrums
20125e20   _cvMultiplyAcc
200f4ee4   _cvNextGraphItem
200cfbd8   _cvNextNArraySlice
200e9520   _cvNextTreeNode
2010a2a8   _cvNormalizeHist
2014b590   _cvNulDevReport
20098084   _cvOpenFileStorage
20146720   _cvPointSeqFromMat
2011c240   _cvPolarToCart
2011aca8   _cvPow
200f4aa8   _cvPrevTreeNode
200c84e0   _cvPtr1D
200c6c60   _cvPtr2D
200c7860   _cvPtr3D
200c71c0   _cvPtrND
200c5c70   _cvPyrDown
200c56f4   _cvPyrUp
200cf360   _cvRawDataToScalar
2008ec4c   _cvRead
200865c0   _cvReadRawData
20085600   _cvReadRawDataSlice
2014b4e0   _cvRedirectError
20106964   _cvReduce
20099664   _cvRegisterType
20099468   _cvRelease
200cafcc   _cvReleaseData
20091020   _cvReleaseFileStorage
200f48e0   _cvReleaseGraphScanner
20108968   _cvReleaseHist
200cf088   _cvReleaseImage
200cefe0   _cvReleaseImageHeader
200ced60   _cvReleaseMat
200f1cc0   _cvReleaseMemStorage
200cec68   _cvReleaseSparseMat
200f47c0   _cvRemoveNodeFromTree
2012aec0   _cvRepeat
200cebd0   _cvResetImageROI
200ce644   _cvReshape
200cd6a0   _cvReshapeMatND
200e8a40   _cvRestoreMemStoragePos
20125730   _cvRunningAvg
20098fd4   _cvSave
200e89e0   _cvSaveMemStoragePos
200c90e4   _cvScalarToRawData
200f4680   _cvSeqElemIdx
200f3f64   _cvSeqInsert
200f30e0   _cvSeqInsertSlice
200f2a80   _cvSeqInvert
200f1da0   _cvSeqPartition
200f0200   _cvSeqPop
200efce0   _cvSeqPopFront
200eed64   _cvSeqPopMulti
200e9c80   _cvSeqPush
200f104c   _cvSeqPushFront
200eda00   _cvSeqPushMulti
200f0720   _cvSeqRemove
200ef3ec   _cvSeqRemoveSlice
200ee600   _cvSeqSearch
200ede50   _cvSeqSlice
200eb4c0   _cvSeqSort
2012a104   _cvSet
200cbf00   _cvSet1D
200cbd08   _cvSet2D
200cba80   _cvSet3D
200eaf0c   _cvSetAdd
200cb230   _cvSetData
2014b440   _cvSetErrMode
2014b3a8   _cvSetErrStatus
20108b14   _cvSetHistBinRanges
200cade8   _cvSetImageCOI
200cab68   _cvSetImageROI
200caaa0   _cvSetND
200c8bc0   _cvSetReal1D
200c7fa8   _cvSetReal2D
200c7a60   _cvSetReal3D
200c7480   _cvSetRealND
200eacd0   _cvSetRemove
200e9060   _cvSetSeqBlockSize
200ea7a8   _cvSetSeqReaderPos
20129ac0   _cvSetZero
200ea754   _cvSliceLength
2013b854   _cvSobel
200311b0   _cvSplit
201250ac   _cvSquareAcc
200ea3e0   _cvStartAppendToSeq
20091800   _cvStartNextStream
20085084   _cvStartReadRawData
200ea600   _cvStartReadSeq
200ea4e0   _cvStartWriteSeq
200903f0   _cvStartWriteStruct
2014b1e4   _cvStdErrReport
20061e00   _cvSub
20060d08   _cvSubRS
20105c64   _cvSum
20109fc0   _cvThreshHist
2014ebc0   _cvThreshold
200e9f48   _cvTreeToNodeSeq
20091488   _cvTypeOf
2008ea54   _cvUnregisterType
20091500   _cvWrite
20091360   _cvWriteComment
200911c8   _cvWriteFileNode
2008faa0   _cvWriteInt
20086d60   _cvWriteRawData
20090bc0   _cvWriteReal
2008f460   _cvWriteString
202439a4   _dtors
2023e9d4   _errno
20157860   _exit
201520a0   _exp
20156880   _fclose
2015a700   _feof
20157960   _fflush
2015a720   _fgets
2007d4e0   _fill_cyclic_buffer__17CvBaseImageFilterFPCUciN32
20318238   _first__6CvType
20159a40   _fopen
20159ac0   _fprintf
201564a0   _fputc
20152760   _fputs
201530c0   _free
20149eec   _free1double__FPd
20149e2c   _free1float__FPf
20149d6c   _free1int__FPi
20149ba0   _free1longlong__FPL
20149f2c   _free2double__FPPd
20149e6c   _free2float__FPPf
20149dac   _free2int__FPPi
20149be0   _free2longlong__FPPL
20149f70   _free3double__FPPPd
20149eb0   _free3float__FPPPf
20149df0   _free3int__FPPPi
20149c24   _free3longlong__FPPPL
20155480   _frexp
20157a60   _fseek
201585a0   _ftell
2013b5c0   _get_work_params__15CvLaplaceFilterFv
2007c800   _get_work_params__17CvBaseImageFilterFv
20243e90   _hist_type
203150d8   _icv8x16uSqrTab
203135d0   _icv8x32fSqrTab
20313bd0   _icv8x32fTab
20310158   _icv8x32fTab_cv
20124e24   _icvAddProduct_32f_C1IMR__FPCfiT1T2PCUcT2PfT26CvSize
20317fc0   _icvAddProduct_32f_C1IMR_p
20124d9c   _icvAddProduct_32f_C1IR__FPCfiT1T2PfT26CvSize
20317fa0   _icvAddProduct_32f_C1IR_p
20124eac   _icvAddProduct_32f_C3IMR__FPCfiT1T2PCUcT2PfT26CvSize
20317fe0   _icvAddProduct_32f_C3IMR_p
20124de0   _icvAddProduct_8u32f_C1IMR__FPCUciT1T2T1T2PfT26CvSize
20317fbc   _icvAddProduct_8u32f_C1IMR_p
20124d58   _icvAddProduct_8u32f_C1IR__FPCUciT1T2PfT26CvSize
20317f9c   _icvAddProduct_8u32f_C1IR_p
20124e68   _icvAddProduct_8u32f_C3IMR__FPCUciT1T2T1T2PfT26CvSize
20317fdc   _icvAddProduct_8u32f_C3IMR_p
20124c8c   _icvAddSquare_32f_C1IMR__FPCfiPCUcT2PfT26CvSize
20317fb8   _icvAddSquare_32f_C1IMR_p
20124c14   _icvAddSquare_32f_C1IR__FPCfiPfT26CvSize
20317f98   _icvAddSquare_32f_C1IR_p
20124d14   _icvAddSquare_32f_C3IMR__FPCfiPCUcT2PfT26CvSize
20317fd8   _icvAddSquare_32f_C3IMR_p
20124c48   _icvAddSquare_8u32f_C1IMR__FPCUciT1T2PfT26CvSize
20317fb4   _icvAddSquare_8u32f_C1IMR_p
20124be0   _icvAddSquare_8u32f_C1IR__FPCUciPfT26CvSize
20317f94   _icvAddSquare_8u32f_C1IR_p
20124cd0   _icvAddSquare_8u32f_C3IMR__FPCUciT1T2PfT26CvSize
20317fd4   _icvAddSquare_8u32f_C3IMR_p
20124f9c   _icvAddWeighted_32f_C1IMR__FPCfiPCUcT2PfT26CvSizef
20317fc8   _icvAddWeighted_32f_C1IMR_p
20124f24   _icvAddWeighted_32f_C1IR__FPCfiPfT26CvSizef
20317fa8   _icvAddWeighted_32f_C1IR_p
20125024   _icvAddWeighted_32f_C3IMR__FPCfiPCUcT2PfT26CvSizef
20317fe8   _icvAddWeighted_32f_C3IMR_p
20124f58   _icvAddWeighted_8u32f_C1IMR__FPCUciT1T2PfT26CvSizef
20317fc4   _icvAddWeighted_8u32f_C1IMR_p
20124ef0   _icvAddWeighted_8u32f_C1IR__FPCUciPfT26CvSizef
20317fa4   _icvAddWeighted_8u32f_C1IR_p
20124fe0   _icvAddWeighted_8u32f_C3IMR__FPCUciT1T2PfT26CvSizef
20317fe4   _icvAddWeighted_8u32f_C3IMR_p
20060bb4   _icvAdd_16s_C1R__FPCsiT1T2PsT26CvSizeT2
20318138   _icvAdd_16s_C1R_p
20060b70   _icvAdd_16u_C1R__FPCUsiT1T2PUsT26CvSizeT2
20318134   _icvAdd_16u_C1R_p
20124b58   _icvAdd_32f_C1IMR__FPCfiPCUcT2PfT26CvSize
20317fb0   _icvAdd_32f_C1IMR_p
20124ae0   _icvAdd_32f_C1IR__FPCfiPfT26CvSize
20317f90   _icvAdd_32f_C1IR_p
20060c3c   _icvAdd_32f_C1R__FPCfiT1T2PfT26CvSize
20318140   _icvAdd_32f_C1R_p
20124b9c   _icvAdd_32f_C3IMR__FPCfiPCUcT2PfT26CvSize
20317fd0   _icvAdd_32f_C3IMR_p
20060bf8   _icvAdd_32s_C1R__FPCiiT1T2PiT26CvSize
2031813c   _icvAdd_32s_C1R_p
20060c80   _icvAdd_64f_C1R__FPCdiT1T2PdT26CvSize
20318144   _icvAdd_64f_C1R_p
20124b14   _icvAdd_8u32f_C1IMR__FPCUciT1T2PfT26CvSize
20317fac   _icvAdd_8u32f_C1IMR_p
20124aac   _icvAdd_8u32f_C1IR__FPCUciPfT26CvSize
20317f8c   _icvAdd_8u32f_C1IR_p
20125068   _icvAdd_8u32f_C3IMR__FPCUciT1T2PfT26CvSize
20317fcc   _icvAdd_8u32f_C3IMR_p
20060b2c   _icvAdd_8u_C1R__FPCUciT1T2PUcT26CvSizeT2
20318130   _icvAdd_8u_C1R_p
20318244   _icvCannyGetSize_p
20318248   _icvCanny_16s8u_C1R_p
2011ac74   _icvCheckArray_32f_C1R__FPCfi6CvSizeT2dT5
20317ba0   _icvCheckArray_32f_C1R_p
2011ac40   _icvCheckArray_64f_C1R__FPCdi6CvSizeT2dT5
20317ba4   _icvCheckArray_64f_C1R_p
203181a0   _icvCopyReplicateBorder_16s_C1IR_p
20318180   _icvCopyReplicateBorder_16s_C1R_p
203181ac   _icvCopyReplicateBorder_16s_C3IR_p
2031818c   _icvCopyReplicateBorder_16s_C3R_p
203181b0   _icvCopyReplicateBorder_16s_C4IR_p
20318190   _icvCopyReplicateBorder_16s_C4R_p
203181a8   _icvCopyReplicateBorder_32s_C1IR_p
20318188   _icvCopyReplicateBorder_32s_C1R_p
203181b4   _icvCopyReplicateBorder_32s_C3IR_p
20318194   _icvCopyReplicateBorder_32s_C3R_p
203181b8   _icvCopyReplicateBorder_32s_C4IR_p
20318198   _icvCopyReplicateBorder_32s_C4R_p
2031819c   _icvCopyReplicateBorder_8u_C1IR_p
2031817c   _icvCopyReplicateBorder_8u_C1R_p
203181a4   _icvCopyReplicateBorder_8u_C3IR_p
20318184   _icvCopyReplicateBorder_8u_C3R_p
20146100   _icvCopyReplicateBorder_8u__FPCUci6CvSizePUcT2T3N32T1
20030fd0   _icvCopy_16s_C1CnCR__FPCUsiPUsT26CvSizeN22
20317e64   _icvCopy_16s_C1CnCR_p
201296e0   _icvCopy_16s_C1MR__FPCUsiPUsT26CvSizePCUcT2
20318098   _icvCopy_16s_C1MR_p
20030a88   _icvCopy_16s_C2P2R__FPCUsiPPUsT26CvSize
20317dfc   _icvCopy_16s_C2P2R_p
2012977c   _icvCopy_16s_C3MR__FPCUsiPUsT26CvSizePCUcT2
203180a4   _icvCopy_16s_C3MR_p
20030abc   _icvCopy_16s_C3P3R__FPCUsiPPUsT26CvSize
20317e00   _icvCopy_16s_C3P3R_p
201297b0   _icvCopy_16s_C4MR__FPCLiPLT26CvSizePCUcT2
203180a8   _icvCopy_16s_C4MR_p
20030af0   _icvCopy_16s_C4P4R__FPCUsiPPUsT26CvSize
20317e04   _icvCopy_16s_C4P4R_p
20030c90   _icvCopy_16s_CnC1CR__FPCUsiPUsT26CvSizeN22
20317e24   _icvCopy_16s_CnC1CR_p
20030dc8   _icvCopy_16s_P2C2R__FPPCUsiPUsT26CvSize
20317e3c   _icvCopy_16s_P2C2R_p
20030dfc   _icvCopy_16s_P3C3R__FPPCUsiPUsT26CvSize
20317e40   _icvCopy_16s_P3C3R_p
20030e30   _icvCopy_16s_P4C4R__FPPCUsiPUsT26CvSize
20317e44   _icvCopy_16s_P4C4R_p
20031004   _icvCopy_32f_C1CnCR__FPCiiPiT26CvSizeN22
20317e68   _icvCopy_32f_C1CnCR_p
20030b24   _icvCopy_32f_C2P2R__FPCiiPPiT26CvSize
20317e08   _icvCopy_32f_C2P2R_p
201297e4   _icvCopy_32f_C3MR__FPCiiPiT26CvSizePCUcT2
203180ac   _icvCopy_32f_C3MR_p
20030b58   _icvCopy_32f_C3P3R__FPCiiPPiT26CvSize
20317e0c   _icvCopy_32f_C3P3R_p
20129818   _icvCopy_32f_C4MR__FPCiiPiT26CvSizePCUcT2
203180b0   _icvCopy_32f_C4MR_p
20030b8c   _icvCopy_32f_C4P4R__FPCiiPPiT26CvSize
20317e10   _icvCopy_32f_C4P4R_p
20030cc4   _icvCopy_32f_CnC1CR__FPCiiPiT26CvSizeN22
20317e28   _icvCopy_32f_CnC1CR_p
20030e64   _icvCopy_32f_P2C2R__FPPCiiPiT26CvSize
20317e48   _icvCopy_32f_P2C2R_p
20030e98   _icvCopy_32f_P3C3R__FPPCiiPiT26CvSize
20317e4c   _icvCopy_32f_P3C3R_p
20030ecc   _icvCopy_32f_P4C4R__FPPCiiPiT26CvSize
20317e50   _icvCopy_32f_P4C4R_p
20031038   _icvCopy_64f_C1CnCR__FPCLiPLT26CvSizeN22
20317e6c   _icvCopy_64f_C1CnCR_p
20030bc0   _icvCopy_64f_C2P2R__FPCLiPPLT26CvSize
20317e14   _icvCopy_64f_C2P2R_p
20030bf4   _icvCopy_64f_C3P3R__FPCLiPPLT26CvSize
20317e18   _icvCopy_64f_C3P3R_p
20030c28   _icvCopy_64f_C4P4R__FPCLiPPLT26CvSize
20317e1c   _icvCopy_64f_C4P4R_p
20030cf8   _icvCopy_64f_CnC1CR__FPCLiPLT26CvSizeN22
20317e2c   _icvCopy_64f_CnC1CR_p
20030f00   _icvCopy_64f_P2C2R__FPPCLiPLT26CvSize
20317e54   _icvCopy_64f_P2C2R_p
20030f34   _icvCopy_64f_P3C3R__FPPCLiPLT26CvSize
20317e58   _icvCopy_64f_P3C3R_p
20030f68   _icvCopy_64f_P4C4R__FPPCLiPLT26CvSize
20317e5c   _icvCopy_64f_P4C4R_p
2012984c   _icvCopy_64s_C3MR__FPCLiPLT26CvSizePCUcT2
203180b4   _icvCopy_64s_C3MR_p
20129880   _icvCopy_64s_C4MR__FPCLiPLT26CvSizePCUcT2
203180b8   _icvCopy_64s_C4MR_p
20030f9c   _icvCopy_8u_C1CnCR__FPCUciPUcT26CvSizeN22
20317e60   _icvCopy_8u_C1CnCR_p
201296ac   _icvCopy_8u_C1MR__FPCUciPUcT26CvSizeT1T2
20318094   _icvCopy_8u_C1MR_p
20129a84   _icvCopy_8u_C1R__FPCUciPUcT26CvSize
20318068   _icvCopy_8u_C1R_p
200309ec   _icvCopy_8u_C2P2R__FPCUciPPUcT26CvSize
20317df0   _icvCopy_8u_C2P2R_p
20129714   _icvCopy_8u_C3MR__FPCUciPUcT26CvSizeT1T2
2031809c   _icvCopy_8u_C3MR_p
20030a20   _icvCopy_8u_C3P3R__FPCUciPPUcT26CvSize
20317df4   _icvCopy_8u_C3P3R_p
20129748   _icvCopy_8u_C4MR__FPCiiPiT26CvSizePCUcT2
203180a0   _icvCopy_8u_C4MR_p
20030a54   _icvCopy_8u_C4P4R__FPCUciPPUcT26CvSize
20317df8   _icvCopy_8u_C4P4R_p
20030c5c   _icvCopy_8u_CnC1CR__FPCUciPUcT26CvSizeN22
20317e20   _icvCopy_8u_CnC1CR_p
20030d2c   _icvCopy_8u_P2C2R__FPPCUciPUcT26CvSize
20317e30   _icvCopy_8u_P2C2R_p
20030d60   _icvCopy_8u_P3C3R__FPPCUciPUcT26CvSize
20317e34   _icvCopy_8u_P3C3R_p
20030d94   _icvCopy_8u_P4C4R__FPPCUciPUcT26CvSize
20317e38   _icvCopy_8u_P4C4R_p
20105b60   _icvCountNonZero_16s_C1R__FPCUsi6CvSizePi
20317f74   _icvCountNonZero_16s_C1R_p
20105bc8   _icvCountNonZero_32f_C1R__FPCii6CvSizePi
20317f7c   _icvCountNonZero_32f_C1R_p
20105b94   _icvCountNonZero_32s_C1R__FPCii6CvSizePi
20317f78   _icvCountNonZero_32s_C1R_p
20105bfc   _icvCountNonZero_64f_C1R__FPCLi6CvSizePi
20317f80   _icvCountNonZero_64f_C1R_p
20105b2c   _icvCountNonZero_8u_C1R__FPCUci6CvSizePi
20317f70   _icvCountNonZero_8u_C1R_p
20318230   _icvCrossCorrValid_NormLevel_32f_C1R_p
20318224   _icvCrossCorrValid_NormLevel_8u32f_C1R_p
2031822c   _icvCrossCorrValid_Norm_32f_C1R_p
20318220   _icvCrossCorrValid_Norm_8u32f_C1R_p
20143820   _icvCrossCorr__FPCvT1Pv7CvPoint
2003107c   _icvCvt_32f64f__FPCfPdi
20317e70   _icvCvt_32f64f_p
2003106c   _icvCvt_64f32f__FPCdPfi
20317e74   _icvCvt_64f32f_p
20317e8c   _icvDFTFree_C_32fc_p
20317ea0   _icvDFTFree_C_64fc_p
20317eb4   _icvDFTFree_R_32f_p
20317ec8   _icvDFTFree_R_64f_p
20317e94   _icvDFTFwd_CToC_32fc_p
20317ea8   _icvDFTFwd_CToC_64fc_p
20317ebc   _icvDFTFwd_RToPack_32f_p
20317ed0   _icvDFTFwd_RToPack_64f_p
20317e90   _icvDFTGetBufSize_C_32fc_p
20317ea4   _icvDFTGetBufSize_C_64fc_p
20317eb8   _icvDFTGetBufSize_R_32f_p
20317ecc   _icvDFTGetBufSize_R_64f_p
20317e88   _icvDFTInitAlloc_C_32fc_p
20317e9c   _icvDFTInitAlloc_C_64fc_p
20317eb0   _icvDFTInitAlloc_R_32f_p
20317ec4   _icvDFTInitAlloc_R_64f_p
20317e98   _icvDFTInv_CToC_32fc_p
20317eac   _icvDFTInv_CToC_64fc_p
20317ec0   _icvDFTInv_PackToR_32f_p
20317ed4   _icvDFTInv_PackToR_64f_p
20317ad0   _icvDepthToType
2011ac30   _icvExp_32f__FPCfPfi
20317b88   _icvExp_32f_p
2011ac20   _icvExp_64f__FPCdPdi
20317b8c   _icvExp_64f_p
2011ac10   _icvFastArctan_32f__FPCfT1Pfi
20317b58   _icvFastArctan_32f_p
2031802c   _icvFilterColumn_16s_C1R_p
20318030   _icvFilterColumn_16s_C3R_p
20318034   _icvFilterColumn_16s_C4R_p
20318038   _icvFilterColumn_32f_C1R_p
2031803c   _icvFilterColumn_32f_C3R_p
20318040   _icvFilterColumn_32f_C4R_p
20318020   _icvFilterColumn_8u_C1R_p
20318024   _icvFilterColumn_8u_C3R_p
20318028   _icvFilterColumn_8u_C4R_p
20317dec   _icvFilterLaplacianBorder_32f_C1R_p
20317de4   _icvFilterLaplacianBorder_8u16s_C1R_p
20317de8   _icvFilterLaplacianGetBufSize_32f_C1R_p
20317de0   _icvFilterLaplacianGetBufSize_8u16s_C1R_p
20318008   _icvFilterRow_16s_C1R_p
2031800c   _icvFilterRow_16s_C3R_p
20318010   _icvFilterRow_16s_C4R_p
20318014   _icvFilterRow_32f_C1R_p
20318018   _icvFilterRow_32f_C3R_p
2031801c   _icvFilterRow_32f_C4R_p
20317ffc   _icvFilterRow_8u_C1R_p
20318000   _icvFilterRow_8u_C3R_p
20318004   _icvFilterRow_8u_C4R_p
20317d7c   _icvFilterScharrHorizBorder_32f_C1R_p
20317d74   _icvFilterScharrHorizBorder_8u16s_C1R_p
20317d78   _icvFilterScharrHorizGetBufSize_32f_C1R_p
20317d70   _icvFilterScharrHorizGetBufSize_8u16s_C1R_p
20317d6c   _icvFilterScharrHoriz_32f_C1R_p
20317d64   _icvFilterScharrHoriz_8u16s_C1R_p
20317d8c   _icvFilterScharrVertBorder_32f_C1R_p
20317d84   _icvFilterScharrVertBorder_8u16s_C1R_p
20317d88   _icvFilterScharrVertGetBufSize_32f_C1R_p
20317d80   _icvFilterScharrVertGetBufSize_8u16s_C1R_p
20317d68   _icvFilterScharrVert_32f_C1R_p
20317d60   _icvFilterScharrVert_8u16s_C1R_p
20317ddc   _icvFilterSobelCrossBorder_32f_C1R_p
20317dd4   _icvFilterSobelCrossBorder_8u16s_C1R_p
20317dd8   _icvFilterSobelCrossGetBufSize_32f_C1R_p
20317dd0   _icvFilterSobelCrossGetBufSize_8u16s_C1R_p
20317d5c   _icvFilterSobelCross_32f_C1R_p
20317d48   _icvFilterSobelCross_8u16s_C1R_p
20317d9c   _icvFilterSobelHorizBorder_32f_C1R_p
20317d94   _icvFilterSobelHorizBorder_8u16s_C1R_p
20317d98   _icvFilterSobelHorizGetBufSize_32f_C1R_p
20317d90   _icvFilterSobelHorizGetBufSize_8u16s_C1R_p
20317dbc   _icvFilterSobelHorizSecondBorder_32f_C1R_p
20317db4   _icvFilterSobelHorizSecondBorder_8u16s_C1R_p
20317db8   _icvFilterSobelHorizSecondGetBufSize_32f_C1R_p
20317db0   _icvFilterSobelHorizSecondGetBufSize_8u16s_C1R_p
20317d58   _icvFilterSobelHorizSecond_32f_C1R_p
20317d44   _icvFilterSobelHorizSecond_8u16s_C1R_p
20317d50   _icvFilterSobelHoriz_32f_C1R_p
20317d3c   _icvFilterSobelHoriz_8u16s_C1R_p
20317dac   _icvFilterSobelNegVertBorder_32f_C1R_p
20317da4   _icvFilterSobelNegVertBorder_8u16s_C1R_p
20317da8   _icvFilterSobelNegVertGetBufSize_32f_C1R_p
20317da0   _icvFilterSobelNegVertGetBufSize_8u16s_C1R_p
20317dcc   _icvFilterSobelVertSecondBorder_32f_C1R_p
20317dc4   _icvFilterSobelVertSecondBorder_8u16s_C1R_p
20317dc8   _icvFilterSobelVertSecondGetBufSize_32f_C1R_p
20317dc0   _icvFilterSobelVertSecondGetBufSize_8u16s_C1R_p
20317d54   _icvFilterSobelVertSecond_32f_C1R_p
20317d40   _icvFilterSobelVertSecond_8u16s_C1R_p
20317d4c   _icvFilterSobelVert_32f_C1R_p
20317d38   _icvFilterSobelVert_8u16s_C1R_p
20318050   _icvFilter_16s_C1R_p
20318054   _icvFilter_16s_C3R_p
20318058   _icvFilter_16s_C4R_p
2031805c   _icvFilter_32f_C1R_p
20318060   _icvFilter_32f_C3R_p
20318064   _icvFilter_32f_C4R_p
20318044   _icvFilter_8u_C1R_p
20318048   _icvFilter_8u_C3R_p
2031804c   _icvFilter_8u_C4R_p
201299e0   _icvGetCopyMaskFunc__Fi
20080544   _icvIPPFilterInit__FPC5CvMati6CvSize
200802e4   _icvIPPFilterNextStripe__FPC5CvMatP5CvMati6CvSize7CvPoint
2007f640   _icvIPPSepFilter__FPC5CvMatP5CvMatN217CvPoint
2011abd0   _icvInvSqrt_32f__FPCfPfi
20317b5c   _icvInvSqrt_32f_p
2011abc0   _icvInvSqrt_64f__FPCdPdi
20317b68   _icvInvSqrt_64f_p
20142ca4   _icvLUT_Transform8u_16u_C1R__FPCUciPUsT26CvSizePCUs
201425c0   _icvLUT_Transform8u_32s_C1R__FPCUciPiT26CvSizePCi
20141ea0   _icvLUT_Transform8u_64f_C1R__FPCUciPdT26CvSizePCd
20141760   _icvLUT_Transform8u_8u_C1R__FPCUciPUcT26CvSizeT1
201415e8   _icvLUT_Transform8u_8u_C2R__FPCUciPUcT26CvSizeT1
20141434   _icvLUT_Transform8u_8u_C3R__FPCUciPUcT26CvSizeT1
20141260   _icvLUT_Transform8u_8u_C4R__FPCUciPUcT26CvSizeT1
2011ac00   _icvLog_32f__FPCfPfi
20317b98   _icvLog_32f_p
2011abf0   _icvLog_64f__FPCdPdi
20317b9c   _icvLog_64f_p
201324cc   _icvMean_16s_C1MR__FPCsiPCUcT26CvSizePd
203180ec   _icvMean_16s_C1MR_p
20132500   _icvMean_16s_C2MR__FPCsiPCUcT26CvSizePd
203180f0   _icvMean_16s_C2MR_p
20132534   _icvMean_16s_C3MR__FPCsiPCUcT26CvSizePd
203180f4   _icvMean_16s_C3MR_p
20132568   _icvMean_16s_C4MR__FPCsiPCUcT26CvSizePd
203180f8   _icvMean_16s_C4MR_p
201323fc   _icvMean_16u_C1MR__FPCUsiPCUcT26CvSizePd
203180dc   _icvMean_16u_C1MR_p
20132430   _icvMean_16u_C2MR__FPCUsiPCUcT26CvSizePd
203180e0   _icvMean_16u_C2MR_p
20132464   _icvMean_16u_C3MR__FPCUsiPCUcT26CvSizePd
203180e4   _icvMean_16u_C3MR_p
20132498   _icvMean_16u_C4MR__FPCUsiPCUcT26CvSizePd
203180e8   _icvMean_16u_C4MR_p
2013266c   _icvMean_32f_C1MR__FPCfiPCUcT26CvSizePd
2031810c   _icvMean_32f_C1MR_p
201326a0   _icvMean_32f_C2MR__FPCfiPCUcT26CvSizePd
20318110   _icvMean_32f_C2MR_p
201326d4   _icvMean_32f_C3MR__FPCfiPCUcT26CvSizePd
20318114   _icvMean_32f_C3MR_p
20132708   _icvMean_32f_C4MR__FPCfiPCUcT26CvSizePd
20318118   _icvMean_32f_C4MR_p
2013259c   _icvMean_32s_C1MR__FPCiiPCUcT26CvSizePd
203180fc   _icvMean_32s_C1MR_p
201325d0   _icvMean_32s_C2MR__FPCiiPCUcT26CvSizePd
20318100   _icvMean_32s_C2MR_p
20132604   _icvMean_32s_C3MR__FPCiiPCUcT26CvSizePd
20318104   _icvMean_32s_C3MR_p
20132638   _icvMean_32s_C4MR__FPCiiPCUcT26CvSizePd
20318108   _icvMean_32s_C4MR_p
2013273c   _icvMean_64f_C1MR__FPCdiPCUcT26CvSizePd
2031811c   _icvMean_64f_C1MR_p
20132770   _icvMean_64f_C2MR__FPCdiPCUcT26CvSizePd
20318120   _icvMean_64f_C2MR_p
201327a4   _icvMean_64f_C3MR__FPCdiPCUcT26CvSizePd
20318124   _icvMean_64f_C3MR_p
201327d8   _icvMean_64f_C4MR__FPCdiPCUcT26CvSizePd
20318128   _icvMean_64f_C4MR_p
20132360   _icvMean_8u_C1MR__FPCUciT1T26CvSizePd
203180cc   _icvMean_8u_C1MR_p
20132394   _icvMean_8u_C2MR__FPCUciT1T26CvSizePd
203180d0   _icvMean_8u_C2MR_p
201323c8   _icvMean_8u_C3MR__FPCUciT1T26CvSizePd
203180d4   _icvMean_8u_C3MR_p
2013280c   _icvMean_8u_C4MR__FPCUciT1T26CvSizePd
203180d8   _icvMean_8u_C4MR_p
200afa68   _icvMean_StdDev_16s_C1MR__FPCsiPCUcT26CvSizePdT6
20317cc4   _icvMean_StdDev_16s_C1MR_p
200af588   _icvMean_StdDev_16s_C1R__FPCsi6CvSizePdT4
20317cb4   _icvMean_StdDev_16s_C1R_p
200afa9c   _icvMean_StdDev_16s_C2MR__FPCsiPCUcT26CvSizePdT6
20317cc8   _icvMean_StdDev_16s_C2MR_p
200af5bc   _icvMean_StdDev_16s_C2R__FPCsi6CvSizePdT4
20317cb8   _icvMean_StdDev_16s_C2R_p
200afad0   _icvMean_StdDev_16s_C3MR__FPCsiPCUcT26CvSizePdT6
20317ccc   _icvMean_StdDev_16s_C3MR_p
200af5f0   _icvMean_StdDev_16s_C3R__FPCsi6CvSizePdT4
20317cbc   _icvMean_StdDev_16s_C3R_p
200afb04   _icvMean_StdDev_16s_C4MR__FPCsiPCUcT26CvSizePdT6
20317cd0   _icvMean_StdDev_16s_C4MR_p
200af624   _icvMean_StdDev_16s_C4R__FPCsi6CvSizePdT4
20317cc0   _icvMean_StdDev_16s_C4R_p
200af998   _icvMean_StdDev_16u_C1MR__FPCUsiPCUcT26CvSizePdT6
20317ca4   _icvMean_StdDev_16u_C1MR_p
200af4b8   _icvMean_StdDev_16u_C1R__FPCUsi6CvSizePdT4
20317c94   _icvMean_StdDev_16u_C1R_p
200af9cc   _icvMean_StdDev_16u_C2MR__FPCUsiPCUcT26CvSizePdT6
20317ca8   _icvMean_StdDev_16u_C2MR_p
200af4ec   _icvMean_StdDev_16u_C2R__FPCUsi6CvSizePdT4
20317c98   _icvMean_StdDev_16u_C2R_p
200afa00   _icvMean_StdDev_16u_C3MR__FPCUsiPCUcT26CvSizePdT6
20317cac   _icvMean_StdDev_16u_C3MR_p
200af520   _icvMean_StdDev_16u_C3R__FPCUsi6CvSizePdT4
20317c9c   _icvMean_StdDev_16u_C3R_p
200afa34   _icvMean_StdDev_16u_C4MR__FPCUsiPCUcT26CvSizePdT6
20317cb0   _icvMean_StdDev_16u_C4MR_p
200af554   _icvMean_StdDev_16u_C4R__FPCUsi6CvSizePdT4
20317ca0   _icvMean_StdDev_16u_C4R_p
200afc08   _icvMean_StdDev_32f_C1MR__FPCfiPCUcT26CvSizePdT6
20317d04   _icvMean_StdDev_32f_C1MR_p
200af728   _icvMean_StdDev_32f_C1R__FPCfi6CvSizePdT4
20317cf4   _icvMean_StdDev_32f_C1R_p
200afc3c   _icvMean_StdDev_32f_C2MR__FPCfiPCUcT26CvSizePdT6
20317d08   _icvMean_StdDev_32f_C2MR_p
200af75c   _icvMean_StdDev_32f_C2R__FPCfi6CvSizePdT4
20317cf8   _icvMean_StdDev_32f_C2R_p
200afc70   _icvMean_StdDev_32f_C3MR__FPCfiPCUcT26CvSizePdT6
20317d0c   _icvMean_StdDev_32f_C3MR_p
200af790   _icvMean_StdDev_32f_C3R__FPCfi6CvSizePdT4
20317cfc   _icvMean_StdDev_32f_C3R_p
200afca4   _icvMean_StdDev_32f_C4MR__FPCfiPCUcT26CvSizePdT6
20317d10   _icvMean_StdDev_32f_C4MR_p
200af7c4   _icvMean_StdDev_32f_C4R__FPCfi6CvSizePdT4
20317d00   _icvMean_StdDev_32f_C4R_p
200afb38   _icvMean_StdDev_32s_C1MR__FPCiiPCUcT26CvSizePdT6
20317ce4   _icvMean_StdDev_32s_C1MR_p
200af658   _icvMean_StdDev_32s_C1R__FPCii6CvSizePdT4
20317cd4   _icvMean_StdDev_32s_C1R_p
200afb6c   _icvMean_StdDev_32s_C2MR__FPCiiPCUcT26CvSizePdT6
20317ce8   _icvMean_StdDev_32s_C2MR_p
200af68c   _icvMean_StdDev_32s_C2R__FPCii6CvSizePdT4
20317cd8   _icvMean_StdDev_32s_C2R_p
200afba0   _icvMean_StdDev_32s_C3MR__FPCiiPCUcT26CvSizePdT6
20317cec   _icvMean_StdDev_32s_C3MR_p
200af6c0   _icvMean_StdDev_32s_C3R__FPCii6CvSizePdT4
20317cdc   _icvMean_StdDev_32s_C3R_p
200afbd4   _icvMean_StdDev_32s_C4MR__FPCiiPCUcT26CvSizePdT6
20317cf0   _icvMean_StdDev_32s_C4MR_p
200af6f4   _icvMean_StdDev_32s_C4R__FPCii6CvSizePdT4
20317ce0   _icvMean_StdDev_32s_C4R_p
200afcd8   _icvMean_StdDev_64f_C1MR__FPCdiPCUcT26CvSizePdT6
20317d24   _icvMean_StdDev_64f_C1MR_p
200af7f8   _icvMean_StdDev_64f_C1R__FPCdi6CvSizePdT4
20317d14   _icvMean_StdDev_64f_C1R_p
200afd0c   _icvMean_StdDev_64f_C2MR__FPCdiPCUcT26CvSizePdT6
20317d28   _icvMean_StdDev_64f_C2MR_p
200af82c   _icvMean_StdDev_64f_C2R__FPCdi6CvSizePdT4
20317d18   _icvMean_StdDev_64f_C2R_p
200afd40   _icvMean_StdDev_64f_C3MR__FPCdiPCUcT26CvSizePdT6
20317d2c   _icvMean_StdDev_64f_C3MR_p
200af860   _icvMean_StdDev_64f_C3R__FPCdi6CvSizePdT4
20317d1c   _icvMean_StdDev_64f_C3R_p
200afd74   _icvMean_StdDev_64f_C4MR__FPCdiPCUcT26CvSizePdT6
20317d30   _icvMean_StdDev_64f_C4MR_p
200af894   _icvMean_StdDev_64f_C4R__FPCdi6CvSizePdT4
20317d20   _icvMean_StdDev_64f_C4R_p
200af8c8   _icvMean_StdDev_8u_C1MR__FPCUciT1T26CvSizePdT6
20317c84   _icvMean_StdDev_8u_C1MR_p
200af41c   _icvMean_StdDev_8u_C1R__FPCUci6CvSizePdT4
20317c74   _icvMean_StdDev_8u_C1R_p
200af8fc   _icvMean_StdDev_8u_C2MR__FPCUciT1T26CvSizePdT6
20317c88   _icvMean_StdDev_8u_C2MR_p
200af450   _icvMean_StdDev_8u_C2R__FPCUci6CvSizePdT4
20317c78   _icvMean_StdDev_8u_C2R_p
200af930   _icvMean_StdDev_8u_C3MR__FPCUciT1T26CvSizePdT6
20317c8c   _icvMean_StdDev_8u_C3MR_p
200af484   _icvMean_StdDev_8u_C3R__FPCUci6CvSizePdT4
20317c7c   _icvMean_StdDev_8u_C3R_p
200af964   _icvMean_StdDev_8u_C4MR__FPCUciT1T26CvSizePdT6
20317c90   _icvMean_StdDev_8u_C4MR_p
200afda8   _icvMean_StdDev_8u_C4R__FPCUci6CvSizePdT4
20317c80   _icvMean_StdDev_8u_C4R_p
2013ff5c   _icvMinMaxIndx_16s_C1MR__FPCsiPCUcT26CvSizePfT6P7CvPointT8
203181dc   _icvMinMaxIndx_16s_C1MR_p
2013fe24   _icvMinMaxIndx_16s_C1R__FPCsi6CvSizePfT4P7CvPointT6
203181c4   _icvMinMaxIndx_16s_C1R_p
2013ff28   _icvMinMaxIndx_16u_C1MR__FPCUsiPCUcT26CvSizePfT6P7CvPointT8
203181d8   _icvMinMaxIndx_16u_C1MR_p
2013fdf0   _icvMinMaxIndx_16u_C1R__FPCUsi6CvSizePfT4P7CvPointT6
203181c0   _icvMinMaxIndx_16u_C1R_p
2013ffc4   _icvMinMaxIndx_32f_C1MR__FPCiiPCUcT26CvSizePfT6P7CvPointT8
203181e4   _icvMinMaxIndx_32f_C1MR_p
2013fe8c   _icvMinMaxIndx_32f_C1R__FPCii6CvSizePfT4P7CvPointT6
203181cc   _icvMinMaxIndx_32f_C1R_p
2013ff90   _icvMinMaxIndx_32s_C1MR__FPCiiPCUcT26CvSizePdT6P7CvPointT8
203181e0   _icvMinMaxIndx_32s_C1MR_p
2013fe58   _icvMinMaxIndx_32s_C1R__FPCii6CvSizePdT4P7CvPointT6
203181c8   _icvMinMaxIndx_32s_C1R_p
2013fff8   _icvMinMaxIndx_64f_C1MR__FPCLiPCUcT26CvSizePdT6P7CvPointT8
203181e8   _icvMinMaxIndx_64f_C1MR_p
2013fec0   _icvMinMaxIndx_64f_C1R__FPCLi6CvSizePdT4P7CvPointT6
203181d0   _icvMinMaxIndx_64f_C1R_p
2013fef4   _icvMinMaxIndx_8u_C1MR__FPCUciT1T26CvSizePfT6P7CvPointT8
203181d4   _icvMinMaxIndx_8u_C1MR_p
2014002c   _icvMinMaxIndx_8u_C1R__FPCUci6CvSizePfT4P7CvPointT6
203181bc   _icvMinMaxIndx_8u_C1R_p
2014adc0   _icvPthreadDestructor__FPv
20318214   _icvPyrDownGetBufSize_Gauss5x5_p
203181f8   _icvPyrDown_Gauss5x5_32f_C1R_p
203181fc   _icvPyrDown_Gauss5x5_32f_C3R_p
203181f0   _icvPyrDown_Gauss5x5_8u_C1R_p
203181f4   _icvPyrDown_Gauss5x5_8u_C3R_p
20318210   _icvPyrUpGetBufSize_Gauss5x5_p
20318208   _icvPyrUp_Gauss5x5_32f_C1R_p
2031820c   _icvPyrUp_Gauss5x5_32f_C3R_p
20318200   _icvPyrUp_Gauss5x5_8u_C1R_p
20318204   _icvPyrUp_Gauss5x5_8u_C3R_p
20315bd0   _icvSaturate8u
20000340   _icvScale_32f__FPCfPfifT4
20000020   _icvScale_64f__FPCdPdidT4
201385f0   _icvSepConvSmall3_32f__FPfiT1T26CvSizePCfT6T1
203180bc   _icvSetByte_8u_C1R_p
201298e8   _icvSetZero_8u_C1R__FPUci6CvSize
2012950c   _icvSet_16s_C1MR__FPUsiPCUcT26CvSizePCUs
20318070   _icvSet_16s_C1MR_p
20129574   _icvSet_16s_C3MR__FPUsiPCUcT26CvSizePCUs
2031807c   _icvSet_16s_C3MR_p
201295a8   _icvSet_16s_C4MR__FPLiPCUcT26CvSizePCL
20318080   _icvSet_16s_C4MR_p
201295dc   _icvSet_32f_C3MR__FPiiPCUcT26CvSizePCi
20318084   _icvSet_32f_C3MR_p
20129610   _icvSet_32f_C4MR__FPiiPCUcT26CvSizePCi
20318088   _icvSet_32f_C4MR_p
20129644   _icvSet_64s_C3MR__FPLiPCUcT26CvSizePCL
2031808c   _icvSet_64s_C3MR_p
20129678   _icvSet_64s_C4MR__FPLiPCUcT26CvSizePCL
20318090   _icvSet_64s_C4MR_p
201294d8   _icvSet_8u_C1MR__FPUciPCUcT26CvSizeT3
2031806c   _icvSet_8u_C1MR_p
20129540   _icvSet_8u_C3MR__FPUciPCUcT26CvSizeT3
20318074   _icvSet_8u_C3MR_p
201298b4   _icvSet_8u_C4MR__FPiiPCUcT26CvSizePCi
20318078   _icvSet_8u_C4MR_p
20318234   _icvSqrDistanceValid_Norm_32f_C1R_p
20318228   _icvSqrDistanceValid_Norm_8u32f_C1R_p
2011abb0   _icvSqrt_32f__FPCfPfi
20317b60   _icvSqrt_32f_p
2011abe0   _icvSqrt_64f__FPCdPdi
20317b64   _icvSqrt_64f_p
20060a1c   _icvSub_16s_C1R__FPCsiT1T2PsT26CvSizeT2
20318150   _icvSub_16s_C1R_p
200609d8   _icvSub_16u_C1R__FPCUsiT1T2PUsT26CvSizeT2
2031814c   _icvSub_16u_C1R_p
20060aa4   _icvSub_32f_C1R__FPCfiT1T2PfT26CvSize
20318158   _icvSub_32f_C1R_p
20060a60   _icvSub_32s_C1R__FPCiiT1T2PiT26CvSize
20318154   _icvSub_32s_C1R_p
20060ae8   _icvSub_64f_C1R__FPCdiT1T2PdT26CvSize
2031815c   _icvSub_64f_C1R_p
20060cc4   _icvSub_8u_C1R__FPCUciT1T2PUcT26CvSizeT2
20318148   _icvSub_8u_C1R_p
201057dc   _icvSum_16s_C1R__FPCsi6CvSizePd
20317f30   _icvSum_16s_C1R_p
20105810   _icvSum_16s_C2R__FPCsi6CvSizePd
20317f34   _icvSum_16s_C2R_p
20105844   _icvSum_16s_C3R__FPCsi6CvSizePd
20317f38   _icvSum_16s_C3R_p
20105878   _icvSum_16s_C4R__FPCsi6CvSizePd
20317f3c   _icvSum_16s_C4R_p
2010570c   _icvSum_16u_C1R__FPCUsi6CvSizePd
20317f20   _icvSum_16u_C1R_p
20105740   _icvSum_16u_C2R__FPCUsi6CvSizePd
20317f24   _icvSum_16u_C2R_p
20105774   _icvSum_16u_C3R__FPCUsi6CvSizePd
20317f28   _icvSum_16u_C3R_p
201057a8   _icvSum_16u_C4R__FPCUsi6CvSizePd
20317f2c   _icvSum_16u_C4R_p
2010597c   _icvSum_32f_C1R__FPCfi6CvSizePd15CvHintAlgorithm
20317f50   _icvSum_32f_C1R_p
201059b4   _icvSum_32f_C2R__FPCfi6CvSizePd15CvHintAlgorithm
20317f54   _icvSum_32f_C2R_p
201059ec   _icvSum_32f_C3R__FPCfi6CvSizePd15CvHintAlgorithm
20317f58   _icvSum_32f_C3R_p
20105a24   _icvSum_32f_C4R__FPCfi6CvSizePd15CvHintAlgorithm
20317f5c   _icvSum_32f_C4R_p
201058ac   _icvSum_32s_C1R__FPCii6CvSizePd
20317f40   _icvSum_32s_C1R_p
201058e0   _icvSum_32s_C2R__FPCii6CvSizePd
20317f44   _icvSum_32s_C2R_p
20105914   _icvSum_32s_C3R__FPCii6CvSizePd
20317f48   _icvSum_32s_C3R_p
20105948   _icvSum_32s_C4R__FPCii6CvSizePd
20317f4c   _icvSum_32s_C4R_p
20105a5c   _icvSum_64f_C1R__FPCdi6CvSizePd
20317f60   _icvSum_64f_C1R_p
20105a90   _icvSum_64f_C2R__FPCdi6CvSizePd
20317f64   _icvSum_64f_C2R_p
20105ac4   _icvSum_64f_C3R__FPCdi6CvSizePd
20317f68   _icvSum_64f_C3R_p
20105af8   _icvSum_64f_C4R__FPCdi6CvSizePd
20317f6c   _icvSum_64f_C4R_p
20105670   _icvSum_8u_C1R__FPCUci6CvSizePd
20317f10   _icvSum_8u_C1R_p
201056a4   _icvSum_8u_C2R__FPCUci6CvSizePd
20317f14   _icvSum_8u_C2R_p
201056d8   _icvSum_8u_C3R__FPCUci6CvSizePd
20317f18   _icvSum_8u_C3R_p
20105c30   _icvSum_8u_C4R__FPCUci6CvSizePd
20317f1c   _icvSum_8u_C4R_p
20242a10   _image_type
2007ad00   _init__11CvSepFilterFiN21PC5CvMatT47CvPointT18CvScalar
2007c4b0   _init__11CvSepFilterFiN21b6CvSize7CvPointT18CvScalar
2007e880   _init__14CvLinearFilterFiN21PC5CvMat7CvPointT18CvScalar
2007965c   _init__14CvLinearFilterFiN21b6CvSize7CvPointT18CvScalar
2013858c   _init__15CvLaplaceFilterFiN21PC5CvMatT47CvPointT18CvScalar
20138514   _init__15CvLaplaceFilterFiN21b6CvSize7CvPointT18CvScalar
201381a0   _init__15CvLaplaceFilterFiN21bN218CvScalar
2007e2e0   _init__17CvBaseImageFilterFiN21b6CvSize7CvPointT18CvScalar
2007dc20   _init_deriv__11CvSepFilterFiN61
2007e000   _init_gaussian__11CvSepFilterFiN31d
2007988c   _init_gaussian_kernel__11CvSepFilterSFP5CvMatd
2007a728   _init_scharr_kernel__11CvSepFilterSFP5CvMatT1iN23
20079eb0   _init_sobel_kernel__11CvSepFilterSFP5CvMatT1iN23
2031823c   _last__6CvType
20154c40   _ldexp
201371c8   _lhBuildingImagePyramidFromImage__FP9_IplImagesi
20136738   _lhBuildingRotatedTemplateFromImage__FPC5LhSeqP12CvMemStoragef
2013688c   _lhBuildingTemplatePyramidFromImage__FP9_IplImageP12CvMemStorageisPi
20134b60   _lhComputeAveDistanceFromReferencePt__FPC5LhSeq
20134e54   _lhComputeTheresholdsBasedOnMinContract__FsPdT2
20134c50   _lhComputeTopLayerDeltaTheta__FPC5LhSeqiPfPi
201350a0   _lhCreateSingleSeqFromImage__FP9_IplImageP12CvMemStoragesi
20137780   _lhFindCoordinateBasedOnUpPyramid__FP17LhTemplatePyramidP14LhImagePyramidfT3s
201365a4   _lhFindMaxPoint3D__FPPPLiN22
20137000   _lhFreeTemplatePyramid__FP17LhTemplatePyramid
20134f2c   _lhRefineSeqUsingRandomDelete__FPC5LhSeqP12CvMemStoragef
201355e0   _lhRotateSingleSeq__FPC5LhSeqP12CvMemStoragefT3
20135e9c   _lhSearchImageRegularization__FP5CvMatT1s
20136094   _lhSeqRegularization__FP5LhSeq
20135d64   _lhSetReferencePoint__FP5LhSeq7CvPoint
20157b60   _lseek
20157c60   _ltoa
20155be0   _main
2007c620   _make_y_border__17CvBaseImageFilterFiN21
20155660   _malloc
20242a14   _mat_type
20242a18   _matnd_type
20152dc0   _memalign
20159b40   _memccpy
20158680   _memcpy
2015a1e0   _memmove
20157d60   _memset
20158760   _modf
20315ed8   _my8x16uSqrTab
20155820   _open
2014cc60   _pow
20159bc0   _printf
2007ca80   _process__17CvBaseImageFilterFPC5CvMatP5CvMat6CvRect7CvPointi
201564a0   _putc
20159820   _rand
20157e60   _read
20159c40   _readmsg
2015a740   _remove
20242a08   _seq_graph_type
20242a04   _seq_tree_type
20242a00   _seq_type
201559e0   _setvbuf
20150960   _sin
20242a0c   _sparse_mat_type
20159cc0   _sprintf
20153660   _sqrt
2007f060   _start_process__17CvBaseImageFilterF7CvSlicei
20158fc0   _strstr
2014e600   _strtod
2014f660   _strtol
20159d40   _unlink
20157f60   _write
2015a240   _writemsg
2014a3d4   _zero1double__FPdUi
2014a1b0   _zero1float__FPfUi
20149f8c   _zero1int__FPiUi
2014a43c   _zero2double__FPPdUiT2
2014a218   _zero2float__FPPfUiT2
20149ff4   _zero2int__FPPiUiT2
2014a4f0   _zero3double__FPPPdUiN22
2014a2cc   _zero3float__FPPPfUiN22
2014a0a8   _zero3int__FPPPiUiN22
20149c40   _zero3longlong__FPPPLUiN22
2014aaac   _zero4float__FPPPPfUiN32
2014ac00   _zero5float__FPPPPPfUiN42
ffffffff   binit
20244ae8   cinit
00000008   edata
20318254   end
2015a760   etext
20000008   pinit


GLOBAL SYMBOLS: SORTED BY Symbol Address 

address    name
--------   ----
00000001   __TI_args_main
00000008   .data
00000008   ___data__
00000008   ___edata__
00000008   __stack
00000008   edata
10000000   __STACK_SIZE
10000000   __SYSMEM_SIZE
10000008   __STACK_END
10000008   __sys_memory
20000008   ___pinit__
20000008   pinit
20000020   .text
20000020   ___text__
20000020   _icvScale_64f__FPCdPdidT4
20000340   _icvScale_32f__FPCfPfifT4
200309ec   _icvCopy_8u_C2P2R__FPCUciPPUcT26CvSize
20030a20   _icvCopy_8u_C3P3R__FPCUciPPUcT26CvSize
20030a54   _icvCopy_8u_C4P4R__FPCUciPPUcT26CvSize
20030a88   _icvCopy_16s_C2P2R__FPCUsiPPUsT26CvSize
20030abc   _icvCopy_16s_C3P3R__FPCUsiPPUsT26CvSize
[...]
201381a0   _init__15CvLaplaceFilterFiN21bN218CvScalar
20138514   _init__15CvLaplaceFilterFiN21b6CvSize7CvPointT18CvScalar
2013858c   _init__15CvLaplaceFilterFiN21PC5CvMatT47CvPointT18CvScalar
201385f0   _icvSepConvSmall3_32f__FPfiT1T26CvSizePCfT6T1
2013b5c0   _get_work_params__15CvLaplaceFilterFv
2013b7c0   ___dt__15CvLaplaceFilterFv
2013b854   _cvSobel
2013c2c8   ___ct__15CvLaplaceFilterFv
2013c360   _cvLaplace
2013c8e8   ___ct__15CvLaplaceFilterFiN21bN218CvScalar
2013fdf0   _icvMinMaxIndx_16u_C1R__FPCUsi6CvSizePfT4P7CvPointT6
2013fe24   _icvMinMaxIndx_16s_C1R__FPCsi6CvSizePfT4P7CvPointT6
2013fe58   _icvMinMaxIndx_32s_C1R__FPCii6CvSizePdT4P7CvPointT6
2013fe8c   _icvMinMaxIndx_32f_C1R__FPCii6CvSizePfT4P7CvPointT6
2013fec0   _icvMinMaxIndx_64f_C1R__FPCLi6CvSizePdT4P7CvPointT6
2013fef4   _icvMinMaxIndx_8u_C1MR__FPCUciT1T26CvSizePfT6P7CvPointT8
2013ff28   _icvMinMaxIndx_16u_C1MR__FPCUsiPCUcT26CvSizePfT6P7CvPointT8
2013ff5c   _icvMinMaxIndx_16s_C1MR__FPCsiPCUcT26CvSizePfT6P7CvPointT8
2013ff90   _icvMinMaxIndx_32s_C1MR__FPCiiPCUcT26CvSizePdT6P7CvPointT8
2013ffc4   _icvMinMaxIndx_32f_C1MR__FPCiiPCUcT26CvSizePfT6P7CvPointT8
2013fff8   _icvMinMaxIndx_64f_C1MR__FPCLiPCUcT26CvSizePdT6P7CvPointT8
2014002c   _icvMinMaxIndx_8u_C1R__FPCUci6CvSizePfT4P7CvPointT6
20140060   _cvMinMaxLoc
20141260   _icvLUT_Transform8u_8u_C4R__FPCUciPUcT26CvSizeT1
20141434   _icvLUT_Transform8u_8u_C3R__FPCUciPUcT26CvSizeT1
201415e8   _icvLUT_Transform8u_8u_C2R__FPCUciPUcT26CvSizeT1
20141760   _icvLUT_Transform8u_8u_C1R__FPCUciPUcT26CvSizeT1
20141ea0   _icvLUT_Transform8u_64f_C1R__FPCUciPdT26CvSizePCd
201425c0   _icvLUT_Transform8u_32s_C1R__FPCUciPiT26CvSizePCi
20142ca4   _icvLUT_Transform8u_16u_C1R__FPCUciPUsT26CvSizePCUs
20142e88   _cvLUT
20143820   _icvCrossCorr__FPCvT1Pv7CvPoint
20144cf8   _cvMatchTemplate
20146100   _icvCopyReplicateBorder_8u__FPCUci6CvSizePUcT2T3N32T1
20146720   _cvPointSeqFromMat
20147d0c   _cvCopyMakeBorder
201482a0   _cvCanny
20149690   _AdaptiveFindThreshold
20149b80   _alloc1longlong__FUi
20149ba0   _free1longlong__FPL
20149bbc   _alloc2longlong__FUiT1
20149be0   _free2longlong__FPPL
20149bfc   _alloc3longlong__FUiN21
20149c24   _free3longlong__FPPPL
20149c40   _zero3longlong__FPPPLUiN22
20149d4c   _alloc1int__FUi
20149d6c   _free1int__FPi
20149d88   _alloc2int__FUiT1
20149dac   _free2int__FPPi
20149dc8   _alloc3int__FUiN21
20149df0   _free3int__FPPPi
20149e0c   _alloc1float__FUi
20149e2c   _free1float__FPf
20149e48   _alloc2float__FUiT1
20149e6c   _free2float__FPPf
20149e88   _alloc3float__FUiN21
20149eb0   _free3float__FPPPf
20149ecc   _alloc1double__FUi
20149eec   _free1double__FPd
20149f08   _alloc2double__FUiT1
20149f2c   _free2double__FPPd
20149f48   _alloc3double__FUiN21
20149f70   _free3double__FPPPd
20149f8c   _zero1int__FPiUi
20149ff4   _zero2int__FPPiUiT2
2014a0a8   _zero3int__FPPPiUiN22
2014a1b0   _zero1float__FPfUi
2014a218   _zero2float__FPPfUiT2
2014a2cc   _zero3float__FPPPfUiN22
2014a3d4   _zero1double__FPdUi
2014a43c   _zero2double__FPPdUiT2
2014a4f0   _zero3double__FPPPdUiN22
2014aaac   _zero4float__FPPPPfUiN32
2014ac00   _zero5float__FPPPPPfUiN42
2014adc0   _icvPthreadDestructor__FPv
2014adc8   _cvErrorStr
2014b154   _cvGetErrMode
2014b1e4   _cvStdErrReport
2014b3a8   _cvSetErrStatus
2014b440   _cvSetErrMode
2014b4e0   _cvRedirectError
2014b590   _cvNulDevReport
2014b628   _cvGuiBoxReport
2014b808   _cvGetErrStatus
2014b898   _cvGetErrInfo
2014ba70   _cvErrorFromIppStatus
2014bbc0   _cvError
2014be20   _cvIntegralImage_8u32s64s_C1R__FPCUciPiT2PLT2T3T26CvSize
2014c530   _cvIntegral
2014cc60   _pow
2014d8e0   __divd
2014e600   _strtod
2014ebc0   _cvThreshold
2014f660   _strtol
2014fb60   __printfi
20150040   _cos
20150500   __divf
20150960   _sin
201511c0   __addf
201520a0   _exp
20152760   _fputs
20152dc0   _memalign
201530c0   _free
201533a0   __divull
20153660   _sqrt
20153920   __mpyd
20153e20   __addd
20154080   __frcaddd
201542e0   __frcmpyd_div
20154a00   __mpyf
20154c40   _ldexp
201550a0   _HOSTrename
20155480   _frexp
20155660   _malloc
20155820   _open
201559e0   _setvbuf
20155be0   _main
20155d60   __divul
201561e0   __nround
201564a0   _fputc
201564a0   _putc
20156600   __buff_read
20156880   _fclose
201569c0   _HOSTlseek
20156ae0   __auto_init
20156c00   __fixdlli
20156d20   __frcmpyd
20156e40   _atoi
20156f60   _HOSTopen
20157060   _HOSTread
20157160   _HOSTwrite
20157260   __c6xabi_divi
20157260   __divi
20157360   __fltllid
20157460   __c6xabi_strasgi
20157460   __strasgi
20157560   __wrt_ok
20157660   _call_dtors
20157760   _close
20157860   _exit
20157960   _fflush
20157a60   _fseek
20157b60   _lseek
20157c60   _ltoa
20157d60   _memset
20157e60   _read
20157f60   _write
20158060   _HOSTunlink
20158140   __cleanup
20158220   __cmpd
201583e0   __doflush
201585a0   _ftell
20158680   _memcpy
20158760   _modf
20158840   _HOSTclose
20158900   ___nw__FUi
201589c0   __cvtdf
20158a80   __c6xabi_divu
20158a80   __divu
20158cc0   __rd_ok
20158d80   __c6xabi_remi
20158d80   __remi
20158fc0   _strstr
20159140   _cvFree_
20159158   _cvAlloc
201591e0   __cmpf
20159280   __divli
20159320   __fixdi
201593c0   __fixdli
20159460   __fixfi
20159500   __frcmpyf_div
201595a0   __c6xabi_remu
201595a0   __remu
20159640   __renormd
201596e0   _copy_in
20159820   _rand
201598c0   __fltlid
20159940   __llshl
201599c0   __mpyll
20159a40   _fopen
20159ac0   _fprintf
20159b40   _memccpy
20159bc0   _printf
20159c40   _readmsg
20159cc0   _sprintf
20159d40   _unlink
20159dc0   __abort_msg
20159e20   __cvtfd
20159e80   __fltid
20159ee0   __fltif
20159f40   __frcmpyf
20159fa0   __llshru
2015a060   __remli
2015a0c0   __remul
2015a120   __subcull
2015a180   _c_int00
2015a1e0   _memmove
2015a240   _writemsg
2015a298   C$$IO$$
2015a2a0   ___add_dtor
2015a2e0   ___isinf
2015a3e0   __args_main
2015a420   __fltud
2015a460   __fltuf
2015a4a0   __negd
2015a4e0   __negf
2015a520   __subd
2015a560   __subf
2015a5a0   ___default_new_handler__Fv
2015a5c0   ___dl__FPv
2015a5e0   __negll
2015a600   __nop
2015a6c0   __trunc
2015a6e0   C$$EXIT
2015a6e0   _abort
2015a700   _feof
2015a720   _fgets
2015a740   _remove
2015a760   ___etext__
2015a760   _beauty_gray
2015a760   etext
2023e9d4   _errno
20242a00   _seq_type
20242a04   _seq_tree_type
20242a08   _seq_graph_type
20242a0c   _sparse_mat_type
20242a10   _image_type
20242a14   _mat_type
20242a18   _matnd_type
202439a4   _dtors
20243b6c   __new_handler
20243b70   __ftable
20243c60   __tmpnams
20243d00   __ft_end
20243d08   ___atexit_func_id__
20243e90   _hist_type
20244abc   __cleanup_ptr
20244ac0   __dtors_ptr
20244ac4   ___TI_enable_exit_profile_output
20244ad0   __lock
20244ad4   __unlock
20244ae8   ___cinit__
20244ae8   cinit
20310158   _icv8x32fTab_cv
203135d0   _icv8x32fSqrTab
20313bd0   _icv8x32fTab
203150d8   _icv8x16uSqrTab
20315bd0   _icvSaturate8u
20315ed8   _my8x16uSqrTab
20316f80   __ctypes_
20317610   ___vtbl__15CvLaplaceFilter
20317740   ___vtbl__11CvSepFilter
203177a0   ___vtbl__14CvLinearFilter
20317840   ___vtbl__17CvBaseImageFilter
20317ad0   _icvDepthToType
20317b58   $bss
20317b58   .bss
20317b58   ___bss__
20317b58   _icvFastArctan_32f_p
20317b5c   _icvInvSqrt_32f_p
20317b60   _icvSqrt_32f_p
20317b64   _icvSqrt_64f_p
20317b68   _icvInvSqrt_64f_p
20317b88   _icvExp_32f_p
20317b8c   _icvExp_64f_p
20317b98   _icvLog_32f_p
20317b9c   _icvLog_64f_p
20317ba0   _icvCheckArray_32f_C1R_p
20317ba4   _icvCheckArray_64f_C1R_p
20317c74   _icvMean_StdDev_8u_C1R_p
20317c78   _icvMean_StdDev_8u_C2R_p
20317c7c   _icvMean_StdDev_8u_C3R_p
20317c80   _icvMean_StdDev_8u_C4R_p
20317c84   _icvMean_StdDev_8u_C1MR_p
20317c88   _icvMean_StdDev_8u_C2MR_p
20317c8c   _icvMean_StdDev_8u_C3MR_p
20317c90   _icvMean_StdDev_8u_C4MR_p
20317c94   _icvMean_StdDev_16u_C1R_p
20317c98   _icvMean_StdDev_16u_C2R_p
20317c9c   _icvMean_StdDev_16u_C3R_p
20317ca0   _icvMean_StdDev_16u_C4R_p
20317ca4   _icvMean_StdDev_16u_C1MR_p
20317ca8   _icvMean_StdDev_16u_C2MR_p
20317cac   _icvMean_StdDev_16u_C3MR_p
20317cb0   _icvMean_StdDev_16u_C4MR_p
20317cb4   _icvMean_StdDev_16s_C1R_p
20317cb8   _icvMean_StdDev_16s_C2R_p
20317cbc   _icvMean_StdDev_16s_C3R_p
20317cc0   _icvMean_StdDev_16s_C4R_p
20317cc4   _icvMean_StdDev_16s_C1MR_p
20317cc8   _icvMean_StdDev_16s_C2MR_p
20317ccc   _icvMean_StdDev_16s_C3MR_p
20317cd0   _icvMean_StdDev_16s_C4MR_p
20317cd4   _icvMean_StdDev_32s_C1R_p
20317cd8   _icvMean_StdDev_32s_C2R_p
20317cdc   _icvMean_StdDev_32s_C3R_p
20317ce0   _icvMean_StdDev_32s_C4R_p
20317ce4   _icvMean_StdDev_32s_C1MR_p
20317ce8   _icvMean_StdDev_32s_C2MR_p
20317cec   _icvMean_StdDev_32s_C3MR_p
20317cf0   _icvMean_StdDev_32s_C4MR_p
20317cf4   _icvMean_StdDev_32f_C1R_p
20317cf8   _icvMean_StdDev_32f_C2R_p
20317cfc   _icvMean_StdDev_32f_C3R_p
20317d00   _icvMean_StdDev_32f_C4R_p
20317d04   _icvMean_StdDev_32f_C1MR_p
20317d08   _icvMean_StdDev_32f_C2MR_p
20317d0c   _icvMean_StdDev_32f_C3MR_p
20317d10   _icvMean_StdDev_32f_C4MR_p
20317d14   _icvMean_StdDev_64f_C1R_p
20317d18   _icvMean_StdDev_64f_C2R_p
20317d1c   _icvMean_StdDev_64f_C3R_p
20317d20   _icvMean_StdDev_64f_C4R_p
20317d24   _icvMean_StdDev_64f_C1MR_p
20317d28   _icvMean_StdDev_64f_C2MR_p
20317d2c   _icvMean_StdDev_64f_C3MR_p
20317d30   _icvMean_StdDev_64f_C4MR_p
20317d38   _icvFilterSobelVert_8u16s_C1R_p
20317d3c   _icvFilterSobelHoriz_8u16s_C1R_p
20317d40   _icvFilterSobelVertSecond_8u16s_C1R_p
20317d44   _icvFilterSobelHorizSecond_8u16s_C1R_p
20317d48   _icvFilterSobelCross_8u16s_C1R_p
20317d4c   _icvFilterSobelVert_32f_C1R_p
20317d50   _icvFilterSobelHoriz_32f_C1R_p
20317d54   _icvFilterSobelVertSecond_32f_C1R_p
20317d58   _icvFilterSobelHorizSecond_32f_C1R_p
20317d5c   _icvFilterSobelCross_32f_C1R_p
20317d60   _icvFilterScharrVert_8u16s_C1R_p
20317d64   _icvFilterScharrHoriz_8u16s_C1R_p
20317d68   _icvFilterScharrVert_32f_C1R_p
20317d6c   _icvFilterScharrHoriz_32f_C1R_p
20317d70   _icvFilterScharrHorizGetBufSize_8u16s_C1R_p
20317d74   _icvFilterScharrHorizBorder_8u16s_C1R_p
20317d78   _icvFilterScharrHorizGetBufSize_32f_C1R_p
20317d7c   _icvFilterScharrHorizBorder_32f_C1R_p
20317d80   _icvFilterScharrVertGetBufSize_8u16s_C1R_p
20317d84   _icvFilterScharrVertBorder_8u16s_C1R_p
20317d88   _icvFilterScharrVertGetBufSize_32f_C1R_p
20317d8c   _icvFilterScharrVertBorder_32f_C1R_p
20317d90   _icvFilterSobelHorizGetBufSize_8u16s_C1R_p
20317d94   _icvFilterSobelHorizBorder_8u16s_C1R_p
20317d98   _icvFilterSobelHorizGetBufSize_32f_C1R_p
20317d9c   _icvFilterSobelHorizBorder_32f_C1R_p
20317da0   _icvFilterSobelNegVertGetBufSize_8u16s_C1R_p
20317da4   _icvFilterSobelNegVertBorder_8u16s_C1R_p
20317da8   _icvFilterSobelNegVertGetBufSize_32f_C1R_p
20317dac   _icvFilterSobelNegVertBorder_32f_C1R_p
20317db0   _icvFilterSobelHorizSecondGetBufSize_8u16s_C1R_p
20317db4   _icvFilterSobelHorizSecondBorder_8u16s_C1R_p
20317db8   _icvFilterSobelHorizSecondGetBufSize_32f_C1R_p
20317dbc   _icvFilterSobelHorizSecondBorder_32f_C1R_p
20317dc0   _icvFilterSobelVertSecondGetBufSize_8u16s_C1R_p
20317dc4   _icvFilterSobelVertSecondBorder_8u16s_C1R_p
20317dc8   _icvFilterSobelVertSecondGetBufSize_32f_C1R_p
20317dcc   _icvFilterSobelVertSecondBorder_32f_C1R_p
20317dd0   _icvFilterSobelCrossGetBufSize_8u16s_C1R_p
20317dd4   _icvFilterSobelCrossBorder_8u16s_C1R_p
20317dd8   _icvFilterSobelCrossGetBufSize_32f_C1R_p
20317ddc   _icvFilterSobelCrossBorder_32f_C1R_p
20317de0   _icvFilterLaplacianGetBufSize_8u16s_C1R_p
20317de4   _icvFilterLaplacianBorder_8u16s_C1R_p
20317de8   _icvFilterLaplacianGetBufSize_32f_C1R_p
20317dec   _icvFilterLaplacianBorder_32f_C1R_p
20317df0   _icvCopy_8u_C2P2R_p
20317df4   _icvCopy_8u_C3P3R_p
20317df8   _icvCopy_8u_C4P4R_p
20317dfc   _icvCopy_16s_C2P2R_p
20317e00   _icvCopy_16s_C3P3R_p
20317e04   _icvCopy_16s_C4P4R_p
20317e08   _icvCopy_32f_C2P2R_p
20317e0c   _icvCopy_32f_C3P3R_p
20317e10   _icvCopy_32f_C4P4R_p
20317e14   _icvCopy_64f_C2P2R_p
20317e18   _icvCopy_64f_C3P3R_p
20317e1c   _icvCopy_64f_C4P4R_p
20317e20   _icvCopy_8u_CnC1CR_p
20317e24   _icvCopy_16s_CnC1CR_p
20317e28   _icvCopy_32f_CnC1CR_p
20317e2c   _icvCopy_64f_CnC1CR_p
20317e30   _icvCopy_8u_P2C2R_p
20317e34   _icvCopy_8u_P3C3R_p
20317e38   _icvCopy_8u_P4C4R_p
20317e3c   _icvCopy_16s_P2C2R_p
20317e40   _icvCopy_16s_P3C3R_p
20317e44   _icvCopy_16s_P4C4R_p
20317e48   _icvCopy_32f_P2C2R_p
20317e4c   _icvCopy_32f_P3C3R_p
20317e50   _icvCopy_32f_P4C4R_p
20317e54   _icvCopy_64f_P2C2R_p
20317e58   _icvCopy_64f_P3C3R_p
20317e5c   _icvCopy_64f_P4C4R_p
20317e60   _icvCopy_8u_C1CnCR_p
20317e64   _icvCopy_16s_C1CnCR_p
20317e68   _icvCopy_32f_C1CnCR_p
20317e6c   _icvCopy_64f_C1CnCR_p
20317e70   _icvCvt_32f64f_p
20317e74   _icvCvt_64f32f_p
20317e88   _icvDFTInitAlloc_C_32fc_p
20317e8c   _icvDFTFree_C_32fc_p
20317e90   _icvDFTGetBufSize_C_32fc_p
20317e94   _icvDFTFwd_CToC_32fc_p
20317e98   _icvDFTInv_CToC_32fc_p
20317e9c   _icvDFTInitAlloc_C_64fc_p
20317ea0   _icvDFTFree_C_64fc_p
20317ea4   _icvDFTGetBufSize_C_64fc_p
20317ea8   _icvDFTFwd_CToC_64fc_p
20317eac   _icvDFTInv_CToC_64fc_p
20317eb0   _icvDFTInitAlloc_R_32f_p
20317eb4   _icvDFTFree_R_32f_p
20317eb8   _icvDFTGetBufSize_R_32f_p
20317ebc   _icvDFTFwd_RToPack_32f_p
20317ec0   _icvDFTInv_PackToR_32f_p
20317ec4   _icvDFTInitAlloc_R_64f_p
20317ec8   _icvDFTFree_R_64f_p
20317ecc   _icvDFTGetBufSize_R_64f_p
20317ed0   _icvDFTFwd_RToPack_64f_p
20317ed4   _icvDFTInv_PackToR_64f_p
20317f10   _icvSum_8u_C1R_p
20317f14   _icvSum_8u_C2R_p
20317f18   _icvSum_8u_C3R_p
20317f1c   _icvSum_8u_C4R_p
20317f20   _icvSum_16u_C1R_p
20317f24   _icvSum_16u_C2R_p
20317f28   _icvSum_16u_C3R_p
20317f2c   _icvSum_16u_C4R_p
20317f30   _icvSum_16s_C1R_p
20317f34   _icvSum_16s_C2R_p
20317f38   _icvSum_16s_C3R_p
20317f3c   _icvSum_16s_C4R_p
20317f40   _icvSum_32s_C1R_p
20317f44   _icvSum_32s_C2R_p
20317f48   _icvSum_32s_C3R_p
20317f4c   _icvSum_32s_C4R_p
20317f50   _icvSum_32f_C1R_p
20317f54   _icvSum_32f_C2R_p
20317f58   _icvSum_32f_C3R_p
20317f5c   _icvSum_32f_C4R_p
20317f60   _icvSum_64f_C1R_p
20317f64   _icvSum_64f_C2R_p
20317f68   _icvSum_64f_C3R_p
20317f6c   _icvSum_64f_C4R_p
20317f70   _icvCountNonZero_8u_C1R_p
20317f74   _icvCountNonZero_16s_C1R_p
20317f78   _icvCountNonZero_32s_C1R_p
20317f7c   _icvCountNonZero_32f_C1R_p
20317f80   _icvCountNonZero_64f_C1R_p
20317f8c   _icvAdd_8u32f_C1IR_p
20317f90   _icvAdd_32f_C1IR_p
20317f94   _icvAddSquare_8u32f_C1IR_p
20317f98   _icvAddSquare_32f_C1IR_p
20317f9c   _icvAddProduct_8u32f_C1IR_p
20317fa0   _icvAddProduct_32f_C1IR_p
20317fa4   _icvAddWeighted_8u32f_C1IR_p
20317fa8   _icvAddWeighted_32f_C1IR_p
20317fac   _icvAdd_8u32f_C1IMR_p
20317fb0   _icvAdd_32f_C1IMR_p
20317fb4   _icvAddSquare_8u32f_C1IMR_p
20317fb8   _icvAddSquare_32f_C1IMR_p
20317fbc   _icvAddProduct_8u32f_C1IMR_p
20317fc0   _icvAddProduct_32f_C1IMR_p
20317fc4   _icvAddWeighted_8u32f_C1IMR_p
20317fc8   _icvAddWeighted_32f_C1IMR_p
20317fcc   _icvAdd_8u32f_C3IMR_p
20317fd0   _icvAdd_32f_C3IMR_p
20317fd4   _icvAddSquare_8u32f_C3IMR_p
20317fd8   _icvAddSquare_32f_C3IMR_p
20317fdc   _icvAddProduct_8u32f_C3IMR_p
20317fe0   _icvAddProduct_32f_C3IMR_p
20317fe4   _icvAddWeighted_8u32f_C3IMR_p
20317fe8   _icvAddWeighted_32f_C3IMR_p
20317ffc   _icvFilterRow_8u_C1R_p
20318000   _icvFilterRow_8u_C3R_p
20318004   _icvFilterRow_8u_C4R_p
20318008   _icvFilterRow_16s_C1R_p
2031800c   _icvFilterRow_16s_C3R_p
20318010   _icvFilterRow_16s_C4R_p
20318014   _icvFilterRow_32f_C1R_p
20318018   _icvFilterRow_32f_C3R_p
2031801c   _icvFilterRow_32f_C4R_p
20318020   _icvFilterColumn_8u_C1R_p
20318024   _icvFilterColumn_8u_C3R_p
20318028   _icvFilterColumn_8u_C4R_p
2031802c   _icvFilterColumn_16s_C1R_p
20318030   _icvFilterColumn_16s_C3R_p
20318034   _icvFilterColumn_16s_C4R_p
20318038   _icvFilterColumn_32f_C1R_p
2031803c   _icvFilterColumn_32f_C3R_p
20318040   _icvFilterColumn_32f_C4R_p
20318044   _icvFilter_8u_C1R_p
20318048   _icvFilter_8u_C3R_p
2031804c   _icvFilter_8u_C4R_p
20318050   _icvFilter_16s_C1R_p
20318054   _icvFilter_16s_C3R_p
20318058   _icvFilter_16s_C4R_p
2031805c   _icvFilter_32f_C1R_p
20318060   _icvFilter_32f_C3R_p
20318064   _icvFilter_32f_C4R_p
20318068   _icvCopy_8u_C1R_p
2031806c   _icvSet_8u_C1MR_p
20318070   _icvSet_16s_C1MR_p
20318074   _icvSet_8u_C3MR_p
20318078   _icvSet_8u_C4MR_p
2031807c   _icvSet_16s_C3MR_p
20318080   _icvSet_16s_C4MR_p
20318084   _icvSet_32f_C3MR_p
20318088   _icvSet_32f_C4MR_p
2031808c   _icvSet_64s_C3MR_p
20318090   _icvSet_64s_C4MR_p
20318094   _icvCopy_8u_C1MR_p
20318098   _icvCopy_16s_C1MR_p
2031809c   _icvCopy_8u_C3MR_p
203180a0   _icvCopy_8u_C4MR_p
203180a4   _icvCopy_16s_C3MR_p
203180a8   _icvCopy_16s_C4MR_p
203180ac   _icvCopy_32f_C3MR_p
203180b0   _icvCopy_32f_C4MR_p
203180b4   _icvCopy_64s_C3MR_p
203180b8   _icvCopy_64s_C4MR_p
203180bc   _icvSetByte_8u_C1R_p
203180cc   _icvMean_8u_C1MR_p
203180d0   _icvMean_8u_C2MR_p
203180d4   _icvMean_8u_C3MR_p
203180d8   _icvMean_8u_C4MR_p
203180dc   _icvMean_16u_C1MR_p
203180e0   _icvMean_16u_C2MR_p
203180e4   _icvMean_16u_C3MR_p
203180e8   _icvMean_16u_C4MR_p
203180ec   _icvMean_16s_C1MR_p
203180f0   _icvMean_16s_C2MR_p
203180f4   _icvMean_16s_C3MR_p
203180f8   _icvMean_16s_C4MR_p
203180fc   _icvMean_32s_C1MR_p
20318100   _icvMean_32s_C2MR_p
20318104   _icvMean_32s_C3MR_p
20318108   _icvMean_32s_C4MR_p
2031810c   _icvMean_32f_C1MR_p
20318110   _icvMean_32f_C2MR_p
20318114   _icvMean_32f_C3MR_p
20318118   _icvMean_32f_C4MR_p
2031811c   _icvMean_64f_C1MR_p
20318120   _icvMean_64f_C2MR_p
20318124   _icvMean_64f_C3MR_p
20318128   _icvMean_64f_C4MR_p
20318130   _icvAdd_8u_C1R_p
20318134   _icvAdd_16u_C1R_p
20318138   _icvAdd_16s_C1R_p
2031813c   _icvAdd_32s_C1R_p
20318140   _icvAdd_32f_C1R_p
20318144   _icvAdd_64f_C1R_p
20318148   _icvSub_8u_C1R_p
2031814c   _icvSub_16u_C1R_p
20318150   _icvSub_16s_C1R_p
20318154   _icvSub_32s_C1R_p
20318158   _icvSub_32f_C1R_p
2031815c   _icvSub_64f_C1R_p
2031817c   _icvCopyReplicateBorder_8u_C1R_p
20318180   _icvCopyReplicateBorder_16s_C1R_p
20318184   _icvCopyReplicateBorder_8u_C3R_p
20318188   _icvCopyReplicateBorder_32s_C1R_p
2031818c   _icvCopyReplicateBorder_16s_C3R_p
20318190   _icvCopyReplicateBorder_16s_C4R_p
20318194   _icvCopyReplicateBorder_32s_C3R_p
20318198   _icvCopyReplicateBorder_32s_C4R_p
2031819c   _icvCopyReplicateBorder_8u_C1IR_p
203181a0   _icvCopyReplicateBorder_16s_C1IR_p
203181a4   _icvCopyReplicateBorder_8u_C3IR_p
203181a8   _icvCopyReplicateBorder_32s_C1IR_p
203181ac   _icvCopyReplicateBorder_16s_C3IR_p
203181b0   _icvCopyReplicateBorder_16s_C4IR_p
203181b4   _icvCopyReplicateBorder_32s_C3IR_p
203181b8   _icvCopyReplicateBorder_32s_C4IR_p
203181bc   _icvMinMaxIndx_8u_C1R_p
203181c0   _icvMinMaxIndx_16u_C1R_p
203181c4   _icvMinMaxIndx_16s_C1R_p
203181c8   _icvMinMaxIndx_32s_C1R_p
203181cc   _icvMinMaxIndx_32f_C1R_p
203181d0   _icvMinMaxIndx_64f_C1R_p
203181d4   _icvMinMaxIndx_8u_C1MR_p
203181d8   _icvMinMaxIndx_16u_C1MR_p
203181dc   _icvMinMaxIndx_16s_C1MR_p
203181e0   _icvMinMaxIndx_32s_C1MR_p
203181e4   _icvMinMaxIndx_32f_C1MR_p
203181e8   _icvMinMaxIndx_64f_C1MR_p
203181f0   _icvPyrDown_Gauss5x5_8u_C1R_p
203181f4   _icvPyrDown_Gauss5x5_8u_C3R_p
203181f8   _icvPyrDown_Gauss5x5_32f_C1R_p
203181fc   _icvPyrDown_Gauss5x5_32f_C3R_p
20318200   _icvPyrUp_Gauss5x5_8u_C1R_p
20318204   _icvPyrUp_Gauss5x5_8u_C3R_p
20318208   _icvPyrUp_Gauss5x5_32f_C1R_p
2031820c   _icvPyrUp_Gauss5x5_32f_C3R_p
20318210   _icvPyrUpGetBufSize_Gauss5x5_p
20318214   _icvPyrDownGetBufSize_Gauss5x5_p
20318220   _icvCrossCorrValid_Norm_8u32f_C1R_p
20318224   _icvCrossCorrValid_NormLevel_8u32f_C1R_p
20318228   _icvSqrDistanceValid_Norm_8u32f_C1R_p
2031822c   _icvCrossCorrValid_Norm_32f_C1R_p
20318230   _icvCrossCorrValid_NormLevel_32f_C1R_p
20318234   _icvSqrDistanceValid_Norm_32f_C1R_p
20318238   _first__6CvType
2031823c   _last__6CvType
20318244   _icvCannyGetSize_p
20318248   _icvCanny_16s8u_C1R_p
20318254   ___end__
20318254   end
203186c8   __CIOBUF_
ffffffff   ___TI_pprof_out_hndl
ffffffff   ___TI_prof_data_size
ffffffff   ___TI_prof_data_start
ffffffff   ___binit__
ffffffff   ___c_args__
ffffffff   binit

[1103 symbols]
